[2026-06-08 00:31:18] === sessão iniciada — log: C:\Users\Araújo Notebook\Documents\GitHub\Intrusion-Detection-System-Using-Machine-Learning\results\logs\supervised_merged_can_paper_phases1-6_20260608_003118.log ===
[2026-06-08 00:31:18] intermediate-dir: C:\Users\Araújo Notebook\Documents\GitHub\Intrusion-Detection-System-Using-Machine-Learning\data\pipeline_can_merged
[2026-06-08 00:31:18] protocolo: can_paper | ramo: supervised | perfil: merged
[2026-06-08 00:31:18] fases: 1-6 (1, 2, 4, 6)
[2026-06-08 00:31:18] -> [fase 1 - 1/4] Carregamento e pré-processamento ...
[2026-06-08 00:31:18] >> C:\Users\Araújo Notebook\Documents\GitHub\Intrusion-Detection-System-Using-Machine-Learning\.venv\Scripts\python.exe -m mth_ids_pipeline.phases.phase01_load_preprocess --report-dir C:\Users\Araújo Notebook\Documents\GitHub\Intrusion-Detection-System-Using-Machine-Learning\data\pipeline_can_merged\phase_reports --intermediate-dir C:\Users\Araújo Notebook\Documents\GitHub\Intrusion-Detection-System-Using-Machine-Learning\data\pipeline_can_merged --input C:\Users\Araújo Notebook\Documents\GitHub\Intrusion-Detection-System-Using-Machine-Learning\data\CAN_Intrusion_Dataset.csv
Carregando dataset: C:\Users\Araújo Notebook\Documents\GitHub\Intrusion-Detection-System-Using-Machine-Learning\data\CAN_Intrusion_Dataset.csv
Label
BENIGN           2268519
Impersonation     995472
DoS               645785
Fuzzy             579909
Name: count, dtype: int64
Dataset carregado em 2.98s
Shape original: (4489685, 10)
Pré-processamento concluído. Shape final: (4489685, 10)
Salvando arquivo parquet...
Arquivo salvo em: C:\Users\Araújo Notebook\Documents\GitHub\Intrusion-Detection-System-Using-Machine-Learning\data\pipeline_can_merged\01_preprocessed.parquet
Tempo de salvamento: 1.23s
Tempo total do pipeline: 4.95s
Relatorio salvo em: C:\Users\Araújo Notebook\Documents\GitHub\Intrusion-Detection-System-Using-Machine-Learning\data\pipeline_can_merged\phase_reports\phase01_load_preprocess.json
[2026-06-08 00:31:24] OK fase 1 concluida em 6.4s
[2026-06-08 00:31:24] -> [fase 2 - 2/4] Amostragem k-means ...
[2026-06-08 00:31:24] >> C:\Users\Araújo Notebook\Documents\GitHub\Intrusion-Detection-System-Using-Machine-Learning\.venv\Scripts\python.exe -m mth_ids_pipeline.phases.phase02_sample_kmeans --report-dir C:\Users\Araújo Notebook\Documents\GitHub\Intrusion-Detection-System-Using-Machine-Learning\data\pipeline_can_merged\phase_reports --intermediate-dir C:\Users\Araújo Notebook\Documents\GitHub\Intrusion-Detection-System-Using-Machine-Learning\data\pipeline_can_merged --n-clusters 1000 --frac 0.008 --random-state 0 --sample-all-classes
Label
0    18211
3     7924
1     5115
2     4669
Name: count, dtype: int64
Salvo: C:\Users\Araújo Notebook\Documents\GitHub\Intrusion-Detection-System-Using-Machine-Learning\data\pipeline_can_merged\02_sampled_kmeans.parquet shape=(35919, 10)
[2026-06-08 00:31:30] OK fase 2 concluida em 6.3s
[2026-06-08 00:31:30] -> [fase 4 - 3/4] Engenharia de features (IG, FCBF) ...
[2026-06-08 00:31:30] >> C:\Users\Araújo Notebook\Documents\GitHub\Intrusion-Detection-System-Using-Machine-Learning\.venv\Scripts\python.exe -m mth_ids_pipeline.phases.phase04_feature_engineering --report-dir C:\Users\Araújo Notebook\Documents\GitHub\Intrusion-Detection-System-Using-Machine-Learning\data\pipeline_can_merged\phase_reports --intermediate-dir C:\Users\Araújo Notebook\Documents\GitHub\Intrusion-Detection-System-Using-Machine-Learning\data\pipeline_can_merged --fcbf-k 20 --random-state 0 --test-size 0.2 --fcbf-scope train --scale-mode split --ig-cumulative 0.9 --cv-folds 10 --ig-hpo-calls 15 --optimize-ig
BO-GP IG: alpha=0.8115, CV acc=0.8424
Salvo: C:\Users\Araújo Notebook\Documents\GitHub\Intrusion-Detection-System-Using-Machine-Learning\data\pipeline_can_merged\04_train_after_fcbf.parquet (28735, 8)
Salvo: C:\Users\Araújo Notebook\Documents\GitHub\Intrusion-Detection-System-Using-Machine-Learning\data\pipeline_can_merged\04_test_after_fcbf.parquet (7184, 8)
Preprocessores supervisionados salvos: C:\Users\Araújo Notebook\Documents\GitHub\Intrusion-Detection-System-Using-Machine-Learning\data\pipeline_can_merged\models\supervised\manifest.json
[2026-06-08 00:32:10] Sem SMOTE: parquets FCBF copiados para caminhos da fase 5 em C:\Users\Araújo Notebook\Documents\GitHub\Intrusion-Detection-System-Using-Machine-Learning\data\pipeline_can_merged
[2026-06-08 00:32:10] OK fase 4 concluida em 39.3s
[2026-06-08 00:32:10] -> [fase 6 - 4/4] Modelos supervisionados + stacking ...
[2026-06-08 00:32:10] >> C:\Users\Araújo Notebook\Documents\GitHub\Intrusion-Detection-System-Using-Machine-Learning\.venv\Scripts\python.exe -m mth_ids_pipeline.phases.phase06_supervised_models --report-dir C:\Users\Araújo Notebook\Documents\GitHub\Intrusion-Detection-System-Using-Machine-Learning\data\pipeline_can_merged\phase_reports --intermediate-dir C:\Users\Araújo Notebook\Documents\GitHub\Intrusion-Detection-System-Using-Machine-Learning\data\pipeline_can_merged --no-plots --cv-folds 10 --meta-learner best-base --random-state 0 --hpo-on-validation
C:\Users\Araújo Notebook\AppData\Local\Programs\Python\Python313\Lib\multiprocessing\queues.py:120: UserWarning: pkg_resources is deprecated as an API. See https://setuptools.pypa.io/en/latest/pkg_resources.html. The pkg_resources package is slated for removal as early as 2025-11-30. Refrain from using this package or pin to Setuptools<81.
  return _ForkingPickler.loads(res)
C:\Users\Araújo Notebook\AppData\Local\Programs\Python\Python313\Lib\multiprocessing\queues.py:120: UserWarning: pkg_resources is deprecated as an API. See https://setuptools.pypa.io/en/latest/pkg_resources.html. The pkg_resources package is slated for removal as early as 2025-11-30. Refrain from using this package or pin to Setuptools<81.
  return _ForkingPickler.loads(res)
C:\Users\Araújo Notebook\AppData\Local\Programs\Python\Python313\Lib\multiprocessing\queues.py:120: UserWarning: pkg_resources is deprecated as an API. See https://setuptools.pypa.io/en/latest/pkg_resources.html. The pkg_resources package is slated for removal as early as 2025-11-30. Refrain from using this package or pin to Setuptools<81.
  return _ForkingPickler.loads(res)
C:\Users\Araújo Notebook\AppData\Local\Programs\Python\Python313\Lib\multiprocessing\queues.py:120: UserWarning: pkg_resources is deprecated as an API. See https://setuptools.pypa.io/en/latest/pkg_resources.html. The pkg_resources package is slated for removal as early as 2025-11-30. Refrain from using this package or pin to Setuptools<81.
  return _ForkingPickler.loads(res)
C:\Users\Araújo Notebook\AppData\Local\Programs\Python\Python313\Lib\multiprocessing\queues.py:120: UserWarning: pkg_resources is deprecated as an API. See https://setuptools.pypa.io/en/latest/pkg_resources.html. The pkg_resources package is slated for removal as early as 2025-11-30. Refrain from using this package or pin to Setuptools<81.
  return _ForkingPickler.loads(res)
C:\Users\Araújo Notebook\AppData\Local\Programs\Python\Python313\Lib\multiprocessing\queues.py:120: UserWarning: pkg_resources is deprecated as an API. See https://setuptools.pypa.io/en/latest/pkg_resources.html. The pkg_resources package is slated for removal as early as 2025-11-30. Refrain from using this package or pin to Setuptools<81.
  return _ForkingPickler.loads(res)
C:\Users\Araújo Notebook\AppData\Local\Programs\Python\Python313\Lib\multiprocessing\queues.py:120: UserWarning: pkg_resources is deprecated as an API. See https://setuptools.pypa.io/en/latest/pkg_resources.html. The pkg_resources package is slated for removal as early as 2025-11-30. Refrain from using this package or pin to Setuptools<81.
  return _ForkingPickler.loads(res)
C:\Users\Araújo Notebook\AppData\Local\Programs\Python\Python313\Lib\multiprocessing\queues.py:120: UserWarning: pkg_resources is deprecated as an API. See https://setuptools.pypa.io/en/latest/pkg_resources.html. The pkg_resources package is slated for removal as early as 2025-11-30. Refrain from using this package or pin to Setuptools<81.
  return _ForkingPickler.loads(res)
C:\Users\Araújo Notebook\AppData\Local\Programs\Python\Python313\Lib\multiprocessing\queues.py:120: UserWarning: pkg_resources is deprecated as an API. See https://setuptools.pypa.io/en/latest/pkg_resources.html. The pkg_resources package is slated for removal as early as 2025-11-30. Refrain from using this package or pin to Setuptools<81.
  return _ForkingPickler.loads(res)
C:\Users\Araújo Notebook\AppData\Local\Programs\Python\Python313\Lib\multiprocessing\queues.py:120: UserWarning: pkg_resources is deprecated as an API. See https://setuptools.pypa.io/en/latest/pkg_resources.html. The pkg_resources package is slated for removal as early as 2025-11-30. Refrain from using this package or pin to Setuptools<81.
  return _ForkingPickler.loads(res)
C:\Users\Araújo Notebook\AppData\Local\Programs\Python\Python313\Lib\multiprocessing\queues.py:120: UserWarning: pkg_resources is deprecated as an API. See https://setuptools.pypa.io/en/latest/pkg_resources.html. The pkg_resources package is slated for removal as early as 2025-11-30. Refrain from using this package or pin to Setuptools<81.
  return _ForkingPickler.loads(res)
C:\Users\Araújo Notebook\AppData\Local\Programs\Python\Python313\Lib\multiprocessing\queues.py:120: UserWarning: pkg_resources is deprecated as an API. See https://setuptools.pypa.io/en/latest/pkg_resources.html. The pkg_resources package is slated for removal as early as 2025-11-30. Refrain from using this package or pin to Setuptools<81.
  return _ForkingPickler.loads(res)
HPO objetivo: acurácia média em 10-fold CV (treino)
XGBoost HPO best: {'learning_rate': np.float64(-0.3998542359484636), 'max_depth': np.float64(7.0), 'n_estimators': np.float64(25.0)}

=== XGBoost (base) ===
Accuracy: 0.848413140311804
Precision: 0.8626653487104781
Recall: 0.848413140311804
F1: 0.8423987801230344
              precision    recall  f1-score   support

           0       0.80      0.99      0.89      3642
           1       0.93      0.73      0.82      1023
           2       0.91      0.79      0.84       934
           3       0.93      0.63      0.75      1585

    accuracy                           0.85      7184
   macro avg       0.89      0.79      0.83      7184
weighted avg       0.86      0.85      0.84      7184

RandomForest HPO best: {'criterion': np.int64(1), 'max_depth': np.float64(27.0), 'max_features': np.float64(4.0), 'min_samples_leaf': np.float64(6.0), 'min_samples_split': np.float64(10.0), 'n_estimators': np.float64(172.0)}

=== RandomForest (HPO) ===
Accuracy: 0.8506403118040089
Precision: 0.8637247286313662
Recall: 0.8506403118040089
F1: 0.844907741597366
              precision    recall  f1-score   support

           0       0.81      0.99      0.89      3642
           1       0.93      0.75      0.83      1023
           2       0.92      0.79      0.85       934
           3       0.92      0.64      0.75      1585

    accuracy                           0.85      7184
   macro avg       0.89      0.79      0.83      7184
weighted avg       0.86      0.85      0.84      7184

DecisionTree HPO best: {'criterion': np.int64(0), 'max_depth': np.float64(36.0), 'max_features': np.float64(16.0), 'min_samples_leaf': np.float64(7.0), 'min_samples_split': np.float64(11.0)}

=== DecisionTree (HPO) ===
Accuracy: 0.8450723830734966
Precision: 0.8572644841480733
Recall: 0.8450723830734966
F1: 0.8386035354175438
              precision    recall  f1-score   support

           0       0.81      0.99      0.89      3642
           1       0.90      0.75      0.81      1023
           2       0.90      0.79      0.84       934
           3       0.92      0.62      0.74      1585

    accuracy                           0.85      7184
   macro avg       0.88      0.79      0.82      7184
weighted avg       0.86      0.85      0.84      7184

ExtraTrees HPO best: {'criterion': np.int64(0), 'max_depth': np.float64(46.0), 'max_features': np.float64(7.0), 'min_samples_leaf': np.float64(1.0), 'min_samples_split': np.float64(11.0), 'n_estimators': np.float64(127.0)}

=== ExtraTrees (HPO) ===
Accuracy: 0.8507795100222717
Precision: 0.8625829851043211
Recall: 0.8507795100222717
F1: 0.8449054540533841
              precision    recall  f1-score   support

           0       0.81      0.99      0.89      3642
           1       0.91      0.75      0.82      1023
           2       0.91      0.80      0.85       934
           3       0.92      0.64      0.75      1585

    accuracy                           0.85      7184
   macro avg       0.89      0.79      0.83      7184
weighted avg       0.86      0.85      0.84      7184


Stacking meta-learner (best-base): reutilizando 'RandomForest (HPO)'

=== Stacking meta (RandomForest (HPO)) ===
Accuracy: 0.8507795100222717
Precision: 0.8625829851043211
Recall: 0.8507795100222717
F1: 0.8449054540533841
              precision    recall  f1-score   support

           0       0.81      0.99      0.89      3642
           1       0.91      0.75      0.82      1023
           2       0.91      0.80      0.85       934
           3       0.92      0.64      0.75      1585

    accuracy                           0.85      7184
   macro avg       0.89      0.79      0.83      7184
weighted avg       0.86      0.85      0.84      7184


10-fold CV (XGBoost (base)): mean=0.8472 ± 0.0073

10-fold CV (RandomForest (HPO)): mean=0.8469 ± 0.0067

10-fold CV (DecisionTree (HPO)): mean=0.8413 ± 0.0069

10-fold CV (ExtraTrees (HPO)): mean=0.8476 ± 0.0070

10-fold CV (Stacking meta (RandomForest (HPO))): mean=0.8645 ± 0.0062

Métricas salvas em: C:\Users\Araújo Notebook\Documents\GitHub\Intrusion-Detection-System-Using-Machine-Learning\data\pipeline_can_merged\06_supervised_metrics.json
Modelos supervisionados salvos em: C:\Users\Araújo Notebook\Documents\GitHub\Intrusion-Detection-System-Using-Machine-Learning\data\pipeline_can_merged\models\supervised
Relatorio salvo em: C:\Users\Araújo Notebook\Documents\GitHub\Intrusion-Detection-System-Using-Machine-Learning\data\pipeline_can_merged\phase_reports\phase06_supervised_models.json
[2026-06-08 00:37:07] OK fase 6 concluida em 4m57s
[2026-06-08 00:37:07] === sessão concluída ===
