[2026-06-10 12:09:38] === sessão iniciada — log: C:\Users\labou\projects\Intrusion-Detection-System-Using-Machine-Learning\results\logs\supervised_merged_unsw_nb15_phases5-5_20260610_120938.log ===
[2026-06-10 12:09:38] intermediate-dir: C:\Users\labou\projects\Intrusion-Detection-System-Using-Machine-Learning\data\pipeline_unsw_nb15_merged
[2026-06-10 12:09:38] protocolo: unsw_nb15 | ramo: supervised | perfil: merged
[2026-06-10 12:09:38] fases: 5-5 (5)
[2026-06-10 12:09:38] -> [fase 5 - 1/1] SMOTE ...
[2026-06-10 12:09:38] >> C:\Users\labou\projects\Intrusion-Detection-System-Using-Machine-Learning\venv\Scripts\python.exe -m mth_ids_pipeline.phases.phase05_smote --report-dir C:\Users\labou\projects\Intrusion-Detection-System-Using-Machine-Learning\data\pipeline_unsw_nb15_merged\phase_reports --intermediate-dir C:\Users\labou\projects\Intrusion-Detection-System-Using-Machine-Learning\data\pipeline_unsw_nb15_merged --random-state 0 --smote-strategy {"2": 1500, "10": 1500}
Contagem de rótulos no conjunto de treino original:
3     14201
5      3593
0      2142
6      1978
1      1436
7      1383
4      1269
9      1209
8      1105
2       427
10      139
Name: count, dtype: int64
Estratégia SMOTE (rótulo → alvo): {'2 (BruteForce)': 1500, '10 (?)': 1500}
Contagem de rótulos no conjunto de treino após SMOTE:
3     14201
5      3593
0      2142
6      1978
2      1500
10     1500
1      1436
7      1383
4      1269
9      1209
8      1105
Name: count, dtype: int64
Salvo: C:\Users\labou\projects\Intrusion-Detection-System-Using-Machine-Learning\data\pipeline_unsw_nb15_merged\05_train_after_smote.parquet shape=(31316, 21)
Salvo: C:\Users\labou\projects\Intrusion-Detection-System-Using-Machine-Learning\data\pipeline_unsw_nb15_merged\05_test_unchanged.parquet shape=(7221, 21)
Relatorio salvo em: C:\Users\labou\projects\Intrusion-Detection-System-Using-Machine-Learning\data\pipeline_unsw_nb15_merged\phase_reports\phase05_smote.json
[2026-06-10 12:09:44] OK fase 5 concluida em 5.2s
[2026-06-10 12:09:44] === sessão concluída ===
