[2026-06-09 10:23:00] === sessão iniciada — log: C:\Users\labou\projects\Intrusion-Detection-System-Using-Machine-Learning\results\logs\supervised_merged_unsw_nb15_phases6-6_20260609_102300.log ===
[2026-06-09 10:23:00] intermediate-dir: C:\Users\labou\projects\Intrusion-Detection-System-Using-Machine-Learning\data\pipeline_unsw_nb15_merged
[2026-06-09 10:23:00] protocolo: unsw_nb15 | ramo: supervised | perfil: merged
[2026-06-09 10:23:00] fases: 6-6 (6)
[2026-06-09 10:23:00] -> [fase 6 - 1/1] Modelos supervisionados + stacking ...
[2026-06-09 10:23:00] >> C:\Users\labou\projects\Intrusion-Detection-System-Using-Machine-Learning\venv\Scripts\python.exe -m mth_ids_pipeline.phases.phase06_supervised_models --report-dir C:\Users\labou\projects\Intrusion-Detection-System-Using-Machine-Learning\data\pipeline_unsw_nb15_merged\phase_reports --intermediate-dir C:\Users\labou\projects\Intrusion-Detection-System-Using-Machine-Learning\data\pipeline_unsw_nb15_merged --no-plots --cv-folds 10 --meta-learner best-base --random-state 0 --hpo-on-validation
C:\Users\labou\AppData\Local\Python\pythoncore-3.14-64\Lib\multiprocessing\queues.py:120: UserWarning: pkg_resources is deprecated as an API. See https://setuptools.pypa.io/en/latest/pkg_resources.html. The pkg_resources package is slated for removal as early as 2025-11-30. Refrain from using this package or pin to Setuptools<81.
  return _ForkingPickler.loads(res)
C:\Users\labou\AppData\Local\Python\pythoncore-3.14-64\Lib\multiprocessing\queues.py:120: UserWarning: pkg_resources is deprecated as an API. See https://setuptools.pypa.io/en/latest/pkg_resources.html. The pkg_resources package is slated for removal as early as 2025-11-30. Refrain from using this package or pin to Setuptools<81.
  return _ForkingPickler.loads(res)
C:\Users\labou\AppData\Local\Python\pythoncore-3.14-64\Lib\multiprocessing\queues.py:120: UserWarning: pkg_resources is deprecated as an API. See https://setuptools.pypa.io/en/latest/pkg_resources.html. The pkg_resources package is slated for removal as early as 2025-11-30. Refrain from using this package or pin to Setuptools<81.
  return _ForkingPickler.loads(res)
C:\Users\labou\AppData\Local\Python\pythoncore-3.14-64\Lib\multiprocessing\queues.py:120: UserWarning: pkg_resources is deprecated as an API. See https://setuptools.pypa.io/en/latest/pkg_resources.html. The pkg_resources package is slated for removal as early as 2025-11-30. Refrain from using this package or pin to Setuptools<81.
  return _ForkingPickler.loads(res)
C:\Users\labou\AppData\Local\Python\pythoncore-3.14-64\Lib\multiprocessing\queues.py:120: UserWarning: pkg_resources is deprecated as an API. See https://setuptools.pypa.io/en/latest/pkg_resources.html. The pkg_resources package is slated for removal as early as 2025-11-30. Refrain from using this package or pin to Setuptools<81.
  return _ForkingPickler.loads(res)
C:\Users\labou\AppData\Local\Python\pythoncore-3.14-64\Lib\multiprocessing\queues.py:120: UserWarning: pkg_resources is deprecated as an API. See https://setuptools.pypa.io/en/latest/pkg_resources.html. The pkg_resources package is slated for removal as early as 2025-11-30. Refrain from using this package or pin to Setuptools<81.
  return _ForkingPickler.loads(res)
C:\Users\labou\AppData\Local\Python\pythoncore-3.14-64\Lib\multiprocessing\queues.py:120: UserWarning: pkg_resources is deprecated as an API. See https://setuptools.pypa.io/en/latest/pkg_resources.html. The pkg_resources package is slated for removal as early as 2025-11-30. Refrain from using this package or pin to Setuptools<81.
  return _ForkingPickler.loads(res)
C:\Users\labou\AppData\Local\Python\pythoncore-3.14-64\Lib\multiprocessing\queues.py:120: UserWarning: pkg_resources is deprecated as an API. See https://setuptools.pypa.io/en/latest/pkg_resources.html. The pkg_resources package is slated for removal as early as 2025-11-30. Refrain from using this package or pin to Setuptools<81.
  return _ForkingPickler.loads(res)
C:\Users\labou\AppData\Local\Python\pythoncore-3.14-64\Lib\multiprocessing\queues.py:120: UserWarning: pkg_resources is deprecated as an API. See https://setuptools.pypa.io/en/latest/pkg_resources.html. The pkg_resources package is slated for removal as early as 2025-11-30. Refrain from using this package or pin to Setuptools<81.
  return _ForkingPickler.loads(res)
C:\Users\labou\AppData\Local\Python\pythoncore-3.14-64\Lib\multiprocessing\queues.py:120: UserWarning: pkg_resources is deprecated as an API. See https://setuptools.pypa.io/en/latest/pkg_resources.html. The pkg_resources package is slated for removal as early as 2025-11-30. Refrain from using this package or pin to Setuptools<81.
  return _ForkingPickler.loads(res)
C:\Users\labou\AppData\Local\Python\pythoncore-3.14-64\Lib\multiprocessing\queues.py:120: UserWarning: pkg_resources is deprecated as an API. See https://setuptools.pypa.io/en/latest/pkg_resources.html. The pkg_resources package is slated for removal as early as 2025-11-30. Refrain from using this package or pin to Setuptools<81.
  return _ForkingPickler.loads(res)
C:\Users\labou\AppData\Local\Python\pythoncore-3.14-64\Lib\multiprocessing\queues.py:120: UserWarning: pkg_resources is deprecated as an API. See https://setuptools.pypa.io/en/latest/pkg_resources.html. The pkg_resources package is slated for removal as early as 2025-11-30. Refrain from using this package or pin to Setuptools<81.
  return _ForkingPickler.loads(res)
C:\Users\labou\AppData\Local\Python\pythoncore-3.14-64\Lib\multiprocessing\queues.py:120: UserWarning: pkg_resources is deprecated as an API. See https://setuptools.pypa.io/en/latest/pkg_resources.html. The pkg_resources package is slated for removal as early as 2025-11-30. Refrain from using this package or pin to Setuptools<81.
  return _ForkingPickler.loads(res)
C:\Users\labou\AppData\Local\Python\pythoncore-3.14-64\Lib\multiprocessing\queues.py:120: UserWarning: pkg_resources is deprecated as an API. See https://setuptools.pypa.io/en/latest/pkg_resources.html. The pkg_resources package is slated for removal as early as 2025-11-30. Refrain from using this package or pin to Setuptools<81.
  return _ForkingPickler.loads(res)
HPO objetivo: acurácia média em 10-fold CV (treino)
XGBoost HPO best: {'learning_rate': np.float64(-0.3998542359484636), 'max_depth': np.float64(7.0), 'n_estimators': np.float64(25.0)}

=== XGBoost (base) ===
Accuracy: 0.8821673779922063
Precision: 0.8893537280072839
Recall: 0.8821673779922063
F1: 0.8829853013866381
              precision    recall  f1-score   support

           0       0.55      0.60      0.58       535
           1       0.53      0.32      0.40       359
           2       0.37      0.62      0.46       107
           3       1.00      0.99      0.99      3549
           4       0.02      0.04      0.02        26
           5       0.52      0.42      0.46        74
           6       0.48      0.67      0.56        36
           7       0.99      0.98      0.99       344
           8       0.56      0.68      0.61        22
           9       0.96      0.98      0.97       302
          10       0.77      0.94      0.85        35

    accuracy                           0.88      5389
   macro avg       0.61      0.66      0.63      5389
weighted avg       0.89      0.88      0.88      5389

RandomForest HPO best: {'criterion': np.int64(1), 'max_depth': np.float64(20.0), 'max_features': np.float64(8.0), 'min_samples_leaf': np.float64(5.0), 'min_samples_split': np.float64(8.0), 'n_estimators': np.float64(94.0)}

=== RandomForest (HPO) ===
Accuracy: 0.8834663202820561
Precision: 0.8919639749316521
Recall: 0.8834663202820561
F1: 0.8834489151285273
              precision    recall  f1-score   support

           0       0.56      0.61      0.58       535
           1       0.54      0.28      0.37       359
           2       0.39      0.73      0.51       107
           3       1.00      0.99      0.99      3549
           4       0.03      0.08      0.05        26
           5       0.58      0.45      0.50        74
           6       0.43      0.69      0.53        36
           7       1.00      0.98      0.99       344
           8       0.70      0.73      0.71        22
           9       0.96      0.97      0.96       302
          10       0.71      0.97      0.82        35

    accuracy                           0.88      5389
   macro avg       0.63      0.68      0.64      5389
weighted avg       0.89      0.88      0.88      5389

DecisionTree HPO best: {'criterion': np.int64(1), 'max_depth': np.float64(37.0), 'max_features': np.float64(17.0), 'min_samples_leaf': np.float64(2.0), 'min_samples_split': np.float64(7.0)}

=== DecisionTree (HPO) ===
Accuracy: 0.8649100018556318
Precision: 0.8691528772129563
Recall: 0.8649100018556318
F1: 0.8661492566535365
              precision    recall  f1-score   support

           0       0.48      0.53      0.50       535
           1       0.39      0.30      0.34       359
           2       0.22      0.27      0.24       107
           3       1.00      0.99      0.99      3549
           4       0.03      0.08      0.05        26
           5       0.45      0.36      0.40        74
           6       0.59      0.56      0.57        36
           7       0.99      0.98      0.99       344
           8       0.67      0.55      0.60        22
           9       0.98      0.95      0.97       302
          10       0.66      0.89      0.76        35

    accuracy                           0.86      5389
   macro avg       0.59      0.59      0.58      5389
weighted avg       0.87      0.86      0.87      5389

ExtraTrees HPO best: {'criterion': np.int64(0), 'max_depth': np.float64(46.0), 'max_features': np.float64(7.0), 'min_samples_leaf': np.float64(1.0), 'min_samples_split': np.float64(11.0), 'n_estimators': np.float64(127.0)}

=== ExtraTrees (HPO) ===
Accuracy: 0.8699202078307664
Precision: 0.8772913620687304
Recall: 0.8699202078307664
F1: 0.8721211605902194
              precision    recall  f1-score   support

           0       0.50      0.48      0.49       535
           1       0.44      0.34      0.38       359
           2       0.33      0.53      0.41       107
           3       1.00      0.99      0.99      3549
           4       0.02      0.04      0.02        26
           5       0.56      0.45      0.50        74
           6       0.41      0.72      0.52        36
           7       1.00      0.98      0.99       344
           8       0.54      0.59      0.57        22
           9       0.95      0.98      0.96       302
          10       0.72      0.94      0.81        35

    accuracy                           0.87      5389
   macro avg       0.59      0.64      0.60      5389
weighted avg       0.88      0.87      0.87      5389


Stacking meta-learner (best-base): reutilizando 'RandomForest (HPO)'

=== Stacking meta (RandomForest (HPO)) ===
Accuracy: 0.8684357023566525
Precision: 0.8721427453242601
Recall: 0.8684357023566525
F1: 0.8697664965879752
              precision    recall  f1-score   support

           0       0.48      0.51      0.49       535
           1       0.43      0.35      0.39       359
           2       0.23      0.26      0.24       107
           3       0.99      0.99      0.99      3549
           4       0.02      0.04      0.03        26
           5       0.55      0.45      0.49        74
           6       0.43      0.56      0.48        36
           7       1.00      0.98      0.99       344
           8       0.65      0.59      0.62        22
           9       0.96      0.96      0.96       302
          10       0.80      0.91      0.85        35

    accuracy                           0.87      5389
   macro avg       0.59      0.60      0.59      5389
weighted avg       0.87      0.87      0.87      5389


10-fold CV (XGBoost (base)): mean=0.8889 ± 0.0038

10-fold CV (RandomForest (HPO)): mean=0.8852 ± 0.0053

10-fold CV (DecisionTree (HPO)): mean=0.8714 ± 0.0046

10-fold CV (ExtraTrees (HPO)): mean=0.8867 ± 0.0046

10-fold CV (Stacking meta (RandomForest (HPO))): mean=0.9296 ± 0.0036

Métricas salvas em: C:\Users\labou\projects\Intrusion-Detection-System-Using-Machine-Learning\data\pipeline_unsw_nb15_merged\06_supervised_metrics.json
Modelos supervisionados salvos em: C:\Users\labou\projects\Intrusion-Detection-System-Using-Machine-Learning\data\pipeline_unsw_nb15_merged\models\supervised
Relatorio salvo em: C:\Users\labou\projects\Intrusion-Detection-System-Using-Machine-Learning\data\pipeline_unsw_nb15_merged\phase_reports\phase06_supervised_models.json
[2026-06-09 10:36:26] OK fase 6 concluida em 13m25s
[2026-06-09 10:36:26] === sessão concluída ===
