[2026-06-08 22:22:31] === sessão iniciada — log: C:\Users\labou\projects\Intrusion-Detection-System-Using-Machine-Learning\results\logs\supervised_merged_unsw_nb15_phases1-6_20260608_222231.log ===
[2026-06-08 22:22:31] intermediate-dir: C:\Users\labou\projects\Intrusion-Detection-System-Using-Machine-Learning\data\pipeline_unsw_nb15_merged
[2026-06-08 22:22:31] protocolo: unsw_nb15 | ramo: supervised | perfil: merged
[2026-06-08 22:22:31] fases: 1-6 (1, 2, 4, 5, 6)
[2026-06-08 22:22:31] -> [fase 1 - 1/5] Carregamento e pré-processamento ...
[2026-06-08 22:22:31] >> C:\Users\labou\projects\Intrusion-Detection-System-Using-Machine-Learning\venv\Scripts\python.exe -m mth_ids_pipeline.phases.phase01_load_preprocess --report-dir C:\Users\labou\projects\Intrusion-Detection-System-Using-Machine-Learning\data\pipeline_unsw_nb15_merged\phase_reports --intermediate-dir C:\Users\labou\projects\Intrusion-Detection-System-Using-Machine-Learning\data\pipeline_unsw_nb15_merged --input C:\Users\labou\projects\Intrusion-Detection-System-Using-Machine-Learning\data\UNSW-NB15_merged.csv
Carregando dataset: C:\Users\labou\projects\Intrusion-Detection-System-Using-Machine-Learning\data\UNSW-NB15_merged.csv
Label
3     2218764
7      215481
5       44525
6       24246
4       16353
8       13987
0        2677
1        1795
9        1511
2         534
10        174
Name: count, dtype: int64
Dataset carregado em 6.22s
Shape original: (2540047, 44)
Coluna 'ct_ftp_cmd' convertida para numérico (coerce) e valores não numéricos definidos como NaN
Pré-processamento concluído. Shape final: (2540047, 44)
Salvando arquivo parquet...
Arquivo salvo em: C:\Users\labou\projects\Intrusion-Detection-System-Using-Machine-Learning\data\pipeline_unsw_nb15_merged\01_preprocessed.parquet
Tempo de salvamento: 1.60s
Tempo total do pipeline: 11.88s
Relatorio salvo em: C:\Users\labou\projects\Intrusion-Detection-System-Using-Machine-Learning\data\pipeline_unsw_nb15_merged\phase_reports\phase01_load_preprocess.json
[2026-06-08 22:22:45] OK fase 1 concluida em 13.5s
[2026-06-08 22:22:45] -> [fase 2 - 2/5] Amostragem k-means ...
[2026-06-08 22:22:45] >> C:\Users\labou\projects\Intrusion-Detection-System-Using-Machine-Learning\venv\Scripts\python.exe -m mth_ids_pipeline.phases.phase02_sample_kmeans --report-dir C:\Users\labou\projects\Intrusion-Detection-System-Using-Machine-Learning\data\pipeline_unsw_nb15_merged\phase_reports --intermediate-dir C:\Users\labou\projects\Intrusion-Detection-System-Using-Machine-Learning\data\pipeline_unsw_nb15_merged --n-clusters 1000 --frac 0.1 --random-state 0 --minority-labels 0,1,3,4,5,6,7,8,9
[2026-06-08 22:22:47] === sessão encerrada com erro: KeyboardInterrupt:  ===
