[2026-06-05 23:00:18] === sessão iniciada — log: C:\Users\Araújo Notebook\Documents\GitHub\Intrusion-Detection-System-Using-Machine-Learning\data\pipeline_mth_ids_fine\anomaly\loao\attack_2\loao_run.log ===
[2026-06-05 23:00:18] intermediate-dir: C:\Users\Araújo Notebook\Documents\GitHub\Intrusion-Detection-System-Using-Machine-Learning\data\pipeline_mth_ids_fine
[2026-06-05 23:00:18] amostra: C:\Users\Araújo Notebook\Documents\GitHub\Intrusion-Detection-System-Using-Machine-Learning\data\pipeline_mth_ids_fine\02_sampled_kmeans.parquet
[2026-06-05 23:00:18] output-root: C:\Users\Araújo Notebook\Documents\GitHub\Intrusion-Detection-System-Using-Machine-Learning\data\pipeline_mth_ids_fine\anomaly\loao
[2026-06-05 23:00:18] [LOAO 1/1] zero-day: BruteForce (Label=2) | decorrido global 0.0s
[2026-06-05 23:00:18]   -> [fase 7 - 1/5] Partição binária LOAO ...
[2026-06-05 23:00:18] >> C:\Users\Araújo Notebook\AppData\Local\Programs\Python\Python313\python.exe -m mth_ids_pipeline.phases.phase07_anomaly_datasets --intermediate-dir C:\Users\Araújo Notebook\Documents\GitHub\Intrusion-Detection-System-Using-Machine-Learning\data\pipeline_mth_ids_fine --report-dir C:\Users\Araújo Notebook\Documents\GitHub\Intrusion-Detection-System-Using-Machine-Learning\data\pipeline_mth_ids_fine\anomaly\loao\attack_2\reports --work-dir C:\Users\Araújo Notebook\Documents\GitHub\Intrusion-Detection-System-Using-Machine-Learning\data\pipeline_mth_ids_fine\anomaly\loao\attack_2 --attack-label 2
Salvo: C:\Users\Araújo Notebook\Documents\GitHub\Intrusion-Detection-System-Using-Machine-Learning\data\pipeline_mth_ids_fine\anomaly\loao\attack_2\a01_without_portscan.parquet (25757, 79), C:\Users\Araújo Notebook\Documents\GitHub\Intrusion-Detection-System-Using-Machine-Learning\data\pipeline_mth_ids_fine\anomaly\loao\attack_2\a02_portscan_only.parquet (1034, 79)

=== LOAO [fase 7 (split binário)] ===
  treino: rows=25757 labels={'0': 18184, '1': 7573}
  teste:  rows=1034 labels={'1': 1034}
  zero-day=1034 benign_test=0 regra=fase7_zero_day_only
  rótulos originais no treino (pré-binário): {'0': 18184, '1': 1966, '4': 1837, '12': 1507, '10': 1281, '14': 652, '3': 80, '7': 60, '11': 49, '5': 44, '6': 40, '9': 36, '13': 21}
  zero-day label=2 excluído_do_treino=True
Relatorio salvo em: C:\Users\Araújo Notebook\Documents\GitHub\Intrusion-Detection-System-Using-Machine-Learning\data\pipeline_mth_ids_fine\anomaly\loao\attack_2\reports\phase07_anomaly_datasets.json
[2026-06-05 23:00:20]   OK fase 7 concluida em 2.0s
[2026-06-05 23:00:20]   -> [fase 8 - 2/5] Features (Z-score, IG, FCBF, KPCA) ...
[2026-06-05 23:00:20] >> C:\Users\Araújo Notebook\AppData\Local\Programs\Python\Python313\python.exe -m mth_ids_pipeline.phases.phase08_anomaly_features --intermediate-dir C:\Users\Araújo Notebook\Documents\GitHub\Intrusion-Detection-System-Using-Machine-Learning\data\pipeline_mth_ids_fine --report-dir C:\Users\Araújo Notebook\Documents\GitHub\Intrusion-Detection-System-Using-Machine-Learning\data\pipeline_mth_ids_fine\anomaly\loao\attack_2\reports --work-dir C:\Users\Araújo Notebook\Documents\GitHub\Intrusion-Detection-System-Using-Machine-Learning\data\pipeline_mth_ids_fine\anomaly\loao\attack_2 --random-state 0 --feature-fit-scope combined --zscore-scope combined --fcbf-k 20 --kpca-components 10 --kpca-kernel rbf --ig-cumulative 0.9 --cv-folds 10 --ig-hpo-calls 15 --kpca-hpo-calls 15 --optimize-ig --optimize-kpca
[1/5] [####----------------] Dados carregados (fase 7) (+0.1s)

=== LOAO [fase 8 (pré-normalização)] ===
  treino: rows=25757 labels={'0': 18184, '1': 7573}
  teste:  rows=2068 labels={'1': 1034, '0': 1034}
  zero-day=1034 benign_test=1034 regra=paper_table_ix_1_to_1
  rótulos originais no treino (pré-binário): {'0': 18184, '1': 1966, '4': 1837, '12': 1507, '10': 1281, '14': 652, '3': 80, '7': 60, '11': 49, '5': 44, '6': 40, '9': 36, '13': 21}
  zero-day label=2 excluído_do_treino=True
Partição LOAO: treino=(25757, 79), teste=(2068, 79), features=78
[2/5] [########------------] Partição treino/teste (+0.1s)
BO-GP IG (treino LOAO): alpha=0.8719, CV acc=0.9948
BO-GP KPCA: n=18, kernel=sigmoid, CV acc=0.9917
  [KPCA fit treino] shape=(27825, 20), n_components=18
  [KPCA transform combinado] shape=(27825, 18)
[3/5] [############--------] Z-score (combined) + IG + FCBF + KPCA (combinado) (+4660.1s)
[4/5] [################----] Artefatos e parquets salvos (+4660.4s)
Salvo: C:\Users\Araújo Notebook\Documents\GitHub\Intrusion-Detection-System-Using-Machine-Learning\data\pipeline_mth_ids_fine\anomaly\loao\attack_2\a03_combined_normalized.parquet shape=(27825, 79)
Salvo: C:\Users\Araújo Notebook\Documents\GitHub\Intrusion-Detection-System-Using-Machine-Learning\data\pipeline_mth_ids_fine\anomaly\loao\attack_2\a04_after_kpca.parquet shape=(27825, 19)
Meta/partição: C:\Users\Araújo Notebook\Documents\GitHub\Intrusion-Detection-System-Using-Machine-Learning\data\pipeline_mth_ids_fine\anomaly\loao\attack_2\a06_test_slice.json
Relatorio salvo em: C:\Users\Araújo Notebook\Documents\GitHub\Intrusion-Detection-System-Using-Machine-Learning\data\pipeline_mth_ids_fine\anomaly\loao\attack_2\reports\phase08_anomaly_features.json
[5/5] [####################] Relatorio JSON (+4660.5s)
[2026-06-06 00:18:02]   OK fase 8 concluida em 1h17m
[2026-06-06 00:18:02]   -> [fase 9 - 3/5] SMOTE + CL-k-means inicial ...
[2026-06-06 00:18:02] >> C:\Users\Araújo Notebook\AppData\Local\Programs\Python\Python313\python.exe -m mth_ids_pipeline.phases.phase09_anomaly_cluster --intermediate-dir C:\Users\Araújo Notebook\Documents\GitHub\Intrusion-Detection-System-Using-Machine-Learning\data\pipeline_mth_ids_fine --report-dir C:\Users\Araújo Notebook\Documents\GitHub\Intrusion-Detection-System-Using-Machine-Learning\data\pipeline_mth_ids_fine\anomaly\loao\attack_2\reports --work-dir C:\Users\Araújo Notebook\Documents\GitHub\Intrusion-Detection-System-Using-Machine-Learning\data\pipeline_mth_ids_fine\anomaly\loao\attack_2 --random-state 0
Partição LOAO (fase 9): treino=(25757, 18) labels={'0': 18184, '1': 7573} | teste=(2068, 18) labels={'1': 1034, '0': 1034}
SMOTE notebook: classe 1 -> 18184 (alvo = n benignos no treino)
Salvo treino pós-SMOTE: C:\Users\Araújo Notebook\Documents\GitHub\Intrusion-Detection-System-Using-Machine-Learning\data\pipeline_mth_ids_fine\anomaly\loao\attack_2\a05_train_after_smote.parquet
              precision    recall  f1-score   support

           0       0.63      0.94      0.75      1034
           1       0.88      0.45      0.59      1034

    accuracy                           0.69      2068
   macro avg       0.76      0.69      0.67      2068
weighted avg       0.76      0.69      0.67      2068

Accuracy: 0.6939071566731141
CM:
 [[971  63]
 [570 464]]
Relatorio salvo em: C:\Users\Araújo Notebook\Documents\GitHub\Intrusion-Detection-System-Using-Machine-Learning\data\pipeline_mth_ids_fine\anomaly\loao\attack_2\reports\phase09_anomaly_cluster.json
[2026-06-06 00:18:09]   OK fase 9 concluida em 6.1s
[2026-06-06 00:18:09]   -> [fase 10 - 4/5] BO-GP n_clusters ...
[2026-06-06 00:18:09] >> C:\Users\Araújo Notebook\AppData\Local\Programs\Python\Python313\python.exe -m mth_ids_pipeline.phases.phase10_anomaly_cluster_hpo --intermediate-dir C:\Users\Araújo Notebook\Documents\GitHub\Intrusion-Detection-System-Using-Machine-Learning\data\pipeline_mth_ids_fine --report-dir C:\Users\Araújo Notebook\Documents\GitHub\Intrusion-Detection-System-Using-Machine-Learning\data\pipeline_mth_ids_fine\anomaly\loao\attack_2\reports --work-dir C:\Users\Araújo Notebook\Documents\GitHub\Intrusion-Detection-System-Using-Machine-Learning\data\pipeline_mth_ids_fine\anomaly\loao\attack_2 --random-state 0 --n-calls 15 --hpo-metric f1 --metrics euclidean,manhattan,cosine,mahalanobis
Partição KPCA: treino=(25757, 18) labels={'0': 18184, '1': 7573} | teste=(2068, 18) labels={'1': 1034, '0': 1034}
Baseline CL-k-means (n=8, metric=euclidean): f1=0.5945
  trial n=30, metric=mahalanobis: f1=0.8127
  trial n=43, metric=mahalanobis: f1=0.8217
  trial n=32, metric=manhattan: f1=0.7456
  trial n=16, metric=euclidean: f1=0.7827
  trial n=15, metric=manhattan: f1=0.7761
  trial n=41, metric=manhattan: f1=0.7409
  trial n=21, metric=mahalanobis: f1=0.6167
  trial n=18, metric=cosine: f1=0.7898
  trial n=20, metric=mahalanobis: f1=0.7757
  trial n=9, metric=mahalanobis: f1=0.2807
  trial n=2, metric=cosine: f1=0.6697
  trial n=44, metric=mahalanobis: f1=0.6173
  trial n=22, metric=manhattan: f1=0.7683
  trial n=33, metric=mahalanobis: f1=0.6168
  trial n=25, metric=euclidean: f1=0.7494
Melhor n_clusters=43, metric=mahalanobis, f1=0.8217
Avaliação final n=43, metric=mahalanobis: f1=0.8217
Partição LOAO (fase 10): treino=(36368, 18) labels={'0': 18184, '1': 18184} | teste=(2068, 18) labels={'1': 1034, '0': 1034}
Relatório salvo em: C:\Users\Araújo Notebook\Documents\GitHub\Intrusion-Detection-System-Using-Machine-Learning\data\pipeline_mth_ids_fine\anomaly\loao\attack_2\reports\phase10_anomaly_cluster_hpo.json
[2026-06-06 00:18:40]   OK fase 10 concluida em 30.9s
[2026-06-06 00:18:40]   -> [fase 11 - 5/5] Biased B1/B2 ...
[2026-06-06 00:18:40] >> C:\Users\Araújo Notebook\AppData\Local\Programs\Python\Python313\python.exe -m mth_ids_pipeline.phases.phase11_anomaly_biased --intermediate-dir C:\Users\Araújo Notebook\Documents\GitHub\Intrusion-Detection-System-Using-Machine-Learning\data\pipeline_mth_ids_fine --report-dir C:\Users\Araújo Notebook\Documents\GitHub\Intrusion-Detection-System-Using-Machine-Learning\data\pipeline_mth_ids_fine\anomaly\loao\attack_2\reports --work-dir C:\Users\Araújo Notebook\Documents\GitHub\Intrusion-Detection-System-Using-Machine-Learning\data\pipeline_mth_ids_fine\anomaly\loao\attack_2 --random-state 0 --biased-mode both --force-biased --optimize-p-star --p-star-n-calls 15
k automático da fase 10: 43
metric automática da fase 10: mahalanobis
Biased learners: família de 'XGBoost (base)'
Partição KPCA: treino=(25757, 18) labels={'0': 18184, '1': 7573} | teste=(2068, 18) labels={'1': 1034, '0': 1034}
Partição LOAO (fase 11): treino=(36368, 18) labels={'0': 18184, '1': 18184} | teste=(2068, 18) labels={'1': 1034, '0': 1034}
CL-k-means (n=43, metric=mahalanobis): accuracy=0.8206
              precision    recall  f1-score   support

           0       0.82      0.81      0.82      1034
           1       0.82      0.83      0.82      1034

    accuracy                           0.82      2068
   macro avg       0.82      0.82      0.82      2068
weighted avg       0.82      0.82      0.82      2068

DR=0.8269 FAR=0.1857 F1=0.8217

Modo biased selecionado: both
BO-GP p*: melhor=0.5278, F1=0.8229

MTH-IDS anomaly (biased mode=both, p*=0.5277893588855471):
              precision    recall  f1-score   support

           0       0.83      0.82      0.82      1034
           1       0.82      0.83      0.82      1034

    accuracy                           0.82      2068
   macro avg       0.82      0.82      0.82      2068
weighted avg       0.82      0.82      0.82      2068

Acc=0.8221 DR=0.8269 FAR=0.1828 F1=0.8229
CM:
 [[845 189]
 [179 855]]
Relatório salvo em: C:\Users\Araújo Notebook\Documents\GitHub\Intrusion-Detection-System-Using-Machine-Learning\data\pipeline_mth_ids_fine\anomaly\loao\attack_2\reports\phase11_anomaly_biased.json
[2026-06-06 00:18:48]   OK fase 11 concluida em 8.0s
[2026-06-06 00:18:48] Resultado - DR=0.8269, FAR=0.1828, F1=0.8229 | rodada 1h18m | restam 0 nesta execucao
[2026-06-06 00:18:48] === sessão concluída ===
