[2026-06-06 00:19:34] === sessão iniciada — log: C:\Users\Araújo Notebook\Documents\GitHub\Intrusion-Detection-System-Using-Machine-Learning\data\pipeline_mth_ids_fine\anomaly\loao\attack_3\loao_run.log ===
[2026-06-06 00:19:34] intermediate-dir: C:\Users\Araújo Notebook\Documents\GitHub\Intrusion-Detection-System-Using-Machine-Learning\data\pipeline_mth_ids_fine
[2026-06-06 00:19:34] amostra: C:\Users\Araújo Notebook\Documents\GitHub\Intrusion-Detection-System-Using-Machine-Learning\data\pipeline_mth_ids_fine\02_sampled_kmeans.parquet
[2026-06-06 00:19:34] output-root: C:\Users\Araújo Notebook\Documents\GitHub\Intrusion-Detection-System-Using-Machine-Learning\data\pipeline_mth_ids_fine\anomaly\loao
[2026-06-06 00:19:34] [LOAO 1/1] zero-day: DoS (Label=3) | decorrido global 0.0s
[2026-06-06 00:19:34]   -> [fase 7 - 1/5] Partição binária LOAO ...
[2026-06-06 00:19:34] >> C:\Users\Araújo Notebook\AppData\Local\Programs\Python\Python313\python.exe -m mth_ids_pipeline.phases.phase07_anomaly_datasets --intermediate-dir C:\Users\Araújo Notebook\Documents\GitHub\Intrusion-Detection-System-Using-Machine-Learning\data\pipeline_mth_ids_fine --report-dir C:\Users\Araújo Notebook\Documents\GitHub\Intrusion-Detection-System-Using-Machine-Learning\data\pipeline_mth_ids_fine\anomaly\loao\attack_3\reports --work-dir C:\Users\Araújo Notebook\Documents\GitHub\Intrusion-Detection-System-Using-Machine-Learning\data\pipeline_mth_ids_fine\anomaly\loao\attack_3 --attack-label 3
Salvo: C:\Users\Araújo Notebook\Documents\GitHub\Intrusion-Detection-System-Using-Machine-Learning\data\pipeline_mth_ids_fine\anomaly\loao\attack_3\a01_without_portscan.parquet (26711, 79), C:\Users\Araújo Notebook\Documents\GitHub\Intrusion-Detection-System-Using-Machine-Learning\data\pipeline_mth_ids_fine\anomaly\loao\attack_3\a02_portscan_only.parquet (80, 79)

=== LOAO [fase 7 (split binário)] ===
  treino: rows=26711 labels={'0': 18184, '1': 8527}
  teste:  rows=80 labels={'1': 80}
  zero-day=80 benign_test=0 regra=fase7_zero_day_only
  rótulos originais no treino (pré-binário): {'0': 18184, '1': 1966, '4': 1837, '12': 1507, '10': 1281, '2': 1034, '14': 652, '7': 60, '11': 49, '5': 44, '6': 40, '9': 36, '13': 21}
  zero-day label=3 excluído_do_treino=True
Relatorio salvo em: C:\Users\Araújo Notebook\Documents\GitHub\Intrusion-Detection-System-Using-Machine-Learning\data\pipeline_mth_ids_fine\anomaly\loao\attack_3\reports\phase07_anomaly_datasets.json
[2026-06-06 00:19:40]   OK fase 7 concluida em 5.2s
[2026-06-06 00:19:40]   -> [fase 8 - 2/5] Features (Z-score, IG, FCBF, KPCA) ...
[2026-06-06 00:19:40] >> C:\Users\Araújo Notebook\AppData\Local\Programs\Python\Python313\python.exe -m mth_ids_pipeline.phases.phase08_anomaly_features --intermediate-dir C:\Users\Araújo Notebook\Documents\GitHub\Intrusion-Detection-System-Using-Machine-Learning\data\pipeline_mth_ids_fine --report-dir C:\Users\Araújo Notebook\Documents\GitHub\Intrusion-Detection-System-Using-Machine-Learning\data\pipeline_mth_ids_fine\anomaly\loao\attack_3\reports --work-dir C:\Users\Araújo Notebook\Documents\GitHub\Intrusion-Detection-System-Using-Machine-Learning\data\pipeline_mth_ids_fine\anomaly\loao\attack_3 --random-state 0 --feature-fit-scope combined --zscore-scope combined --fcbf-k 20 --kpca-components 10 --kpca-kernel rbf --ig-cumulative 0.9 --cv-folds 10 --ig-hpo-calls 15 --kpca-hpo-calls 15 --optimize-ig --optimize-kpca
[2026-06-06 00:29:49] === sessão encerrada com erro: KeyboardInterrupt:  ===
[2026-06-06 00:32:34] === sessão iniciada — log: C:\Users\Araújo Notebook\Documents\GitHub\Intrusion-Detection-System-Using-Machine-Learning\data\pipeline_mth_ids_fine\anomaly\loao\attack_3\loao_run.log ===
[2026-06-06 00:32:34] intermediate-dir: C:\Users\Araújo Notebook\Documents\GitHub\Intrusion-Detection-System-Using-Machine-Learning\data\pipeline_mth_ids_fine
[2026-06-06 00:32:34] amostra: C:\Users\Araújo Notebook\Documents\GitHub\Intrusion-Detection-System-Using-Machine-Learning\data\pipeline_mth_ids_fine\02_sampled_kmeans.parquet
[2026-06-06 00:32:34] output-root: C:\Users\Araújo Notebook\Documents\GitHub\Intrusion-Detection-System-Using-Machine-Learning\data\pipeline_mth_ids_fine\anomaly\loao
[2026-06-06 00:32:34] [LOAO 1/12] zero-day: DoS GoldenEye (Label=3) | decorrido global 0.0s
[2026-06-06 00:32:34]   -> [fase 7 - 1/5] Partição binária LOAO ...
[2026-06-06 00:32:34] >> C:\Users\Araújo Notebook\AppData\Local\Programs\Python\Python313\python.exe -m mth_ids_pipeline.phases.phase07_anomaly_datasets --intermediate-dir C:\Users\Araújo Notebook\Documents\GitHub\Intrusion-Detection-System-Using-Machine-Learning\data\pipeline_mth_ids_fine --report-dir C:\Users\Araújo Notebook\Documents\GitHub\Intrusion-Detection-System-Using-Machine-Learning\data\pipeline_mth_ids_fine\anomaly\loao\attack_3\reports --work-dir C:\Users\Araújo Notebook\Documents\GitHub\Intrusion-Detection-System-Using-Machine-Learning\data\pipeline_mth_ids_fine\anomaly\loao\attack_3 --attack-label 3
Salvo: C:\Users\Araújo Notebook\Documents\GitHub\Intrusion-Detection-System-Using-Machine-Learning\data\pipeline_mth_ids_fine\anomaly\loao\attack_3\a01_without_portscan.parquet (26711, 79), C:\Users\Araújo Notebook\Documents\GitHub\Intrusion-Detection-System-Using-Machine-Learning\data\pipeline_mth_ids_fine\anomaly\loao\attack_3\a02_portscan_only.parquet (80, 79)

=== LOAO [fase 7 (split binário)] ===
  treino: rows=26711 labels={'0': 18184, '1': 8527}
  teste:  rows=80 labels={'1': 80}
  zero-day=80 benign_test=0 regra=fase7_zero_day_only
  rótulos originais no treino (pré-binário): {'0': 18184, '1': 1966, '4': 1837, '12': 1507, '10': 1281, '2': 1034, '14': 652, '7': 60, '11': 49, '5': 44, '6': 40, '9': 36, '13': 21}
  zero-day label=3 excluído_do_treino=True
Relatorio salvo em: C:\Users\Araújo Notebook\Documents\GitHub\Intrusion-Detection-System-Using-Machine-Learning\data\pipeline_mth_ids_fine\anomaly\loao\attack_3\reports\phase07_anomaly_datasets.json
[2026-06-06 00:32:36]   OK fase 7 concluida em 2.1s
[2026-06-06 00:32:36]   -> [fase 8 - 2/5] Features (Z-score, IG, FCBF, KPCA) ...
[2026-06-06 00:32:36] >> C:\Users\Araújo Notebook\AppData\Local\Programs\Python\Python313\python.exe -m mth_ids_pipeline.phases.phase08_anomaly_features --intermediate-dir C:\Users\Araújo Notebook\Documents\GitHub\Intrusion-Detection-System-Using-Machine-Learning\data\pipeline_mth_ids_fine --report-dir C:\Users\Araújo Notebook\Documents\GitHub\Intrusion-Detection-System-Using-Machine-Learning\data\pipeline_mth_ids_fine\anomaly\loao\attack_3\reports --work-dir C:\Users\Araújo Notebook\Documents\GitHub\Intrusion-Detection-System-Using-Machine-Learning\data\pipeline_mth_ids_fine\anomaly\loao\attack_3 --random-state 0 --feature-fit-scope combined --zscore-scope combined --fcbf-k 20 --kpca-components 10 --kpca-kernel rbf --ig-cumulative 0.9 --cv-folds 10 --ig-hpo-calls 15 --kpca-hpo-calls 15 --optimize-ig --optimize-kpca
[1/5] [####----------------] Dados carregados (fase 7) (+0.1s)

=== LOAO [fase 8 (pré-normalização)] ===
  treino: rows=26711 labels={'0': 18184, '1': 8527}
  teste:  rows=160 labels={'1': 80, '0': 80}
  zero-day=80 benign_test=80 regra=paper_table_ix_1_to_1
  rótulos originais no treino (pré-binário): {'0': 18184, '1': 1966, '4': 1837, '12': 1507, '10': 1281, '2': 1034, '14': 652, '7': 60, '11': 49, '5': 44, '6': 40, '9': 36, '13': 21}
  zero-day label=3 excluído_do_treino=True
Partição LOAO: treino=(26711, 79), teste=(160, 79), features=78
[2/5] [########------------] Partição treino/teste (+0.1s)
BO-GP IG (treino LOAO): alpha=0.8719, CV acc=0.9950
BO-GP KPCA: n=18, kernel=sigmoid, CV acc=0.9947
  [KPCA fit treino] shape=(26871, 20), n_components=18
  [KPCA transform combinado] shape=(26871, 18)
[3/5] [############--------] Z-score (combined) + IG + FCBF + KPCA (combinado) (+4564.9s)
[4/5] [################----] Artefatos e parquets salvos (+4565.1s)
Salvo: C:\Users\Araújo Notebook\Documents\GitHub\Intrusion-Detection-System-Using-Machine-Learning\data\pipeline_mth_ids_fine\anomaly\loao\attack_3\a03_combined_normalized.parquet shape=(26871, 79)
Salvo: C:\Users\Araújo Notebook\Documents\GitHub\Intrusion-Detection-System-Using-Machine-Learning\data\pipeline_mth_ids_fine\anomaly\loao\attack_3\a04_after_kpca.parquet shape=(26871, 19)
Meta/partição: C:\Users\Araújo Notebook\Documents\GitHub\Intrusion-Detection-System-Using-Machine-Learning\data\pipeline_mth_ids_fine\anomaly\loao\attack_3\a06_test_slice.json
Relatorio salvo em: C:\Users\Araújo Notebook\Documents\GitHub\Intrusion-Detection-System-Using-Machine-Learning\data\pipeline_mth_ids_fine\anomaly\loao\attack_3\reports\phase08_anomaly_features.json
[5/5] [####################] Relatorio JSON (+4565.1s)
[2026-06-06 01:48:43]   OK fase 8 concluida em 1h16m
[2026-06-06 01:48:43]   -> [fase 9 - 3/5] SMOTE + CL-k-means inicial ...
[2026-06-06 01:48:43] >> C:\Users\Araújo Notebook\AppData\Local\Programs\Python\Python313\python.exe -m mth_ids_pipeline.phases.phase09_anomaly_cluster --intermediate-dir C:\Users\Araújo Notebook\Documents\GitHub\Intrusion-Detection-System-Using-Machine-Learning\data\pipeline_mth_ids_fine --report-dir C:\Users\Araújo Notebook\Documents\GitHub\Intrusion-Detection-System-Using-Machine-Learning\data\pipeline_mth_ids_fine\anomaly\loao\attack_3\reports --work-dir C:\Users\Araújo Notebook\Documents\GitHub\Intrusion-Detection-System-Using-Machine-Learning\data\pipeline_mth_ids_fine\anomaly\loao\attack_3 --random-state 0
Partição LOAO (fase 9): treino=(26711, 18) labels={'0': 18184, '1': 8527} | teste=(160, 18) labels={'1': 80, '0': 80}
SMOTE notebook: classe 1 -> 18184 (alvo = n benignos no treino)
Salvo treino pós-SMOTE: C:\Users\Araújo Notebook\Documents\GitHub\Intrusion-Detection-System-Using-Machine-Learning\data\pipeline_mth_ids_fine\anomaly\loao\attack_3\a05_train_after_smote.parquet
              precision    recall  f1-score   support

           0       0.62      0.96      0.75        80
           1       0.92      0.41      0.57        80

    accuracy                           0.69       160
   macro avg       0.77      0.69      0.66       160
weighted avg       0.77      0.69      0.66       160

Accuracy: 0.6875
CM:
 [[77  3]
 [47 33]]
Relatorio salvo em: C:\Users\Araújo Notebook\Documents\GitHub\Intrusion-Detection-System-Using-Machine-Learning\data\pipeline_mth_ids_fine\anomaly\loao\attack_3\reports\phase09_anomaly_cluster.json
[2026-06-06 01:48:48]   OK fase 9 concluida em 4.2s
[2026-06-06 01:48:48]   -> [fase 10 - 4/5] BO-GP n_clusters ...
[2026-06-06 01:48:48] >> C:\Users\Araújo Notebook\AppData\Local\Programs\Python\Python313\python.exe -m mth_ids_pipeline.phases.phase10_anomaly_cluster_hpo --intermediate-dir C:\Users\Araújo Notebook\Documents\GitHub\Intrusion-Detection-System-Using-Machine-Learning\data\pipeline_mth_ids_fine --report-dir C:\Users\Araújo Notebook\Documents\GitHub\Intrusion-Detection-System-Using-Machine-Learning\data\pipeline_mth_ids_fine\anomaly\loao\attack_3\reports --work-dir C:\Users\Araújo Notebook\Documents\GitHub\Intrusion-Detection-System-Using-Machine-Learning\data\pipeline_mth_ids_fine\anomaly\loao\attack_3 --random-state 0 --n-calls 15 --hpo-metric f1 --metrics euclidean,manhattan,cosine,mahalanobis
Partição KPCA: treino=(26711, 18) labels={'0': 18184, '1': 8527} | teste=(160, 18) labels={'1': 80, '0': 80}
Baseline CL-k-means (n=8, metric=euclidean): f1=0.5690
  trial n=30, metric=mahalanobis: f1=0.5294
  trial n=43, metric=mahalanobis: f1=0.5000
  trial n=32, metric=manhattan: f1=0.6389
  trial n=16, metric=euclidean: f1=0.5481
  trial n=15, metric=manhattan: f1=0.3559
  trial n=41, metric=manhattan: f1=0.7750
  trial n=21, metric=mahalanobis: f1=0.7654
  trial n=18, metric=cosine: f1=0.9241
  trial n=20, metric=mahalanobis: f1=0.4697
  trial n=9, metric=mahalanobis: f1=0.7328
  trial n=24, metric=euclidean: f1=0.7826
  trial n=18, metric=cosine: f1=0.9241
  trial n=31, metric=mahalanobis: f1=0.7143
  trial n=12, metric=manhattan: f1=0.2957
  trial n=38, metric=cosine: f1=0.4651
Melhor n_clusters=18, metric=cosine, f1=0.9241
Avaliação final n=18, metric=cosine: f1=0.9241
Partição LOAO (fase 10): treino=(36368, 18) labels={'0': 18184, '1': 18184} | teste=(160, 18) labels={'1': 80, '0': 80}
Relatório salvo em: C:\Users\Araújo Notebook\Documents\GitHub\Intrusion-Detection-System-Using-Machine-Learning\data\pipeline_mth_ids_fine\anomaly\loao\attack_3\reports\phase10_anomaly_cluster_hpo.json
[2026-06-06 01:49:13]   OK fase 10 concluida em 25.0s
[2026-06-06 01:49:13]   -> [fase 11 - 5/5] Biased B1/B2 ...
[2026-06-06 01:49:13] >> C:\Users\Araújo Notebook\AppData\Local\Programs\Python\Python313\python.exe -m mth_ids_pipeline.phases.phase11_anomaly_biased --intermediate-dir C:\Users\Araújo Notebook\Documents\GitHub\Intrusion-Detection-System-Using-Machine-Learning\data\pipeline_mth_ids_fine --report-dir C:\Users\Araújo Notebook\Documents\GitHub\Intrusion-Detection-System-Using-Machine-Learning\data\pipeline_mth_ids_fine\anomaly\loao\attack_3\reports --work-dir C:\Users\Araújo Notebook\Documents\GitHub\Intrusion-Detection-System-Using-Machine-Learning\data\pipeline_mth_ids_fine\anomaly\loao\attack_3 --random-state 0 --biased-mode both --force-biased --optimize-p-star --p-star-n-calls 15
k automático da fase 10: 18
metric automática da fase 10: cosine
Biased learners: família de 'XGBoost (base)'
Partição KPCA: treino=(26711, 18) labels={'0': 18184, '1': 8527} | teste=(160, 18) labels={'1': 80, '0': 80}
Partição LOAO (fase 11): treino=(36368, 18) labels={'0': 18184, '1': 18184} | teste=(160, 18) labels={'1': 80, '0': 80}
CL-k-means (n=18, metric=cosine): accuracy=0.9250
              precision    recall  f1-score   support

           0       0.91      0.94      0.93        80
           1       0.94      0.91      0.92        80

    accuracy                           0.93       160
   macro avg       0.93      0.93      0.92       160
weighted avg       0.93      0.93      0.92       160

DR=0.9125 FAR=0.0625 F1=0.9241

Modo biased selecionado: both
BO-GP p*: melhor=0.5000, F1=0.9241

MTH-IDS anomaly (biased mode=both, p*=0.5):
              precision    recall  f1-score   support

           0       0.91      0.94      0.93        80
           1       0.94      0.91      0.92        80

    accuracy                           0.93       160
   macro avg       0.93      0.93      0.92       160
weighted avg       0.93      0.93      0.92       160

Acc=0.9250 DR=0.9125 FAR=0.0625 F1=0.9241
CM:
 [[75  5]
 [ 7 73]]
Relatório salvo em: C:\Users\Araújo Notebook\Documents\GitHub\Intrusion-Detection-System-Using-Machine-Learning\data\pipeline_mth_ids_fine\anomaly\loao\attack_3\reports\phase11_anomaly_biased.json
[2026-06-06 01:49:18]   OK fase 11 concluida em 4.9s
[2026-06-06 01:49:18] Resultado - DR=0.9125, FAR=0.0625, F1=0.9241 | rodada 1h16m | restam 11 nesta execucao
[2026-06-06 01:49:18] === sessão concluída ===
