[2026-06-07 02:29:41] === sessão iniciada — log: C:\Users\Araújo Notebook\Documents\GitHub\Intrusion-Detection-System-Using-Machine-Learning\data\pipeline_mth_ids_fine\anomaly\loao\attack_9\loao_run.log ===
[2026-06-07 02:29:41] intermediate-dir: C:\Users\Araújo Notebook\Documents\GitHub\Intrusion-Detection-System-Using-Machine-Learning\data\pipeline_mth_ids_fine
[2026-06-07 02:29:41] amostra: C:\Users\Araújo Notebook\Documents\GitHub\Intrusion-Detection-System-Using-Machine-Learning\data\pipeline_mth_ids_fine\02_sampled_kmeans.parquet
[2026-06-07 02:29:41] output-root: C:\Users\Araújo Notebook\Documents\GitHub\Intrusion-Detection-System-Using-Machine-Learning\data\pipeline_mth_ids_fine\anomaly\loao
[2026-06-07 02:29:41] [LOAO 2/2] zero-day: Infiltration (Label=9) | decorrido global 1h09m
[2026-06-07 02:29:41]   -> [fase 7 - 1/5] Partição binária LOAO ...
[2026-06-07 02:29:41] >> C:\Users\Araújo Notebook\Documents\GitHub\Intrusion-Detection-System-Using-Machine-Learning\.venv\Scripts\python.exe -m mth_ids_pipeline.phases.phase07_anomaly_datasets --intermediate-dir C:\Users\Araújo Notebook\Documents\GitHub\Intrusion-Detection-System-Using-Machine-Learning\data\pipeline_mth_ids_fine --report-dir C:\Users\Araújo Notebook\Documents\GitHub\Intrusion-Detection-System-Using-Machine-Learning\data\pipeline_mth_ids_fine\anomaly\loao\attack_9\reports --work-dir C:\Users\Araújo Notebook\Documents\GitHub\Intrusion-Detection-System-Using-Machine-Learning\data\pipeline_mth_ids_fine\anomaly\loao\attack_9 --attack-label 9
Salvo: C:\Users\Araújo Notebook\Documents\GitHub\Intrusion-Detection-System-Using-Machine-Learning\data\pipeline_mth_ids_fine\anomaly\loao\attack_9\a01_without_portscan.parquet (26773, 79), C:\Users\Araújo Notebook\Documents\GitHub\Intrusion-Detection-System-Using-Machine-Learning\data\pipeline_mth_ids_fine\anomaly\loao\attack_9\a02_portscan_only.parquet (36, 79)

=== LOAO [fase 7 (split binário)] ===
  treino: rows=26773 labels={'0': 18181, '1': 8592}
  teste:  rows=36 labels={'1': 36}
  zero-day=36 benign_test=0 regra=fase7_zero_day_only
  rótulos originais no treino (pré-binário): {'0': 18181, '1': 1966, '4': 1853, '12': 1507, '10': 1280, '2': 1034, '14': 652, '3': 80, '7': 61, '11': 43, '6': 42, '5': 42, '13': 21, '8': 11}
  zero-day label=9 excluído_do_treino=True
Relatorio salvo em: C:\Users\Araújo Notebook\Documents\GitHub\Intrusion-Detection-System-Using-Machine-Learning\data\pipeline_mth_ids_fine\anomaly\loao\attack_9\reports\phase07_anomaly_datasets.json
[2026-06-07 02:29:42]   OK fase 7 concluida em 1.8s
[2026-06-07 02:29:42]   -> [fase 8 - 2/5] Features (Z-score, IG, FCBF, KPCA) ...
[2026-06-07 02:29:42] >> C:\Users\Araújo Notebook\Documents\GitHub\Intrusion-Detection-System-Using-Machine-Learning\.venv\Scripts\python.exe -m mth_ids_pipeline.phases.phase08_anomaly_features --intermediate-dir C:\Users\Araújo Notebook\Documents\GitHub\Intrusion-Detection-System-Using-Machine-Learning\data\pipeline_mth_ids_fine --report-dir C:\Users\Araújo Notebook\Documents\GitHub\Intrusion-Detection-System-Using-Machine-Learning\data\pipeline_mth_ids_fine\anomaly\loao\attack_9\reports --work-dir C:\Users\Araújo Notebook\Documents\GitHub\Intrusion-Detection-System-Using-Machine-Learning\data\pipeline_mth_ids_fine\anomaly\loao\attack_9 --random-state 0 --feature-fit-scope combined --zscore-scope combined --fcbf-k 20 --kpca-components 10 --kpca-kernel rbf --ig-cumulative 0.9 --cv-folds 10 --ig-hpo-calls 15 --kpca-hpo-calls 15 --optimize-ig --optimize-kpca
[1/5] [####----------------] Dados carregados (fase 7) (+0.1s)

=== LOAO [fase 8 (pré-normalização)] ===
  treino: rows=26773 labels={'0': 18181, '1': 8592}
  teste:  rows=72 labels={'1': 36, '0': 36}
  zero-day=36 benign_test=36 regra=paper_table_ix_1_to_1
  rótulos originais no treino (pré-binário): {'0': 18181, '1': 1966, '4': 1853, '12': 1507, '10': 1280, '2': 1034, '14': 652, '3': 80, '7': 61, '11': 43, '6': 42, '5': 42, '13': 21, '8': 11}
  zero-day label=9 excluído_do_treino=True
Partição LOAO: treino=(26773, 79), teste=(72, 79), features=78
[2/5] [########------------] Partição treino/teste (+0.1s)
BO-GP IG (treino LOAO): alpha=0.8719, CV acc=0.9957
BO-GP KPCA: n=20, kernel=sigmoid, CV acc=0.9937
  [KPCA fit treino] shape=(26845, 20), n_components=20
  [KPCA transform combinado] shape=(26845, 20)
[3/5] [############--------] Z-score (combined) + IG + FCBF + KPCA (combinado) (+4523.8s)
[4/5] [################----] Artefatos e parquets salvos (+4524.0s)
Salvo: C:\Users\Araújo Notebook\Documents\GitHub\Intrusion-Detection-System-Using-Machine-Learning\data\pipeline_mth_ids_fine\anomaly\loao\attack_9\a03_combined_normalized.parquet shape=(26845, 79)
Salvo: C:\Users\Araújo Notebook\Documents\GitHub\Intrusion-Detection-System-Using-Machine-Learning\data\pipeline_mth_ids_fine\anomaly\loao\attack_9\a04_after_kpca.parquet shape=(26845, 21)
Meta/partição: C:\Users\Araújo Notebook\Documents\GitHub\Intrusion-Detection-System-Using-Machine-Learning\data\pipeline_mth_ids_fine\anomaly\loao\attack_9\a06_test_slice.json
Relatorio salvo em: C:\Users\Araújo Notebook\Documents\GitHub\Intrusion-Detection-System-Using-Machine-Learning\data\pipeline_mth_ids_fine\anomaly\loao\attack_9\reports\phase08_anomaly_features.json
[5/5] [####################] Relatorio JSON (+4524.0s)
[2026-06-07 03:45:08]   OK fase 8 concluida em 1h15m
[2026-06-07 03:45:08]   -> [fase 9 - 3/5] SMOTE + CL-k-means inicial ...
[2026-06-07 03:45:08] >> C:\Users\Araújo Notebook\Documents\GitHub\Intrusion-Detection-System-Using-Machine-Learning\.venv\Scripts\python.exe -m mth_ids_pipeline.phases.phase09_anomaly_cluster --intermediate-dir C:\Users\Araújo Notebook\Documents\GitHub\Intrusion-Detection-System-Using-Machine-Learning\data\pipeline_mth_ids_fine --report-dir C:\Users\Araújo Notebook\Documents\GitHub\Intrusion-Detection-System-Using-Machine-Learning\data\pipeline_mth_ids_fine\anomaly\loao\attack_9\reports --work-dir C:\Users\Araújo Notebook\Documents\GitHub\Intrusion-Detection-System-Using-Machine-Learning\data\pipeline_mth_ids_fine\anomaly\loao\attack_9 --random-state 0
Partição LOAO (fase 9): treino=(26773, 20) labels={'0': 18181, '1': 8592} | teste=(72, 20) labels={'1': 36, '0': 36}
SMOTE notebook: classe 1 -> 18181 (alvo = n benignos no treino)
Salvo treino pós-SMOTE: C:\Users\Araújo Notebook\Documents\GitHub\Intrusion-Detection-System-Using-Machine-Learning\data\pipeline_mth_ids_fine\anomaly\loao\attack_9\a05_train_after_smote.parquet
              precision    recall  f1-score   support

           0       0.49      0.94      0.64        36
           1       0.00      0.00      0.00        36

    accuracy                           0.47        72
   macro avg       0.24      0.47      0.32        72
weighted avg       0.24      0.47      0.32        72

Accuracy: 0.4722222222222222
CM:
 [[34  2]
 [36  0]]
Relatorio salvo em: C:\Users\Araújo Notebook\Documents\GitHub\Intrusion-Detection-System-Using-Machine-Learning\data\pipeline_mth_ids_fine\anomaly\loao\attack_9\reports\phase09_anomaly_cluster.json
[2026-06-07 03:45:12]   OK fase 9 concluida em 4.1s
[2026-06-07 03:45:12]   -> [fase 10 - 4/5] BO-GP n_clusters ...
[2026-06-07 03:45:12] >> C:\Users\Araújo Notebook\Documents\GitHub\Intrusion-Detection-System-Using-Machine-Learning\.venv\Scripts\python.exe -m mth_ids_pipeline.phases.phase10_anomaly_cluster_hpo --intermediate-dir C:\Users\Araújo Notebook\Documents\GitHub\Intrusion-Detection-System-Using-Machine-Learning\data\pipeline_mth_ids_fine --report-dir C:\Users\Araújo Notebook\Documents\GitHub\Intrusion-Detection-System-Using-Machine-Learning\data\pipeline_mth_ids_fine\anomaly\loao\attack_9\reports --work-dir C:\Users\Araújo Notebook\Documents\GitHub\Intrusion-Detection-System-Using-Machine-Learning\data\pipeline_mth_ids_fine\anomaly\loao\attack_9 --random-state 0 --n-calls 15 --hpo-metric f1 --metrics euclidean,manhattan,cosine,mahalanobis
Partição KPCA: treino=(26773, 20) labels={'0': 18181, '1': 8592} | teste=(72, 20) labels={'1': 36, '0': 36}
Baseline CL-k-means (n=8, metric=euclidean): f1=0.0000
  trial n=30, metric=mahalanobis: f1=0.6333
  trial n=43, metric=mahalanobis: f1=0.6207
  trial n=32, metric=manhattan: f1=0.2222
  trial n=16, metric=euclidean: f1=0.2041
  trial n=15, metric=manhattan: f1=0.1778
  trial n=41, metric=manhattan: f1=0.1026
  trial n=21, metric=mahalanobis: f1=0.4231
  trial n=18, metric=cosine: f1=0.2128
  trial n=20, metric=mahalanobis: f1=0.2979
  trial n=9, metric=mahalanobis: f1=0.1395
  trial n=36, metric=mahalanobis: f1=0.5667
  trial n=50, metric=mahalanobis: f1=0.5965
  trial n=40, metric=mahalanobis: f1=0.6557
  trial n=41, metric=mahalanobis: f1=0.5769
  trial n=41, metric=manhattan: f1=0.1026
Melhor n_clusters=40, metric=mahalanobis, f1=0.6557
Avaliação final n=40, metric=mahalanobis: f1=0.6557
Partição LOAO (fase 10): treino=(36362, 20) labels={'0': 18181, '1': 18181} | teste=(72, 20) labels={'1': 36, '0': 36}
Relatório salvo em: C:\Users\Araújo Notebook\Documents\GitHub\Intrusion-Detection-System-Using-Machine-Learning\data\pipeline_mth_ids_fine\anomaly\loao\attack_9\reports\phase10_anomaly_cluster_hpo.json
[2026-06-07 03:45:41]   OK fase 10 concluida em 28.9s
[2026-06-07 03:45:41]   -> [fase 11 - 5/5] Biased B1/B2 ...
[2026-06-07 03:45:41] >> C:\Users\Araújo Notebook\Documents\GitHub\Intrusion-Detection-System-Using-Machine-Learning\.venv\Scripts\python.exe -m mth_ids_pipeline.phases.phase11_anomaly_biased --intermediate-dir C:\Users\Araújo Notebook\Documents\GitHub\Intrusion-Detection-System-Using-Machine-Learning\data\pipeline_mth_ids_fine --report-dir C:\Users\Araújo Notebook\Documents\GitHub\Intrusion-Detection-System-Using-Machine-Learning\data\pipeline_mth_ids_fine\anomaly\loao\attack_9\reports --work-dir C:\Users\Araújo Notebook\Documents\GitHub\Intrusion-Detection-System-Using-Machine-Learning\data\pipeline_mth_ids_fine\anomaly\loao\attack_9 --random-state 0 --biased-mode both --force-biased --optimize-p-star --p-star-n-calls 15
k automático da fase 10: 40
metric automática da fase 10: mahalanobis
Biased learners: família de 'XGBoost (base)'
Partição KPCA: treino=(26773, 20) labels={'0': 18181, '1': 8592} | teste=(72, 20) labels={'1': 36, '0': 36}
Partição LOAO (fase 11): treino=(36362, 20) labels={'0': 18181, '1': 18181} | teste=(72, 20) labels={'1': 36, '0': 36}
CL-k-means (n=40, metric=mahalanobis): accuracy=0.7083
              precision    recall  f1-score   support

           0       0.66      0.86      0.75        36
           1       0.80      0.56      0.66        36

    accuracy                           0.71        72
   macro avg       0.73      0.71      0.70        72
weighted avg       0.73      0.71      0.70        72

DR=0.5556 FAR=0.1389 F1=0.6557

Modo biased selecionado: both
BO-GP p*: melhor=0.5278, F1=0.6557

MTH-IDS anomaly (biased mode=both, p*=0.5277893588855471):
              precision    recall  f1-score   support

           0       0.66      0.86      0.75        36
           1       0.80      0.56      0.66        36

    accuracy                           0.71        72
   macro avg       0.73      0.71      0.70        72
weighted avg       0.73      0.71      0.70        72

Acc=0.7083 DR=0.5556 FAR=0.1389 F1=0.6557
CM:
 [[31  5]
 [16 20]]
Relatório salvo em: C:\Users\Araújo Notebook\Documents\GitHub\Intrusion-Detection-System-Using-Machine-Learning\data\pipeline_mth_ids_fine\anomaly\loao\attack_9\reports\phase11_anomaly_biased.json
[2026-06-07 03:45:48]   OK fase 11 concluida em 6.5s
[2026-06-07 03:45:48] Resultado - DR=0.5556, FAR=0.1389, F1=0.6557 | rodada 1h16m | restam 0 nesta execucao
[2026-06-07 03:45:48] === sessão concluída ===
