[2026-06-06 12:20:31] === sessão iniciada — log: C:\Users\Araújo Notebook\Documents\GitHub\Intrusion-Detection-System-Using-Machine-Learning\data\pipeline_mth_ids_fine\anomaly\loao\attack_7\loao_run.log ===
[2026-06-06 12:20:31] intermediate-dir: C:\Users\Araújo Notebook\Documents\GitHub\Intrusion-Detection-System-Using-Machine-Learning\data\pipeline_mth_ids_fine
[2026-06-06 12:20:31] amostra: C:\Users\Araújo Notebook\Documents\GitHub\Intrusion-Detection-System-Using-Machine-Learning\data\pipeline_mth_ids_fine\02_sampled_kmeans.parquet
[2026-06-06 12:20:31] output-root: C:\Users\Araújo Notebook\Documents\GitHub\Intrusion-Detection-System-Using-Machine-Learning\data\pipeline_mth_ids_fine\anomaly\loao
[2026-06-06 12:20:31] [LOAO 1/8] zero-day: FTP-Patator (Label=7) | decorrido global 0.0s
[2026-06-06 12:20:31]   -> [fase 7 - 1/5] Partição binária LOAO ...
[2026-06-06 12:20:31] >> C:\Users\Araújo Notebook\AppData\Local\Programs\Python\Python313\python.exe -m mth_ids_pipeline.phases.phase07_anomaly_datasets --intermediate-dir C:\Users\Araújo Notebook\Documents\GitHub\Intrusion-Detection-System-Using-Machine-Learning\data\pipeline_mth_ids_fine --report-dir C:\Users\Araújo Notebook\Documents\GitHub\Intrusion-Detection-System-Using-Machine-Learning\data\pipeline_mth_ids_fine\anomaly\loao\attack_7\reports --work-dir C:\Users\Araújo Notebook\Documents\GitHub\Intrusion-Detection-System-Using-Machine-Learning\data\pipeline_mth_ids_fine\anomaly\loao\attack_7 --attack-label 7
Salvo: C:\Users\Araújo Notebook\Documents\GitHub\Intrusion-Detection-System-Using-Machine-Learning\data\pipeline_mth_ids_fine\anomaly\loao\attack_7\a01_without_portscan.parquet (26731, 79), C:\Users\Araújo Notebook\Documents\GitHub\Intrusion-Detection-System-Using-Machine-Learning\data\pipeline_mth_ids_fine\anomaly\loao\attack_7\a02_portscan_only.parquet (60, 79)

=== LOAO [fase 7 (split binário)] ===
  treino: rows=26731 labels={'0': 18184, '1': 8547}
  teste:  rows=60 labels={'1': 60}
  zero-day=60 benign_test=0 regra=fase7_zero_day_only
  rótulos originais no treino (pré-binário): {'0': 18184, '1': 1966, '4': 1837, '12': 1507, '10': 1281, '2': 1034, '14': 652, '3': 80, '11': 49, '5': 44, '6': 40, '9': 36, '13': 21}
  zero-day label=7 excluído_do_treino=True
Relatorio salvo em: C:\Users\Araújo Notebook\Documents\GitHub\Intrusion-Detection-System-Using-Machine-Learning\data\pipeline_mth_ids_fine\anomaly\loao\attack_7\reports\phase07_anomaly_datasets.json
[2026-06-06 12:20:39]   OK fase 7 concluida em 8.7s
[2026-06-06 12:20:39]   -> [fase 8 - 2/5] Features (Z-score, IG, FCBF, KPCA) ...
[2026-06-06 12:20:39] >> C:\Users\Araújo Notebook\AppData\Local\Programs\Python\Python313\python.exe -m mth_ids_pipeline.phases.phase08_anomaly_features --intermediate-dir C:\Users\Araújo Notebook\Documents\GitHub\Intrusion-Detection-System-Using-Machine-Learning\data\pipeline_mth_ids_fine --report-dir C:\Users\Araújo Notebook\Documents\GitHub\Intrusion-Detection-System-Using-Machine-Learning\data\pipeline_mth_ids_fine\anomaly\loao\attack_7\reports --work-dir C:\Users\Araújo Notebook\Documents\GitHub\Intrusion-Detection-System-Using-Machine-Learning\data\pipeline_mth_ids_fine\anomaly\loao\attack_7 --random-state 0 --feature-fit-scope combined --zscore-scope combined --fcbf-k 20 --kpca-components 10 --kpca-kernel rbf --ig-cumulative 0.9 --cv-folds 10 --ig-hpo-calls 15 --kpca-hpo-calls 15 --optimize-ig --optimize-kpca
[2026-06-06 12:21:02] === sessão encerrada com erro: KeyboardInterrupt:  ===
[2026-06-06 12:21:29] === sessão iniciada — log: C:\Users\Araújo Notebook\Documents\GitHub\Intrusion-Detection-System-Using-Machine-Learning\data\pipeline_mth_ids_fine\anomaly\loao\attack_7\loao_run.log ===
[2026-06-06 12:21:29] intermediate-dir: C:\Users\Araújo Notebook\Documents\GitHub\Intrusion-Detection-System-Using-Machine-Learning\data\pipeline_mth_ids_fine
[2026-06-06 12:21:29] amostra: C:\Users\Araújo Notebook\Documents\GitHub\Intrusion-Detection-System-Using-Machine-Learning\data\pipeline_mth_ids_fine\02_sampled_kmeans.parquet
[2026-06-06 12:21:29] output-root: C:\Users\Araújo Notebook\Documents\GitHub\Intrusion-Detection-System-Using-Machine-Learning\data\pipeline_mth_ids_fine\anomaly\loao
[2026-06-06 12:21:29] [LOAO 1/3] zero-day: FTP-Patator (Label=7) | decorrido global 0.0s
[2026-06-06 12:21:29]   -> [fase 7 - 1/5] Partição binária LOAO ...
[2026-06-06 12:21:29] >> C:\Users\Araújo Notebook\AppData\Local\Programs\Python\Python313\python.exe -m mth_ids_pipeline.phases.phase07_anomaly_datasets --intermediate-dir C:\Users\Araújo Notebook\Documents\GitHub\Intrusion-Detection-System-Using-Machine-Learning\data\pipeline_mth_ids_fine --report-dir C:\Users\Araújo Notebook\Documents\GitHub\Intrusion-Detection-System-Using-Machine-Learning\data\pipeline_mth_ids_fine\anomaly\loao\attack_7\reports --work-dir C:\Users\Araújo Notebook\Documents\GitHub\Intrusion-Detection-System-Using-Machine-Learning\data\pipeline_mth_ids_fine\anomaly\loao\attack_7 --attack-label 7
Salvo: C:\Users\Araújo Notebook\Documents\GitHub\Intrusion-Detection-System-Using-Machine-Learning\data\pipeline_mth_ids_fine\anomaly\loao\attack_7\a01_without_portscan.parquet (26731, 79), C:\Users\Araújo Notebook\Documents\GitHub\Intrusion-Detection-System-Using-Machine-Learning\data\pipeline_mth_ids_fine\anomaly\loao\attack_7\a02_portscan_only.parquet (60, 79)

=== LOAO [fase 7 (split binário)] ===
  treino: rows=26731 labels={'0': 18184, '1': 8547}
  teste:  rows=60 labels={'1': 60}
  zero-day=60 benign_test=0 regra=fase7_zero_day_only
  rótulos originais no treino (pré-binário): {'0': 18184, '1': 1966, '4': 1837, '12': 1507, '10': 1281, '2': 1034, '14': 652, '3': 80, '11': 49, '5': 44, '6': 40, '9': 36, '13': 21}
  zero-day label=7 excluído_do_treino=True
Relatorio salvo em: C:\Users\Araújo Notebook\Documents\GitHub\Intrusion-Detection-System-Using-Machine-Learning\data\pipeline_mth_ids_fine\anomaly\loao\attack_7\reports\phase07_anomaly_datasets.json
[2026-06-06 12:21:34]   OK fase 7 concluida em 5.4s
[2026-06-06 12:21:34]   -> [fase 8 - 2/5] Features (Z-score, IG, FCBF, KPCA) ...
[2026-06-06 12:21:34] >> C:\Users\Araújo Notebook\AppData\Local\Programs\Python\Python313\python.exe -m mth_ids_pipeline.phases.phase08_anomaly_features --intermediate-dir C:\Users\Araújo Notebook\Documents\GitHub\Intrusion-Detection-System-Using-Machine-Learning\data\pipeline_mth_ids_fine --report-dir C:\Users\Araújo Notebook\Documents\GitHub\Intrusion-Detection-System-Using-Machine-Learning\data\pipeline_mth_ids_fine\anomaly\loao\attack_7\reports --work-dir C:\Users\Araújo Notebook\Documents\GitHub\Intrusion-Detection-System-Using-Machine-Learning\data\pipeline_mth_ids_fine\anomaly\loao\attack_7 --random-state 0 --feature-fit-scope combined --zscore-scope combined --fcbf-k 20 --kpca-components 10 --kpca-kernel rbf --ig-cumulative 0.9 --cv-folds 10 --ig-hpo-calls 15 --kpca-hpo-calls 15 --optimize-ig --optimize-kpca
[1/5] [####----------------] Dados carregados (fase 7) (+0.1s)

=== LOAO [fase 8 (pré-normalização)] ===
  treino: rows=26731 labels={'0': 18184, '1': 8547}
  teste:  rows=120 labels={'1': 60, '0': 60}
  zero-day=60 benign_test=60 regra=paper_table_ix_1_to_1
  rótulos originais no treino (pré-binário): {'0': 18184, '1': 1966, '4': 1837, '12': 1507, '10': 1281, '2': 1034, '14': 652, '3': 80, '11': 49, '5': 44, '6': 40, '9': 36, '13': 21}
  zero-day label=7 excluído_do_treino=True
Partição LOAO: treino=(26731, 79), teste=(120, 79), features=78
[2/5] [########------------] Partição treino/teste (+0.2s)
BO-GP IG (treino LOAO): alpha=0.8719, CV acc=0.9949
BO-GP KPCA: n=18, kernel=sigmoid, CV acc=0.9930
  [KPCA fit treino] shape=(26851, 20), n_components=18
  [KPCA transform combinado] shape=(26851, 18)
[3/5] [############--------] Z-score (combined) + IG + FCBF + KPCA (combinado) (+5054.0s)
[4/5] [################----] Artefatos e parquets salvos (+5054.2s)
Salvo: C:\Users\Araújo Notebook\Documents\GitHub\Intrusion-Detection-System-Using-Machine-Learning\data\pipeline_mth_ids_fine\anomaly\loao\attack_7\a03_combined_normalized.parquet shape=(26851, 79)
Salvo: C:\Users\Araújo Notebook\Documents\GitHub\Intrusion-Detection-System-Using-Machine-Learning\data\pipeline_mth_ids_fine\anomaly\loao\attack_7\a04_after_kpca.parquet shape=(26851, 19)
Meta/partição: C:\Users\Araújo Notebook\Documents\GitHub\Intrusion-Detection-System-Using-Machine-Learning\data\pipeline_mth_ids_fine\anomaly\loao\attack_7\a06_test_slice.json
Relatorio salvo em: C:\Users\Araújo Notebook\Documents\GitHub\Intrusion-Detection-System-Using-Machine-Learning\data\pipeline_mth_ids_fine\anomaly\loao\attack_7\reports\phase08_anomaly_features.json
[5/5] [####################] Relatorio JSON (+5054.2s)
[2026-06-06 13:45:53]   OK fase 8 concluida em 1h24m
[2026-06-06 13:45:53]   -> [fase 9 - 3/5] SMOTE + CL-k-means inicial ...
[2026-06-06 13:45:53] >> C:\Users\Araújo Notebook\AppData\Local\Programs\Python\Python313\python.exe -m mth_ids_pipeline.phases.phase09_anomaly_cluster --intermediate-dir C:\Users\Araújo Notebook\Documents\GitHub\Intrusion-Detection-System-Using-Machine-Learning\data\pipeline_mth_ids_fine --report-dir C:\Users\Araújo Notebook\Documents\GitHub\Intrusion-Detection-System-Using-Machine-Learning\data\pipeline_mth_ids_fine\anomaly\loao\attack_7\reports --work-dir C:\Users\Araújo Notebook\Documents\GitHub\Intrusion-Detection-System-Using-Machine-Learning\data\pipeline_mth_ids_fine\anomaly\loao\attack_7 --random-state 0
Partição LOAO (fase 9): treino=(26731, 18) labels={'0': 18184, '1': 8547} | teste=(120, 18) labels={'1': 60, '0': 60}
SMOTE notebook: classe 1 -> 18184 (alvo = n benignos no treino)
Salvo treino pós-SMOTE: C:\Users\Araújo Notebook\Documents\GitHub\Intrusion-Detection-System-Using-Machine-Learning\data\pipeline_mth_ids_fine\anomaly\loao\attack_7\a05_train_after_smote.parquet
              precision    recall  f1-score   support

           0       0.67      0.97      0.79        60
           1       0.94      0.53      0.68        60

    accuracy                           0.75       120
   macro avg       0.81      0.75      0.74       120
weighted avg       0.81      0.75      0.74       120

Accuracy: 0.75
CM:
 [[58  2]
 [28 32]]
Relatorio salvo em: C:\Users\Araújo Notebook\Documents\GitHub\Intrusion-Detection-System-Using-Machine-Learning\data\pipeline_mth_ids_fine\anomaly\loao\attack_7\reports\phase09_anomaly_cluster.json
[2026-06-06 13:45:58]   OK fase 9 concluida em 5.5s
[2026-06-06 13:45:58]   -> [fase 10 - 4/5] BO-GP n_clusters ...
[2026-06-06 13:45:58] >> C:\Users\Araújo Notebook\AppData\Local\Programs\Python\Python313\python.exe -m mth_ids_pipeline.phases.phase10_anomaly_cluster_hpo --intermediate-dir C:\Users\Araújo Notebook\Documents\GitHub\Intrusion-Detection-System-Using-Machine-Learning\data\pipeline_mth_ids_fine --report-dir C:\Users\Araújo Notebook\Documents\GitHub\Intrusion-Detection-System-Using-Machine-Learning\data\pipeline_mth_ids_fine\anomaly\loao\attack_7\reports --work-dir C:\Users\Araújo Notebook\Documents\GitHub\Intrusion-Detection-System-Using-Machine-Learning\data\pipeline_mth_ids_fine\anomaly\loao\attack_7 --random-state 0 --n-calls 15 --hpo-metric f1 --metrics euclidean,manhattan,cosine,mahalanobis
Partição KPCA: treino=(26731, 18) labels={'0': 18184, '1': 8547} | teste=(120, 18) labels={'1': 60, '0': 60}
Baseline CL-k-means (n=8, metric=euclidean): f1=0.6809
  trial n=30, metric=mahalanobis: f1=0.8633
  trial n=43, metric=mahalanobis: f1=0.8696
  trial n=32, metric=manhattan: f1=0.8824
  trial n=16, metric=euclidean: f1=0.8824
  trial n=15, metric=manhattan: f1=0.8889
  trial n=41, metric=manhattan: f1=0.8824
  trial n=21, metric=mahalanobis: f1=0.8759
  trial n=18, metric=cosine: f1=0.6275
  trial n=20, metric=mahalanobis: f1=0.8696
  trial n=9, metric=mahalanobis: f1=0.6737
  trial n=2, metric=euclidean: f1=0.0000
  trial n=36, metric=manhattan: f1=0.8696
  trial n=24, metric=manhattan: f1=0.8824
  trial n=50, metric=cosine: f1=0.8824
  trial n=50, metric=manhattan: f1=0.8824
Melhor n_clusters=15, metric=manhattan, f1=0.8889
Avaliação final n=15, metric=manhattan: f1=0.8889
Partição LOAO (fase 10): treino=(36368, 18) labels={'0': 18184, '1': 18184} | teste=(120, 18) labels={'1': 60, '0': 60}
Relatório salvo em: C:\Users\Araújo Notebook\Documents\GitHub\Intrusion-Detection-System-Using-Machine-Learning\data\pipeline_mth_ids_fine\anomaly\loao\attack_7\reports\phase10_anomaly_cluster_hpo.json
[2026-06-06 13:46:33]   OK fase 10 concluida em 34.7s
[2026-06-06 13:46:33]   -> [fase 11 - 5/5] Biased B1/B2 ...
[2026-06-06 13:46:33] >> C:\Users\Araújo Notebook\AppData\Local\Programs\Python\Python313\python.exe -m mth_ids_pipeline.phases.phase11_anomaly_biased --intermediate-dir C:\Users\Araújo Notebook\Documents\GitHub\Intrusion-Detection-System-Using-Machine-Learning\data\pipeline_mth_ids_fine --report-dir C:\Users\Araújo Notebook\Documents\GitHub\Intrusion-Detection-System-Using-Machine-Learning\data\pipeline_mth_ids_fine\anomaly\loao\attack_7\reports --work-dir C:\Users\Araújo Notebook\Documents\GitHub\Intrusion-Detection-System-Using-Machine-Learning\data\pipeline_mth_ids_fine\anomaly\loao\attack_7 --random-state 0 --biased-mode both --force-biased --optimize-p-star --p-star-n-calls 15
k automático da fase 10: 15
metric automática da fase 10: manhattan
Biased learners: família de 'XGBoost (base)'
Partição KPCA: treino=(26731, 18) labels={'0': 18184, '1': 8547} | teste=(120, 18) labels={'1': 60, '0': 60}
Partição LOAO (fase 11): treino=(36368, 18) labels={'0': 18184, '1': 18184} | teste=(120, 18) labels={'1': 60, '0': 60}
CL-k-means (n=15, metric=manhattan): accuracy=0.8750
              precision    recall  f1-score   support

           0       1.00      0.75      0.86        60
           1       0.80      1.00      0.89        60

    accuracy                           0.88       120
   macro avg       0.90      0.88      0.87       120
weighted avg       0.90      0.88      0.87       120

DR=1.0000 FAR=0.2500 F1=0.8889

Modo biased selecionado: both
BO-GP p*: melhor=0.6458, F1=0.8889

MTH-IDS anomaly (biased mode=both, p*=0.6457919572067914):
              precision    recall  f1-score   support

           0       1.00      0.75      0.86        60
           1       0.80      1.00      0.89        60

    accuracy                           0.88       120
   macro avg       0.90      0.88      0.87       120
weighted avg       0.90      0.88      0.87       120

Acc=0.8750 DR=1.0000 FAR=0.2500 F1=0.8889
CM:
 [[45 15]
 [ 0 60]]
Relatório salvo em: C:\Users\Araújo Notebook\Documents\GitHub\Intrusion-Detection-System-Using-Machine-Learning\data\pipeline_mth_ids_fine\anomaly\loao\attack_7\reports\phase11_anomaly_biased.json
[2026-06-06 13:46:42]   OK fase 11 concluida em 8.7s
[2026-06-06 13:46:42] Resultado - DR=1.0000, FAR=0.2500, F1=0.8889 | rodada 1h25m | restam 2 nesta execucao
[2026-06-06 13:46:42] === sessão concluída ===
