[2026-06-08 01:21:41] === sessão iniciada — log: C:\Users\Araújo Notebook\Documents\GitHub\Intrusion-Detection-System-Using-Machine-Learning\data\pipeline_can_fine\anomaly\loao\attack_2\loao_run.log ===
[2026-06-08 01:21:41] intermediate-dir: C:\Users\Araújo Notebook\Documents\GitHub\Intrusion-Detection-System-Using-Machine-Learning\data\pipeline_can_fine
[2026-06-08 01:21:41] amostra: C:\Users\Araújo Notebook\Documents\GitHub\Intrusion-Detection-System-Using-Machine-Learning\data\pipeline_can_fine\02_sampled_kmeans.parquet
[2026-06-08 01:21:41] output-root: C:\Users\Araújo Notebook\Documents\GitHub\Intrusion-Detection-System-Using-Machine-Learning\data\pipeline_can_fine\anomaly\loao
[2026-06-08 01:21:41] [LOAO 2/3] zero-day: Fuzzy (Label=2) | decorrido global 5m59s
[2026-06-08 01:21:41]   -> [fase 7 - 1/5] Partição binária LOAO ...
[2026-06-08 01:21:41] >> C:\Users\Araújo Notebook\Documents\GitHub\Intrusion-Detection-System-Using-Machine-Learning\.venv\Scripts\python.exe -m mth_ids_pipeline.phases.phase07_anomaly_datasets --intermediate-dir C:\Users\Araújo Notebook\Documents\GitHub\Intrusion-Detection-System-Using-Machine-Learning\data\pipeline_can_fine --report-dir C:\Users\Araújo Notebook\Documents\GitHub\Intrusion-Detection-System-Using-Machine-Learning\data\pipeline_can_fine\anomaly\loao\attack_2\reports --work-dir C:\Users\Araújo Notebook\Documents\GitHub\Intrusion-Detection-System-Using-Machine-Learning\data\pipeline_can_fine\anomaly\loao\attack_2 --attack-label 2

=== LOAO [fase 7 (split binário)] ===
  treino: rows=31250 labels={'0': 18211, '1': 13039}
  teste:  rows=4669 labels={'1': 4669}
  zero-day=4669 benign_test=0 regra=fase7_zero_day_only
  rótulos originais no treino (pré-binário): {'0': 18211, '3': 7924, '1': 5115}
  zero-day label=2 excluído_do_treino=True
Salvo: C:\Users\Araújo Notebook\Documents\GitHub\Intrusion-Detection-System-Using-Machine-Learning\data\pipeline_can_fine\anomaly\loao\attack_2\a01_without_portscan.parquet (31250, 10), C:\Users\Araújo Notebook\Documents\GitHub\Intrusion-Detection-System-Using-Machine-Learning\data\pipeline_can_fine\anomaly\loao\attack_2\a02_portscan_only.parquet (4669, 10)
Relatorio salvo em: C:\Users\Araújo Notebook\Documents\GitHub\Intrusion-Detection-System-Using-Machine-Learning\data\pipeline_can_fine\anomaly\loao\attack_2\reports\phase07_anomaly_datasets.json
[2026-06-08 01:21:43]   OK fase 7 concluida em 2.0s
[2026-06-08 01:21:43]   -> [fase 8 - 2/5] Features (Z-score, IG, FCBF, KPCA) ...
[2026-06-08 01:21:43] >> C:\Users\Araújo Notebook\Documents\GitHub\Intrusion-Detection-System-Using-Machine-Learning\.venv\Scripts\python.exe -m mth_ids_pipeline.phases.phase08_anomaly_features --intermediate-dir C:\Users\Araújo Notebook\Documents\GitHub\Intrusion-Detection-System-Using-Machine-Learning\data\pipeline_can_fine --report-dir C:\Users\Araújo Notebook\Documents\GitHub\Intrusion-Detection-System-Using-Machine-Learning\data\pipeline_can_fine\anomaly\loao\attack_2\reports --work-dir C:\Users\Araújo Notebook\Documents\GitHub\Intrusion-Detection-System-Using-Machine-Learning\data\pipeline_can_fine\anomaly\loao\attack_2 --random-state 0 --feature-fit-scope combined --zscore-scope combined --fcbf-k 20 --kpca-components 10 --kpca-kernel rbf --ig-cumulative 0.9 --cv-folds 10 --ig-hpo-calls 15 --kpca-hpo-calls 15 --optimize-ig --optimize-kpca
[1/5] [####----------------] Dados carregados (fase 7) (+0.0s)

=== LOAO [fase 8 (pré-normalização)] ===
  treino: rows=31250 labels={'0': 18211, '1': 13039}
  teste:  rows=9338 labels={'1': 4669, '0': 4669}
  zero-day=4669 benign_test=4669 regra=paper_table_ix_1_to_1
  rótulos originais no treino (pré-binário): {'0': 18211, '3': 7924, '1': 5115}
  zero-day label=2 excluído_do_treino=True
Partição LOAO: treino=(31250, 10), teste=(9338, 10)
features=9
[2/5] [########------------] Partição treino/teste (+0.1s)
BO-GP IG (treino LOAO): alpha=0.9448, CV acc=0.8734
BO-GP KPCA: n=18, kernel=sigmoid, CV acc=0.8696
KernelPCA: matriz kernel estimada ~6.1 GiB (40588 amostras). Feche outros programas se ocorrer MemoryError.
  [KPCA fit treino] shape=(40588, 8), n_components=18
KernelPCA: matriz kernel estimada ~6.1 GiB (40588 amostras). Feche outros programas se ocorrer MemoryError.
  [KPCA transform combinado] shape=(40588, 18)
[3/5] [############--------] Z-score (combined) + IG + FCBF + KPCA (combinado) (+1658.9s)
[4/5] [################----] Artefatos e parquets salvos (+1659.4s)
Salvo: C:\Users\Araújo Notebook\Documents\GitHub\Intrusion-Detection-System-Using-Machine-Learning\data\pipeline_can_fine\anomaly\loao\attack_2\a03_combined_normalized.parquet shape=(40588, 10)
Salvo: C:\Users\Araújo Notebook\Documents\GitHub\Intrusion-Detection-System-Using-Machine-Learning\data\pipeline_can_fine\anomaly\loao\attack_2\a04_after_kpca.parquet shape=(40588, 19)
Meta/partição: C:\Users\Araújo Notebook\Documents\GitHub\Intrusion-Detection-System-Using-Machine-Learning\data\pipeline_can_fine\anomaly\loao\attack_2\a06_test_slice.json
Relatorio salvo em: C:\Users\Araújo Notebook\Documents\GitHub\Intrusion-Detection-System-Using-Machine-Learning\data\pipeline_can_fine\anomaly\loao\attack_2\reports\phase08_anomaly_features.json
[5/5] [####################] Relatorio JSON (+1659.4s)
[2026-06-08 01:49:25]   OK fase 8 concluida em 27m41s
[2026-06-08 01:49:25]   -> [fase 9 - 3/5] SMOTE + CL-k-means inicial ...
[2026-06-08 01:49:25] >> C:\Users\Araújo Notebook\Documents\GitHub\Intrusion-Detection-System-Using-Machine-Learning\.venv\Scripts\python.exe -m mth_ids_pipeline.phases.phase09_anomaly_cluster --intermediate-dir C:\Users\Araújo Notebook\Documents\GitHub\Intrusion-Detection-System-Using-Machine-Learning\data\pipeline_can_fine --report-dir C:\Users\Araújo Notebook\Documents\GitHub\Intrusion-Detection-System-Using-Machine-Learning\data\pipeline_can_fine\anomaly\loao\attack_2\reports --work-dir C:\Users\Araújo Notebook\Documents\GitHub\Intrusion-Detection-System-Using-Machine-Learning\data\pipeline_can_fine\anomaly\loao\attack_2 --random-state 0 --no-smote
Partição KPCA: treino=(31250, 18) labels={'0': 18211, '1': 13039} | teste=(9338, 18) labels={'1': 4669, '0': 4669}
Salvo treino pós-SMOTE: C:\Users\Araújo Notebook\Documents\GitHub\Intrusion-Detection-System-Using-Machine-Learning\data\pipeline_can_fine\anomaly\loao\attack_2\a05_train_after_smote.parquet
              precision    recall  f1-score   support

           0       0.46      0.71      0.56      4669
           1       0.35      0.16      0.22      4669

    accuracy                           0.43      9338
   macro avg       0.40      0.43      0.39      9338
weighted avg       0.40      0.43      0.39      9338

Accuracy: 0.4332833583208396
CM:
 [[3301 1368]
 [3924  745]]
Relatorio salvo em: C:\Users\Araújo Notebook\Documents\GitHub\Intrusion-Detection-System-Using-Machine-Learning\data\pipeline_can_fine\anomaly\loao\attack_2\reports\phase09_anomaly_cluster.json
[2026-06-08 01:49:30]   OK fase 9 concluida em 5.5s
[2026-06-08 01:49:30]   -> [fase 10 - 4/5] BO-GP n_clusters ...
[2026-06-08 01:49:30] >> C:\Users\Araújo Notebook\Documents\GitHub\Intrusion-Detection-System-Using-Machine-Learning\.venv\Scripts\python.exe -m mth_ids_pipeline.phases.phase10_anomaly_cluster_hpo --intermediate-dir C:\Users\Araújo Notebook\Documents\GitHub\Intrusion-Detection-System-Using-Machine-Learning\data\pipeline_can_fine --report-dir C:\Users\Araújo Notebook\Documents\GitHub\Intrusion-Detection-System-Using-Machine-Learning\data\pipeline_can_fine\anomaly\loao\attack_2\reports --work-dir C:\Users\Araújo Notebook\Documents\GitHub\Intrusion-Detection-System-Using-Machine-Learning\data\pipeline_can_fine\anomaly\loao\attack_2 --random-state 0 --n-calls 15 --hpo-metric f1 --no-smote --metrics euclidean,manhattan,cosine,mahalanobis
Partição KPCA: treino=(31250, 18) labels={'0': 18211, '1': 13039} | teste=(9338, 18) labels={'1': 4669, '0': 4669}
Baseline CL-k-means (n=8, metric=euclidean): f1=0.2197
  trial n=30, metric=mahalanobis: f1=0.0486
  trial n=43, metric=mahalanobis: f1=0.0971
  trial n=32, metric=manhattan: f1=0.0608
  trial n=16, metric=euclidean: f1=0.1759
  trial n=15, metric=manhattan: f1=0.1796
  trial n=41, metric=manhattan: f1=0.1530
  trial n=21, metric=mahalanobis: f1=0.1657
  trial n=18, metric=cosine: f1=0.0570
  trial n=20, metric=mahalanobis: f1=0.0072
  trial n=9, metric=mahalanobis: f1=0.1861
  trial n=15, metric=euclidean: f1=0.1742
  trial n=10, metric=mahalanobis: f1=0.1878
  trial n=8, metric=mahalanobis: f1=0.2169
  trial n=3, metric=euclidean: f1=0.0000
  trial n=7, metric=manhattan: f1=0.1725
Melhor n_clusters=8, metric=mahalanobis, f1=0.2169
Avaliação final n=8, metric=mahalanobis: f1=0.2169
Partição LOAO (fase 10): treino=(31250, 18) labels={'0': 18211, '1': 13039} | teste=(9338, 18) labels={'1': 4669, '0': 4669}
Relatório salvo em: C:\Users\Araújo Notebook\Documents\GitHub\Intrusion-Detection-System-Using-Machine-Learning\data\pipeline_can_fine\anomaly\loao\attack_2\reports\phase10_anomaly_cluster_hpo.json
[2026-06-08 01:49:55]   OK fase 10 concluida em 24.9s
[2026-06-08 01:49:55]   -> [fase 11 - 5/5] Biased B1/B2 ...
[2026-06-08 01:49:55] >> C:\Users\Araújo Notebook\Documents\GitHub\Intrusion-Detection-System-Using-Machine-Learning\.venv\Scripts\python.exe -m mth_ids_pipeline.phases.phase11_anomaly_biased --intermediate-dir C:\Users\Araújo Notebook\Documents\GitHub\Intrusion-Detection-System-Using-Machine-Learning\data\pipeline_can_fine --report-dir C:\Users\Araújo Notebook\Documents\GitHub\Intrusion-Detection-System-Using-Machine-Learning\data\pipeline_can_fine\anomaly\loao\attack_2\reports --work-dir C:\Users\Araújo Notebook\Documents\GitHub\Intrusion-Detection-System-Using-Machine-Learning\data\pipeline_can_fine\anomaly\loao\attack_2 --random-state 0 --biased-mode both --no-smote --force-biased --optimize-p-star --p-star-n-calls 15
k automático da fase 10: 8
metric automática da fase 10: mahalanobis
Biased factory: hiperparâmetros de rf.joblib ← C:\Users\Araújo Notebook\Documents\GitHub\Intrusion-Detection-System-Using-Machine-Learning\data\pipeline_mth_ids_merged\models\supervised
Biased learners: família de 'RandomForest (HPO)'
Partição KPCA: treino=(31250, 18) labels={'0': 18211, '1': 13039} | teste=(9338, 18) labels={'1': 4669, '0': 4669}
Partição LOAO (fase 11): treino=(31250, 18) labels={'0': 18211, '1': 13039} | teste=(9338, 18) labels={'1': 4669, '0': 4669}
CL-k-means (n=8, metric=mahalanobis): accuracy=0.4332
              precision    recall  f1-score   support

           0       0.46      0.71      0.56      4669
           1       0.35      0.16      0.22      4669

    accuracy                           0.43      9338
   macro avg       0.40      0.43      0.39      9338
weighted avg       0.40      0.43      0.39      9338

DR=0.1570 FAR=0.2906 F1=0.2169

Modo biased selecionado: both
BO-GP p*: melhor=0.7905, F1=0.7873

MTH-IDS anomaly (biased mode=both, p*=0.790493862930259):
              precision    recall  f1-score   support

           0       0.77      0.83      0.80      4669
           1       0.82      0.76      0.79      4669

    accuracy                           0.80      9338
   macro avg       0.80      0.80      0.80      9338
weighted avg       0.80      0.80      0.80      9338

Acc=0.7956 DR=0.7567 FAR=0.1656 F1=0.7873
CM:
 [[3896  773]
 [1136 3533]]
Relatório salvo em: C:\Users\Araújo Notebook\Documents\GitHub\Intrusion-Detection-System-Using-Machine-Learning\data\pipeline_can_fine\anomaly\loao\attack_2\reports\phase11_anomaly_biased.json
Modelos anomaly salvos em: C:\Users\Araújo Notebook\Documents\GitHub\Intrusion-Detection-System-Using-Machine-Learning\data\pipeline_can_fine\anomaly\loao\attack_2\models\anomaly
[2026-06-08 01:50:12]   OK fase 11 concluida em 16.5s
[2026-06-08 01:50:12] Resultado - DR=0.7567, FAR=0.1656, F1=0.7873 | rodada 28m30s | restam 1 nesta execucao
[2026-06-08 01:50:12] === sessão concluída ===
