[2026-06-08 01:15:42] === sessão iniciada — log: C:\Users\Araújo Notebook\Documents\GitHub\Intrusion-Detection-System-Using-Machine-Learning\data\pipeline_can_fine\anomaly\loao\attack_1\loao_run.log ===
[2026-06-08 01:15:42] intermediate-dir: C:\Users\Araújo Notebook\Documents\GitHub\Intrusion-Detection-System-Using-Machine-Learning\data\pipeline_can_fine
[2026-06-08 01:15:42] amostra: C:\Users\Araújo Notebook\Documents\GitHub\Intrusion-Detection-System-Using-Machine-Learning\data\pipeline_can_fine\02_sampled_kmeans.parquet
[2026-06-08 01:15:42] output-root: C:\Users\Araújo Notebook\Documents\GitHub\Intrusion-Detection-System-Using-Machine-Learning\data\pipeline_can_fine\anomaly\loao
[2026-06-08 01:15:42] [LOAO 1/3] zero-day: DoS (Label=1) | decorrido global 0.0s
[2026-06-08 01:15:42]   -> [fase 7 - 1/5] Partição binária LOAO ...
[2026-06-08 01:15:42] >> C:\Users\Araújo Notebook\Documents\GitHub\Intrusion-Detection-System-Using-Machine-Learning\.venv\Scripts\python.exe -m mth_ids_pipeline.phases.phase07_anomaly_datasets --intermediate-dir C:\Users\Araújo Notebook\Documents\GitHub\Intrusion-Detection-System-Using-Machine-Learning\data\pipeline_can_fine --report-dir C:\Users\Araújo Notebook\Documents\GitHub\Intrusion-Detection-System-Using-Machine-Learning\data\pipeline_can_fine\anomaly\loao\attack_1\reports --work-dir C:\Users\Araújo Notebook\Documents\GitHub\Intrusion-Detection-System-Using-Machine-Learning\data\pipeline_can_fine\anomaly\loao\attack_1 --attack-label 1

=== LOAO [fase 7 (split binário)] ===
  treino: rows=30804 labels={'0': 18211, '1': 12593}
  teste:  rows=5115 labels={'1': 5115}
  zero-day=5115 benign_test=0 regra=fase7_zero_day_only
  rótulos originais no treino (pré-binário): {'0': 18211, '3': 7924, '2': 4669}
  zero-day label=1 excluído_do_treino=True
Salvo: C:\Users\Araújo Notebook\Documents\GitHub\Intrusion-Detection-System-Using-Machine-Learning\data\pipeline_can_fine\anomaly\loao\attack_1\a01_without_portscan.parquet (30804, 10), C:\Users\Araújo Notebook\Documents\GitHub\Intrusion-Detection-System-Using-Machine-Learning\data\pipeline_can_fine\anomaly\loao\attack_1\a02_portscan_only.parquet (5115, 10)
Relatorio salvo em: C:\Users\Araújo Notebook\Documents\GitHub\Intrusion-Detection-System-Using-Machine-Learning\data\pipeline_can_fine\anomaly\loao\attack_1\reports\phase07_anomaly_datasets.json
[2026-06-08 01:15:44]   OK fase 7 concluida em 2.0s
[2026-06-08 01:15:44]   -> [fase 8 - 2/5] Features (Z-score, IG, FCBF, KPCA) ...
[2026-06-08 01:15:44] >> C:\Users\Araújo Notebook\Documents\GitHub\Intrusion-Detection-System-Using-Machine-Learning\.venv\Scripts\python.exe -m mth_ids_pipeline.phases.phase08_anomaly_features --intermediate-dir C:\Users\Araújo Notebook\Documents\GitHub\Intrusion-Detection-System-Using-Machine-Learning\data\pipeline_can_fine --report-dir C:\Users\Araújo Notebook\Documents\GitHub\Intrusion-Detection-System-Using-Machine-Learning\data\pipeline_can_fine\anomaly\loao\attack_1\reports --work-dir C:\Users\Araújo Notebook\Documents\GitHub\Intrusion-Detection-System-Using-Machine-Learning\data\pipeline_can_fine\anomaly\loao\attack_1 --random-state 0 --feature-fit-scope combined --zscore-scope combined --fcbf-k 20 --kpca-components 10 --kpca-kernel rbf --ig-cumulative 0.9 --cv-folds 10 --ig-hpo-calls 15 --kpca-hpo-calls 15 --optimize-ig --optimize-kpca
[1/5] [####----------------] Dados carregados (fase 7) (+0.1s)

=== LOAO [fase 8 (pré-normalização)] ===
  treino: rows=30804 labels={'0': 18211, '1': 12593}
  teste:  rows=10230 labels={'1': 5115, '0': 5115}
  zero-day=5115 benign_test=5115 regra=paper_table_ix_1_to_1
  rótulos originais no treino (pré-binário): {'0': 18211, '3': 7924, '2': 4669}
  zero-day label=1 excluído_do_treino=True
Partição LOAO: treino=(30804, 10), teste=(10230, 10)
features=9
[2/5] [########------------] Partição treino/teste (+0.1s)
BO-GP IG (treino LOAO): alpha=0.8719, CV acc=0.8795
BO-GP KPCA: n=7, kernel=sigmoid, CV acc=0.8733
KernelPCA: matriz kernel estimada ~6.3 GiB (41034 amostras). Feche outros programas se ocorrer MemoryError.
  [KPCA fit treino] shape=(41034, 7), n_components=7
KernelPCA: matriz kernel estimada ~6.3 GiB (41034 amostras). Feche outros programas se ocorrer MemoryError.
  [KPCA transform combinado] shape=(41034, 7)
[3/5] [############--------] Z-score (combined) + IG + FCBF + KPCA (combinado) (+293.5s)
[4/5] [################----] Artefatos e parquets salvos (+293.8s)
Salvo: C:\Users\Araújo Notebook\Documents\GitHub\Intrusion-Detection-System-Using-Machine-Learning\data\pipeline_can_fine\anomaly\loao\attack_1\a03_combined_normalized.parquet shape=(41034, 10)
Salvo: C:\Users\Araújo Notebook\Documents\GitHub\Intrusion-Detection-System-Using-Machine-Learning\data\pipeline_can_fine\anomaly\loao\attack_1\a04_after_kpca.parquet shape=(41034, 8)
Meta/partição: C:\Users\Araújo Notebook\Documents\GitHub\Intrusion-Detection-System-Using-Machine-Learning\data\pipeline_can_fine\anomaly\loao\attack_1\a06_test_slice.json
Relatorio salvo em: C:\Users\Araújo Notebook\Documents\GitHub\Intrusion-Detection-System-Using-Machine-Learning\data\pipeline_can_fine\anomaly\loao\attack_1\reports\phase08_anomaly_features.json
[5/5] [####################] Relatorio JSON (+293.8s)
[2026-06-08 01:20:41]   OK fase 8 concluida em 4m57s
[2026-06-08 01:20:41]   -> [fase 9 - 3/5] SMOTE + CL-k-means inicial ...
[2026-06-08 01:20:41] >> C:\Users\Araújo Notebook\Documents\GitHub\Intrusion-Detection-System-Using-Machine-Learning\.venv\Scripts\python.exe -m mth_ids_pipeline.phases.phase09_anomaly_cluster --intermediate-dir C:\Users\Araújo Notebook\Documents\GitHub\Intrusion-Detection-System-Using-Machine-Learning\data\pipeline_can_fine --report-dir C:\Users\Araújo Notebook\Documents\GitHub\Intrusion-Detection-System-Using-Machine-Learning\data\pipeline_can_fine\anomaly\loao\attack_1\reports --work-dir C:\Users\Araújo Notebook\Documents\GitHub\Intrusion-Detection-System-Using-Machine-Learning\data\pipeline_can_fine\anomaly\loao\attack_1 --random-state 0 --no-smote
Partição KPCA: treino=(30804, 7) labels={'0': 18211, '1': 12593} | teste=(10230, 7) labels={'1': 5115, '0': 5115}
Salvo treino pós-SMOTE: C:\Users\Araújo Notebook\Documents\GitHub\Intrusion-Detection-System-Using-Machine-Learning\data\pipeline_can_fine\anomaly\loao\attack_1\a05_train_after_smote.parquet
              precision    recall  f1-score   support

           0       0.49      0.93      0.64      5115
           1       0.36      0.04      0.07      5115

    accuracy                           0.48     10230
   macro avg       0.43      0.48      0.36     10230
weighted avg       0.43      0.48      0.36     10230

Accuracy: 0.48377321603128054
CM:
 [[4738  377]
 [4904  211]]
Relatorio salvo em: C:\Users\Araújo Notebook\Documents\GitHub\Intrusion-Detection-System-Using-Machine-Learning\data\pipeline_can_fine\anomaly\loao\attack_1\reports\phase09_anomaly_cluster.json
[2026-06-08 01:20:46]   OK fase 9 concluida em 5.0s
[2026-06-08 01:20:46]   -> [fase 10 - 4/5] BO-GP n_clusters ...
[2026-06-08 01:20:46] >> C:\Users\Araújo Notebook\Documents\GitHub\Intrusion-Detection-System-Using-Machine-Learning\.venv\Scripts\python.exe -m mth_ids_pipeline.phases.phase10_anomaly_cluster_hpo --intermediate-dir C:\Users\Araújo Notebook\Documents\GitHub\Intrusion-Detection-System-Using-Machine-Learning\data\pipeline_can_fine --report-dir C:\Users\Araújo Notebook\Documents\GitHub\Intrusion-Detection-System-Using-Machine-Learning\data\pipeline_can_fine\anomaly\loao\attack_1\reports --work-dir C:\Users\Araújo Notebook\Documents\GitHub\Intrusion-Detection-System-Using-Machine-Learning\data\pipeline_can_fine\anomaly\loao\attack_1 --random-state 0 --n-calls 15 --hpo-metric f1 --no-smote --metrics euclidean,manhattan,cosine,mahalanobis
Partição KPCA: treino=(30804, 7) labels={'0': 18211, '1': 12593} | teste=(10230, 7) labels={'1': 5115, '0': 5115}
Baseline CL-k-means (n=8, metric=euclidean): f1=0.0740
  trial n=30, metric=mahalanobis: f1=0.0218
  trial n=43, metric=mahalanobis: f1=0.0726
  trial n=32, metric=manhattan: f1=0.0473
  trial n=16, metric=euclidean: f1=0.0210
  trial n=15, metric=manhattan: f1=0.0988
  trial n=41, metric=manhattan: f1=0.1249
  trial n=21, metric=mahalanobis: f1=0.0004
  trial n=18, metric=cosine: f1=0.0348
  trial n=20, metric=mahalanobis: f1=0.0497
  trial n=9, metric=mahalanobis: f1=0.0760
  trial n=43, metric=manhattan: f1=0.1231
  trial n=47, metric=manhattan: f1=0.1480
  trial n=50, metric=manhattan: f1=0.0445
  trial n=44, metric=manhattan: f1=0.1502
  trial n=45, metric=manhattan: f1=0.1738
Melhor n_clusters=45, metric=manhattan, f1=0.1738
Avaliação final n=45, metric=manhattan: f1=0.1738
Partição LOAO (fase 10): treino=(30804, 7) labels={'0': 18211, '1': 12593} | teste=(10230, 7) labels={'1': 5115, '0': 5115}
Relatório salvo em: C:\Users\Araújo Notebook\Documents\GitHub\Intrusion-Detection-System-Using-Machine-Learning\data\pipeline_can_fine\anomaly\loao\attack_1\reports\phase10_anomaly_cluster_hpo.json
[2026-06-08 01:21:23]   OK fase 10 concluida em 36.4s
[2026-06-08 01:21:23]   -> [fase 11 - 5/5] Biased B1/B2 ...
[2026-06-08 01:21:23] >> C:\Users\Araújo Notebook\Documents\GitHub\Intrusion-Detection-System-Using-Machine-Learning\.venv\Scripts\python.exe -m mth_ids_pipeline.phases.phase11_anomaly_biased --intermediate-dir C:\Users\Araújo Notebook\Documents\GitHub\Intrusion-Detection-System-Using-Machine-Learning\data\pipeline_can_fine --report-dir C:\Users\Araújo Notebook\Documents\GitHub\Intrusion-Detection-System-Using-Machine-Learning\data\pipeline_can_fine\anomaly\loao\attack_1\reports --work-dir C:\Users\Araújo Notebook\Documents\GitHub\Intrusion-Detection-System-Using-Machine-Learning\data\pipeline_can_fine\anomaly\loao\attack_1 --random-state 0 --biased-mode both --no-smote --force-biased --optimize-p-star --p-star-n-calls 15
k automático da fase 10: 45
metric automática da fase 10: manhattan
Biased factory: hiperparâmetros de rf.joblib ← C:\Users\Araújo Notebook\Documents\GitHub\Intrusion-Detection-System-Using-Machine-Learning\data\pipeline_mth_ids_merged\models\supervised
Biased learners: família de 'RandomForest (HPO)'
Partição KPCA: treino=(30804, 7) labels={'0': 18211, '1': 12593} | teste=(10230, 7) labels={'1': 5115, '0': 5115}
Partição LOAO (fase 11): treino=(30804, 7) labels={'0': 18211, '1': 12593} | teste=(10230, 7) labels={'1': 5115, '0': 5115}
CL-k-means (n=45, metric=manhattan): accuracy=0.5364
              precision    recall  f1-score   support

           0       0.52      0.98      0.68      5115
           1       0.80      0.10      0.17      5115

    accuracy                           0.54     10230
   macro avg       0.66      0.54      0.43     10230
weighted avg       0.66      0.54      0.43     10230

DR=0.0976 FAR=0.0248 F1=0.1738

Modo biased selecionado: both
BO-GP p*: melhor=0.9137, F1=0.8582

MTH-IDS anomaly (biased mode=both, p*=0.9136902168046985):
              precision    recall  f1-score   support

           0       0.85      0.87      0.86      5115
           1       0.86      0.85      0.86      5115

    accuracy                           0.86     10230
   macro avg       0.86      0.86      0.86     10230
weighted avg       0.86      0.86      0.86     10230

Acc=0.8591 DR=0.8524 FAR=0.1341 F1=0.8582
CM:
 [[4429  686]
 [ 755 4360]]
Relatório salvo em: C:\Users\Araújo Notebook\Documents\GitHub\Intrusion-Detection-System-Using-Machine-Learning\data\pipeline_can_fine\anomaly\loao\attack_1\reports\phase11_anomaly_biased.json
Modelos anomaly salvos em: C:\Users\Araújo Notebook\Documents\GitHub\Intrusion-Detection-System-Using-Machine-Learning\data\pipeline_can_fine\anomaly\loao\attack_1\models\anomaly
[2026-06-08 01:21:41]   OK fase 11 concluida em 18.1s
[2026-06-08 01:21:41] Resultado - DR=0.8524, FAR=0.1341, F1=0.8582 | rodada 5m59s | restam 2 nesta execucao
[2026-06-08 01:21:41] === sessão concluída ===
