[2026-06-08 01:50:12] === sessão iniciada — log: C:\Users\Araújo Notebook\Documents\GitHub\Intrusion-Detection-System-Using-Machine-Learning\data\pipeline_can_fine\anomaly\loao\attack_3\loao_run.log ===
[2026-06-08 01:50:12] intermediate-dir: C:\Users\Araújo Notebook\Documents\GitHub\Intrusion-Detection-System-Using-Machine-Learning\data\pipeline_can_fine
[2026-06-08 01:50:12] amostra: C:\Users\Araújo Notebook\Documents\GitHub\Intrusion-Detection-System-Using-Machine-Learning\data\pipeline_can_fine\02_sampled_kmeans.parquet
[2026-06-08 01:50:12] output-root: C:\Users\Araújo Notebook\Documents\GitHub\Intrusion-Detection-System-Using-Machine-Learning\data\pipeline_can_fine\anomaly\loao
[2026-06-08 01:50:12] [LOAO 3/3] zero-day: Impersonation (Label=3) | decorrido global 34m29s
[2026-06-08 01:50:12]   -> [fase 7 - 1/5] Partição binária LOAO ...
[2026-06-08 01:50:12] >> C:\Users\Araújo Notebook\Documents\GitHub\Intrusion-Detection-System-Using-Machine-Learning\.venv\Scripts\python.exe -m mth_ids_pipeline.phases.phase07_anomaly_datasets --intermediate-dir C:\Users\Araújo Notebook\Documents\GitHub\Intrusion-Detection-System-Using-Machine-Learning\data\pipeline_can_fine --report-dir C:\Users\Araújo Notebook\Documents\GitHub\Intrusion-Detection-System-Using-Machine-Learning\data\pipeline_can_fine\anomaly\loao\attack_3\reports --work-dir C:\Users\Araújo Notebook\Documents\GitHub\Intrusion-Detection-System-Using-Machine-Learning\data\pipeline_can_fine\anomaly\loao\attack_3 --attack-label 3

=== LOAO [fase 7 (split binário)] ===
  treino: rows=27995 labels={'0': 18211, '1': 9784}
  teste:  rows=7924 labels={'1': 7924}
  zero-day=7924 benign_test=0 regra=fase7_zero_day_only
  rótulos originais no treino (pré-binário): {'0': 18211, '1': 5115, '2': 4669}
  zero-day label=3 excluído_do_treino=True
Salvo: C:\Users\Araújo Notebook\Documents\GitHub\Intrusion-Detection-System-Using-Machine-Learning\data\pipeline_can_fine\anomaly\loao\attack_3\a01_without_portscan.parquet (27995, 10), C:\Users\Araújo Notebook\Documents\GitHub\Intrusion-Detection-System-Using-Machine-Learning\data\pipeline_can_fine\anomaly\loao\attack_3\a02_portscan_only.parquet (7924, 10)
Relatorio salvo em: C:\Users\Araújo Notebook\Documents\GitHub\Intrusion-Detection-System-Using-Machine-Learning\data\pipeline_can_fine\anomaly\loao\attack_3\reports\phase07_anomaly_datasets.json
[2026-06-08 01:50:13]   OK fase 7 concluida em 1.7s
[2026-06-08 01:50:13]   -> [fase 8 - 2/5] Features (Z-score, IG, FCBF, KPCA) ...
[2026-06-08 01:50:13] >> C:\Users\Araújo Notebook\Documents\GitHub\Intrusion-Detection-System-Using-Machine-Learning\.venv\Scripts\python.exe -m mth_ids_pipeline.phases.phase08_anomaly_features --intermediate-dir C:\Users\Araújo Notebook\Documents\GitHub\Intrusion-Detection-System-Using-Machine-Learning\data\pipeline_can_fine --report-dir C:\Users\Araújo Notebook\Documents\GitHub\Intrusion-Detection-System-Using-Machine-Learning\data\pipeline_can_fine\anomaly\loao\attack_3\reports --work-dir C:\Users\Araújo Notebook\Documents\GitHub\Intrusion-Detection-System-Using-Machine-Learning\data\pipeline_can_fine\anomaly\loao\attack_3 --random-state 0 --feature-fit-scope combined --zscore-scope combined --fcbf-k 20 --kpca-components 10 --kpca-kernel rbf --ig-cumulative 0.9 --cv-folds 10 --ig-hpo-calls 15 --kpca-hpo-calls 15 --optimize-ig --optimize-kpca
[1/5] [####----------------] Dados carregados (fase 7) (+0.1s)

=== LOAO [fase 8 (pré-normalização)] ===
  treino: rows=27995 labels={'0': 18211, '1': 9784}
  teste:  rows=15848 labels={'1': 7924, '0': 7924}
  zero-day=7924 benign_test=7924 regra=paper_table_ix_1_to_1
  rótulos originais no treino (pré-binário): {'0': 18211, '1': 5115, '2': 4669}
  zero-day label=3 excluído_do_treino=True
Partição LOAO: treino=(27995, 10), teste=(15848, 10)
features=9
[2/5] [########------------] Partição treino/teste (+0.1s)
BO-GP IG (treino LOAO): alpha=0.9448, CV acc=0.9452
BO-GP KPCA: n=14, kernel=sigmoid, CV acc=0.9404
KernelPCA: matriz kernel estimada ~7.2 GiB (43843 amostras). Feche outros programas se ocorrer MemoryError.
  [KPCA fit treino] shape=(43843, 8), n_components=14
KernelPCA: matriz kernel estimada ~7.2 GiB (43843 amostras). Feche outros programas se ocorrer MemoryError.
  [KPCA transform combinado] shape=(43843, 14)
[3/5] [############--------] Z-score (combined) + IG + FCBF + KPCA (combinado) (+1789.0s)
[4/5] [################----] Artefatos e parquets salvos (+1789.4s)
Salvo: C:\Users\Araújo Notebook\Documents\GitHub\Intrusion-Detection-System-Using-Machine-Learning\data\pipeline_can_fine\anomaly\loao\attack_3\a03_combined_normalized.parquet shape=(43843, 10)
Salvo: C:\Users\Araújo Notebook\Documents\GitHub\Intrusion-Detection-System-Using-Machine-Learning\data\pipeline_can_fine\anomaly\loao\attack_3\a04_after_kpca.parquet shape=(43843, 15)
Meta/partição: C:\Users\Araújo Notebook\Documents\GitHub\Intrusion-Detection-System-Using-Machine-Learning\data\pipeline_can_fine\anomaly\loao\attack_3\a06_test_slice.json
Relatorio salvo em: C:\Users\Araújo Notebook\Documents\GitHub\Intrusion-Detection-System-Using-Machine-Learning\data\pipeline_can_fine\anomaly\loao\attack_3\reports\phase08_anomaly_features.json
[5/5] [####################] Relatorio JSON (+1789.4s)
[2026-06-08 02:20:05]   OK fase 8 concluida em 29m51s
[2026-06-08 02:20:05]   -> [fase 9 - 3/5] SMOTE + CL-k-means inicial ...
[2026-06-08 02:20:05] >> C:\Users\Araújo Notebook\Documents\GitHub\Intrusion-Detection-System-Using-Machine-Learning\.venv\Scripts\python.exe -m mth_ids_pipeline.phases.phase09_anomaly_cluster --intermediate-dir C:\Users\Araújo Notebook\Documents\GitHub\Intrusion-Detection-System-Using-Machine-Learning\data\pipeline_can_fine --report-dir C:\Users\Araújo Notebook\Documents\GitHub\Intrusion-Detection-System-Using-Machine-Learning\data\pipeline_can_fine\anomaly\loao\attack_3\reports --work-dir C:\Users\Araújo Notebook\Documents\GitHub\Intrusion-Detection-System-Using-Machine-Learning\data\pipeline_can_fine\anomaly\loao\attack_3 --random-state 0 --no-smote
Partição KPCA: treino=(27995, 14) labels={'0': 18211, '1': 9784} | teste=(15848, 14) labels={'1': 7924, '0': 7924}
Salvo treino pós-SMOTE: C:\Users\Araújo Notebook\Documents\GitHub\Intrusion-Detection-System-Using-Machine-Learning\data\pipeline_can_fine\anomaly\loao\attack_3\a05_train_after_smote.parquet
              precision    recall  f1-score   support

           0       0.50      1.00      0.67      7924
           1       0.00      0.00      0.00      7924

    accuracy                           0.50     15848
   macro avg       0.25      0.50      0.33     15848
weighted avg       0.25      0.50      0.33     15848

Accuracy: 0.5
CM:
 [[7924    0]
 [7924    0]]
Relatorio salvo em: C:\Users\Araújo Notebook\Documents\GitHub\Intrusion-Detection-System-Using-Machine-Learning\data\pipeline_can_fine\anomaly\loao\attack_3\reports\phase09_anomaly_cluster.json
[2026-06-08 02:20:26]   OK fase 9 concluida em 20.7s
[2026-06-08 02:20:26]   -> [fase 10 - 4/5] BO-GP n_clusters ...
[2026-06-08 02:20:26] >> C:\Users\Araújo Notebook\Documents\GitHub\Intrusion-Detection-System-Using-Machine-Learning\.venv\Scripts\python.exe -m mth_ids_pipeline.phases.phase10_anomaly_cluster_hpo --intermediate-dir C:\Users\Araújo Notebook\Documents\GitHub\Intrusion-Detection-System-Using-Machine-Learning\data\pipeline_can_fine --report-dir C:\Users\Araújo Notebook\Documents\GitHub\Intrusion-Detection-System-Using-Machine-Learning\data\pipeline_can_fine\anomaly\loao\attack_3\reports --work-dir C:\Users\Araújo Notebook\Documents\GitHub\Intrusion-Detection-System-Using-Machine-Learning\data\pipeline_can_fine\anomaly\loao\attack_3 --random-state 0 --n-calls 15 --hpo-metric f1 --no-smote --metrics euclidean,manhattan,cosine,mahalanobis
Partição KPCA: treino=(27995, 14) labels={'0': 18211, '1': 9784} | teste=(15848, 14) labels={'1': 7924, '0': 7924}
Baseline CL-k-means (n=8, metric=euclidean): f1=0.0000
  trial n=30, metric=mahalanobis: f1=0.1192
  trial n=43, metric=mahalanobis: f1=0.0782
  trial n=32, metric=manhattan: f1=0.2099
  trial n=16, metric=euclidean: f1=0.2455
  trial n=15, metric=manhattan: f1=0.2416
  trial n=41, metric=manhattan: f1=0.0231
  trial n=21, metric=mahalanobis: f1=0.1747
  trial n=18, metric=cosine: f1=0.1449
  trial n=20, metric=mahalanobis: f1=0.2447
  trial n=9, metric=mahalanobis: f1=0.0988
  trial n=18, metric=mahalanobis: f1=0.2435
  trial n=17, metric=manhattan: f1=0.2374
  trial n=19, metric=mahalanobis: f1=0.2732
  trial n=34, metric=manhattan: f1=0.0309
  trial n=30, metric=manhattan: f1=0.1348
Melhor n_clusters=19, metric=mahalanobis, f1=0.2732
Avaliação final n=19, metric=mahalanobis: f1=0.2732
Partição LOAO (fase 10): treino=(27995, 14) labels={'0': 18211, '1': 9784} | teste=(15848, 14) labels={'1': 7924, '0': 7924}
Relatório salvo em: C:\Users\Araújo Notebook\Documents\GitHub\Intrusion-Detection-System-Using-Machine-Learning\data\pipeline_can_fine\anomaly\loao\attack_3\reports\phase10_anomaly_cluster_hpo.json
[2026-06-08 02:20:52]   OK fase 10 concluida em 25.7s
[2026-06-08 02:20:52]   -> [fase 11 - 5/5] Biased B1/B2 ...
[2026-06-08 02:20:52] >> C:\Users\Araújo Notebook\Documents\GitHub\Intrusion-Detection-System-Using-Machine-Learning\.venv\Scripts\python.exe -m mth_ids_pipeline.phases.phase11_anomaly_biased --intermediate-dir C:\Users\Araújo Notebook\Documents\GitHub\Intrusion-Detection-System-Using-Machine-Learning\data\pipeline_can_fine --report-dir C:\Users\Araújo Notebook\Documents\GitHub\Intrusion-Detection-System-Using-Machine-Learning\data\pipeline_can_fine\anomaly\loao\attack_3\reports --work-dir C:\Users\Araújo Notebook\Documents\GitHub\Intrusion-Detection-System-Using-Machine-Learning\data\pipeline_can_fine\anomaly\loao\attack_3 --random-state 0 --biased-mode both --no-smote --force-biased --optimize-p-star --p-star-n-calls 15
k automático da fase 10: 19
metric automática da fase 10: mahalanobis
Biased factory: hiperparâmetros de rf.joblib ← C:\Users\Araújo Notebook\Documents\GitHub\Intrusion-Detection-System-Using-Machine-Learning\data\pipeline_mth_ids_merged\models\supervised
Biased learners: família de 'RandomForest (HPO)'
Partição KPCA: treino=(27995, 14) labels={'0': 18211, '1': 9784} | teste=(15848, 14) labels={'1': 7924, '0': 7924}
Partição LOAO (fase 11): treino=(27995, 14) labels={'0': 18211, '1': 9784} | teste=(15848, 14) labels={'1': 7924, '0': 7924}
CL-k-means (n=19, metric=mahalanobis): accuracy=0.5020
              precision    recall  f1-score   support

           0       0.50      0.82      0.62      7924
           1       0.51      0.19      0.27      7924

    accuracy                           0.50     15848
   macro avg       0.50      0.50      0.45     15848
weighted avg       0.50      0.50      0.45     15848

DR=0.1872 FAR=0.1831 F1=0.2732

Modo biased selecionado: both
BO-GP p*: melhor=0.9137, F1=0.5419

MTH-IDS anomaly (biased mode=both, p*=0.9136902168046985):
              precision    recall  f1-score   support

           0       0.61      0.92      0.73      7924
           1       0.83      0.40      0.54      7924

    accuracy                           0.66     15848
   macro avg       0.72      0.66      0.64     15848
weighted avg       0.72      0.66      0.64     15848

Acc=0.6600 DR=0.4023 FAR=0.0824 F1=0.5419
CM:
 [[7271  653]
 [4736 3188]]
Relatório salvo em: C:\Users\Araújo Notebook\Documents\GitHub\Intrusion-Detection-System-Using-Machine-Learning\data\pipeline_can_fine\anomaly\loao\attack_3\reports\phase11_anomaly_biased.json
Modelos anomaly salvos em: C:\Users\Araújo Notebook\Documents\GitHub\Intrusion-Detection-System-Using-Machine-Learning\data\pipeline_can_fine\anomaly\loao\attack_3\models\anomaly
[2026-06-08 02:21:02]   OK fase 11 concluida em 10.0s
[2026-06-08 02:21:02] Resultado - DR=0.4023, FAR=0.0824, F1=0.5419 | rodada 30m49s | restam 0 nesta execucao
[2026-06-08 02:21:02] === sessão concluída ===
