[2026-06-11 08:54:53] === sessão iniciada — log: /home/pedro_campelo/projects/cin/ataqueDeteccaoDeIntrusao/Intrusion-Detection-System-Using-Machine-Learning/results/logs/anomaly_fine_can_paper_phases7-12_20260611_085453.log ===
[2026-06-11 08:54:53] intermediate-dir: /home/pedro_campelo/projects/cin/ataqueDeteccaoDeIntrusao/Intrusion-Detection-System-Using-Machine-Learning/data/pipeline_can_intrusion_fine
[2026-06-11 08:54:53] protocolo: can_paper | ramo: anomaly | perfil: fine
[2026-06-11 08:54:53] fases: 7-12 (12)
[2026-06-11 08:54:53] LOAO: fases 7–11 globais omitidas; a fase 12 executa 7–11 por ataque em anomaly/loao/attack_<N>/
[2026-06-11 08:54:53] >>> Fase 12 — LOAO (leave-one-attack-out; pode levar muitas horas)
[2026-06-11 08:54:53] -> [fase 12 - 1/1] LOAO (orquestração) ...
[2026-06-11 08:54:53] >> /home/pedro_campelo/projects/cin/ataqueDeteccaoDeIntrusao/Intrusion-Detection-System-Using-Machine-Learning/.venv/bin/python -m mth_ids_pipeline.phases.phase12_anomaly_loao --report-dir /home/pedro_campelo/projects/cin/ataqueDeteccaoDeIntrusao/Intrusion-Detection-System-Using-Machine-Learning/data/pipeline_can_intrusion_fine/phase_reports --intermediate-dir /home/pedro_campelo/projects/cin/ataqueDeteccaoDeIntrusao/Intrusion-Detection-System-Using-Machine-Learning/data/pipeline_can_intrusion_fine --random-state 0 --hpo-n-calls 15 --hpo-metric f1 --biased-mode both --feature-fit-scope combined --zscore-scope combined --fcbf-k 20 --kpca-components 10 --kpca-kernel rbf --ig-cumulative 0.9 --cv-folds 10 --ig-hpo-calls 15 --kpca-hpo-calls 15 --metrics euclidean,manhattan,cosine,mahalanobis --no-smote --optimize-kpca --force-biased --optimize-p-star

######################################################################
LOAO — 4 ataque(s) nesta execução × 5 subfases (7->8->9->10->11) -> /home/pedro_campelo/projects/cin/ataqueDeteccaoDeIntrusao/Intrusion-Detection-System-Using-Machine-Learning/data/pipeline_can_intrusion_fine/anomaly/loao
Log por ataque: results/logs/loao/attack_<N>.log (cópia local em attack_<N>/loao_run.log)
  - [ 1] Bot
  - [ 2] BruteForce
  - [ 3] DoS
  - [ 4] Infiltration
######################################################################

=== sessão iniciada — log: /home/pedro_campelo/projects/cin/ataqueDeteccaoDeIntrusao/Intrusion-Detection-System-Using-Machine-Learning/data/pipeline_can_intrusion_fine/anomaly/loao/attack_1/loao_run.log ===
intermediate-dir: /home/pedro_campelo/projects/cin/ataqueDeteccaoDeIntrusao/Intrusion-Detection-System-Using-Machine-Learning/data/pipeline_can_intrusion_fine
amostra: /home/pedro_campelo/projects/cin/ataqueDeteccaoDeIntrusao/Intrusion-Detection-System-Using-Machine-Learning/data/pipeline_can_intrusion_fine/02_sampled_kmeans.parquet
output-root: /home/pedro_campelo/projects/cin/ataqueDeteccaoDeIntrusao/Intrusion-Detection-System-Using-Machine-Learning/data/pipeline_can_intrusion_fine/anomaly/loao
[LOAO 1/4] zero-day: Bot (Label=1) | decorrido global 0.0s
  -> [fase 7 - 1/5] Partição binária LOAO ...
>> /home/pedro_campelo/projects/cin/ataqueDeteccaoDeIntrusao/Intrusion-Detection-System-Using-Machine-Learning/.venv/bin/python -m mth_ids_pipeline.phases.phase07_anomaly_datasets --intermediate-dir /home/pedro_campelo/projects/cin/ataqueDeteccaoDeIntrusao/Intrusion-Detection-System-Using-Machine-Learning/data/pipeline_can_intrusion_fine --report-dir /home/pedro_campelo/projects/cin/ataqueDeteccaoDeIntrusao/Intrusion-Detection-System-Using-Machine-Learning/data/pipeline_can_intrusion_fine/anomaly/loao/attack_1/reports --work-dir /home/pedro_campelo/projects/cin/ataqueDeteccaoDeIntrusao/Intrusion-Detection-System-Using-Machine-Learning/data/pipeline_can_intrusion_fine/anomaly/loao/attack_1 --attack-label 1

=== LOAO [fase 7 (split binário)] ===
  treino: rows=27321 labels={'1': 17426, '0': 9895}
  teste:  rows=5875 labels={'1': 5875}
  zero-day=5875 benign_test=0 regra=fase7_zero_day_only
  rótulos originais no treino (pré-binário): {'0': 9895, '4': 6549, '3': 5971, '2': 4906}
  zero-day label=1 excluído_do_treino=True
Salvo: /home/pedro_campelo/projects/cin/ataqueDeteccaoDeIntrusao/Intrusion-Detection-System-Using-Machine-Learning/data/pipeline_can_intrusion_fine/anomaly/loao/attack_1/a01_without_portscan.parquet (27321, 11), /home/pedro_campelo/projects/cin/ataqueDeteccaoDeIntrusao/Intrusion-Detection-System-Using-Machine-Learning/data/pipeline_can_intrusion_fine/anomaly/loao/attack_1/a02_portscan_only.parquet (5875, 11)
Relatorio salvo em: /home/pedro_campelo/projects/cin/ataqueDeteccaoDeIntrusao/Intrusion-Detection-System-Using-Machine-Learning/data/pipeline_can_intrusion_fine/anomaly/loao/attack_1/reports/phase07_anomaly_datasets.json
  OK fase 7 concluida em 1.5s
  -> [fase 8 - 2/5] Features (Z-score, IG, FCBF, KPCA) ...
>> /home/pedro_campelo/projects/cin/ataqueDeteccaoDeIntrusao/Intrusion-Detection-System-Using-Machine-Learning/.venv/bin/python -m mth_ids_pipeline.phases.phase08_anomaly_features --intermediate-dir /home/pedro_campelo/projects/cin/ataqueDeteccaoDeIntrusao/Intrusion-Detection-System-Using-Machine-Learning/data/pipeline_can_intrusion_fine --report-dir /home/pedro_campelo/projects/cin/ataqueDeteccaoDeIntrusao/Intrusion-Detection-System-Using-Machine-Learning/data/pipeline_can_intrusion_fine/anomaly/loao/attack_1/reports --work-dir /home/pedro_campelo/projects/cin/ataqueDeteccaoDeIntrusao/Intrusion-Detection-System-Using-Machine-Learning/data/pipeline_can_intrusion_fine/anomaly/loao/attack_1 --random-state 0 --feature-fit-scope combined --zscore-scope combined --fcbf-k 20 --kpca-components 10 --kpca-kernel rbf --ig-cumulative 0.9 --cv-folds 10 --ig-hpo-calls 15 --kpca-hpo-calls 15 --optimize-kpca
[1/5] [####----------------] Dados carregados (fase 7) (+0.0s)

=== LOAO [fase 8 (pré-normalização)] ===
  treino: rows=27321 labels={'1': 17426, '0': 9895}
  teste:  rows=11750 labels={'1': 5875, '0': 5875}
  zero-day=5875 benign_test=5875 regra=paper_table_ix_1_to_1
  rótulos originais no treino (pré-binário): {'0': 9895, '4': 6549, '3': 5971, '2': 4906}
  zero-day label=1 excluído_do_treino=True
Partição LOAO: treino=(27321, 11), teste=(11750, 11)
features=10
[2/5] [########------------] Partição treino/teste (+0.0s)
BO-GP KPCA: n=17, kernel=sigmoid, CV acc=0.9944
KernelPCA: matriz kernel estimada ~5.7 GiB (39071 amostras). Feche outros programas se ocorrer MemoryError.
  [KPCA fit treino] shape=(39071, 8), n_components=17
KernelPCA: matriz kernel estimada ~5.7 GiB (39071 amostras). Feche outros programas se ocorrer MemoryError.
  [KPCA transform combinado] shape=(39071, 17)
[3/5] [############--------] Z-score (combined) + IG + FCBF + KPCA (combinado) (+1881.3s)
[4/5] [################----] Artefatos e parquets salvos (+1881.4s)
Salvo: /home/pedro_campelo/projects/cin/ataqueDeteccaoDeIntrusao/Intrusion-Detection-System-Using-Machine-Learning/data/pipeline_can_intrusion_fine/anomaly/loao/attack_1/a03_combined_normalized.parquet shape=(39071, 11)
Salvo: /home/pedro_campelo/projects/cin/ataqueDeteccaoDeIntrusao/Intrusion-Detection-System-Using-Machine-Learning/data/pipeline_can_intrusion_fine/anomaly/loao/attack_1/a04_after_kpca.parquet shape=(39071, 18)
Meta/partição: /home/pedro_campelo/projects/cin/ataqueDeteccaoDeIntrusao/Intrusion-Detection-System-Using-Machine-Learning/data/pipeline_can_intrusion_fine/anomaly/loao/attack_1/a06_test_slice.json
Relatorio salvo em: /home/pedro_campelo/projects/cin/ataqueDeteccaoDeIntrusao/Intrusion-Detection-System-Using-Machine-Learning/data/pipeline_can_intrusion_fine/anomaly/loao/attack_1/reports/phase08_anomaly_features.json
[5/5] [####################] Relatorio JSON (+1881.4s)
  OK fase 8 concluida em 31m22s
  -> [fase 9 - 3/5] SMOTE + CL-k-means inicial ...
>> /home/pedro_campelo/projects/cin/ataqueDeteccaoDeIntrusao/Intrusion-Detection-System-Using-Machine-Learning/.venv/bin/python -m mth_ids_pipeline.phases.phase09_anomaly_cluster --intermediate-dir /home/pedro_campelo/projects/cin/ataqueDeteccaoDeIntrusao/Intrusion-Detection-System-Using-Machine-Learning/data/pipeline_can_intrusion_fine --report-dir /home/pedro_campelo/projects/cin/ataqueDeteccaoDeIntrusao/Intrusion-Detection-System-Using-Machine-Learning/data/pipeline_can_intrusion_fine/anomaly/loao/attack_1/reports --work-dir /home/pedro_campelo/projects/cin/ataqueDeteccaoDeIntrusao/Intrusion-Detection-System-Using-Machine-Learning/data/pipeline_can_intrusion_fine/anomaly/loao/attack_1 --random-state 0 --no-smote
Partição KPCA: treino=(27321, 17) labels={'1': 17426, '0': 9895} | teste=(11750, 17) labels={'1': 5875, '0': 5875}
Salvo treino pós-SMOTE: /home/pedro_campelo/projects/cin/ataqueDeteccaoDeIntrusao/Intrusion-Detection-System-Using-Machine-Learning/data/pipeline_can_intrusion_fine/anomaly/loao/attack_1/a05_train_after_smote.parquet
              precision    recall  f1-score   support

           0       0.46      0.85      0.60      5875
           1       0.00      0.00      0.00      5875

    accuracy                           0.43     11750
   macro avg       0.23      0.43      0.30     11750
weighted avg       0.23      0.43      0.30     11750

Accuracy: 0.4251063829787234
CM:
 [[4995  880]
 [5875    0]]
Relatorio salvo em: /home/pedro_campelo/projects/cin/ataqueDeteccaoDeIntrusao/Intrusion-Detection-System-Using-Machine-Learning/data/pipeline_can_intrusion_fine/anomaly/loao/attack_1/reports/phase09_anomaly_cluster.json
  OK fase 9 concluida em 2.1s
  -> [fase 10 - 4/5] BO-GP n_clusters ...
>> /home/pedro_campelo/projects/cin/ataqueDeteccaoDeIntrusao/Intrusion-Detection-System-Using-Machine-Learning/.venv/bin/python -m mth_ids_pipeline.phases.phase10_anomaly_cluster_hpo --intermediate-dir /home/pedro_campelo/projects/cin/ataqueDeteccaoDeIntrusao/Intrusion-Detection-System-Using-Machine-Learning/data/pipeline_can_intrusion_fine --report-dir /home/pedro_campelo/projects/cin/ataqueDeteccaoDeIntrusao/Intrusion-Detection-System-Using-Machine-Learning/data/pipeline_can_intrusion_fine/anomaly/loao/attack_1/reports --work-dir /home/pedro_campelo/projects/cin/ataqueDeteccaoDeIntrusao/Intrusion-Detection-System-Using-Machine-Learning/data/pipeline_can_intrusion_fine/anomaly/loao/attack_1 --random-state 0 --n-calls 15 --hpo-metric f1 --no-smote --metrics euclidean,manhattan,cosine,mahalanobis
Partição KPCA: treino=(27321, 17) labels={'1': 17426, '0': 9895} | teste=(11750, 17) labels={'1': 5875, '0': 5875}
Baseline CL-k-means (n=8, metric=euclidean): f1=0.0000
  trial n=30, metric=mahalanobis: f1=0.0000
  trial n=43, metric=mahalanobis: f1=0.0000
  trial n=32, metric=manhattan: f1=0.0000
  trial n=16, metric=euclidean: f1=0.0000
  trial n=15, metric=manhattan: f1=0.0000
  trial n=41, metric=manhattan: f1=0.0000
  trial n=21, metric=mahalanobis: f1=0.0000
  trial n=18, metric=cosine: f1=0.0000
  trial n=20, metric=mahalanobis: f1=0.0000
  trial n=9, metric=mahalanobis: f1=0.0000
  trial n=50, metric=euclidean: f1=0.0000
  trial n=50, metric=cosine: f1=0.0000
  trial n=2, metric=cosine: f1=0.6667
  trial n=4, metric=cosine: f1=0.0000
  trial n=2, metric=mahalanobis: f1=0.6667
Melhor n_clusters=2, metric=mahalanobis, f1=0.6667
Avaliação final n=2, metric=mahalanobis: f1=0.6667
Partição LOAO (fase 10): treino=(27321, 17) labels={'1': 17426, '0': 9895} | teste=(11750, 17) labels={'1': 5875, '0': 5875}
Relatório salvo em: /home/pedro_campelo/projects/cin/ataqueDeteccaoDeIntrusao/Intrusion-Detection-System-Using-Machine-Learning/data/pipeline_can_intrusion_fine/anomaly/loao/attack_1/reports/phase10_anomaly_cluster_hpo.json
  OK fase 10 concluida em 10.1s
  -> [fase 11 - 5/5] Biased B1/B2 ...
>> /home/pedro_campelo/projects/cin/ataqueDeteccaoDeIntrusao/Intrusion-Detection-System-Using-Machine-Learning/.venv/bin/python -m mth_ids_pipeline.phases.phase11_anomaly_biased --intermediate-dir /home/pedro_campelo/projects/cin/ataqueDeteccaoDeIntrusao/Intrusion-Detection-System-Using-Machine-Learning/data/pipeline_can_intrusion_fine --report-dir /home/pedro_campelo/projects/cin/ataqueDeteccaoDeIntrusao/Intrusion-Detection-System-Using-Machine-Learning/data/pipeline_can_intrusion_fine/anomaly/loao/attack_1/reports --work-dir /home/pedro_campelo/projects/cin/ataqueDeteccaoDeIntrusao/Intrusion-Detection-System-Using-Machine-Learning/data/pipeline_can_intrusion_fine/anomaly/loao/attack_1 --random-state 0 --biased-mode both --no-smote --force-biased --optimize-p-star --p-star-n-calls 15
k automático da fase 10: 2
metric automática da fase 10: mahalanobis
Biased learners: família de 'RandomForest (HPO)'
Partição KPCA: treino=(27321, 17) labels={'1': 17426, '0': 9895} | teste=(11750, 17) labels={'1': 5875, '0': 5875}
Partição LOAO (fase 11): treino=(27321, 17) labels={'1': 17426, '0': 9895} | teste=(11750, 17) labels={'1': 5875, '0': 5875}
CL-k-means (n=2, metric=mahalanobis): accuracy=0.5000
              precision    recall  f1-score   support

           0       0.00      0.00      0.00      5875
           1       0.50      1.00      0.67      5875

    accuracy                           0.50     11750
   macro avg       0.25      0.50      0.33     11750
weighted avg       0.25      0.50      0.33     11750

DR=1.0000 FAR=1.0000 F1=0.6667

Modo biased selecionado: both
BO-GP p*: melhor=0.6458, F1=0.7697

MTH-IDS anomaly (biased mode=both, p*=0.6457919572067914):
              precision    recall  f1-score   support

           0       1.00      0.40      0.57      5875
           1       0.63      1.00      0.77      5875

    accuracy                           0.70     11750
   macro avg       0.81      0.70      0.67     11750
weighted avg       0.81      0.70      0.67     11750

Acc=0.7009 DR=1.0000 FAR=0.5983 F1=0.7697
CM:
 [[2360 3515]
 [   0 5875]]
Relatório salvo em: /home/pedro_campelo/projects/cin/ataqueDeteccaoDeIntrusao/Intrusion-Detection-System-Using-Machine-Learning/data/pipeline_can_intrusion_fine/anomaly/loao/attack_1/reports/phase11_anomaly_biased.json
Modelos anomaly salvos em: /home/pedro_campelo/projects/cin/ataqueDeteccaoDeIntrusao/Intrusion-Detection-System-Using-Machine-Learning/data/pipeline_can_intrusion_fine/anomaly/loao/attack_1/models/anomaly
  OK fase 11 concluida em 9.6s
Resultado - DR=1.0000, FAR=0.5983, F1=0.7697 | rodada 31m46s | restam 3 nesta execucao
[LOAO 1/4] Bot - DR=1.0000, FAR=0.5983, F1=0.7697 | log: /home/pedro_campelo/projects/cin/ataqueDeteccaoDeIntrusao/Intrusion-Detection-System-Using-Machine-Learning/data/pipeline_can_intrusion_fine/anomaly/loao/attack_1/loao_run.log
=== sessão concluída ===
  log centralizado: /home/pedro_campelo/projects/cin/ataqueDeteccaoDeIntrusao/Intrusion-Detection-System-Using-Machine-Learning/results/logs/loao/attack_1.log
=== sessão iniciada — log: /home/pedro_campelo/projects/cin/ataqueDeteccaoDeIntrusao/Intrusion-Detection-System-Using-Machine-Learning/data/pipeline_can_intrusion_fine/anomaly/loao/attack_2/loao_run.log ===
intermediate-dir: /home/pedro_campelo/projects/cin/ataqueDeteccaoDeIntrusao/Intrusion-Detection-System-Using-Machine-Learning/data/pipeline_can_intrusion_fine
amostra: /home/pedro_campelo/projects/cin/ataqueDeteccaoDeIntrusao/Intrusion-Detection-System-Using-Machine-Learning/data/pipeline_can_intrusion_fine/02_sampled_kmeans.parquet
output-root: /home/pedro_campelo/projects/cin/ataqueDeteccaoDeIntrusao/Intrusion-Detection-System-Using-Machine-Learning/data/pipeline_can_intrusion_fine/anomaly/loao
[LOAO 2/4] zero-day: BruteForce (Label=2) | decorrido global 31m46s
  -> [fase 7 - 1/5] Partição binária LOAO ...
>> /home/pedro_campelo/projects/cin/ataqueDeteccaoDeIntrusao/Intrusion-Detection-System-Using-Machine-Learning/.venv/bin/python -m mth_ids_pipeline.phases.phase07_anomaly_datasets --intermediate-dir /home/pedro_campelo/projects/cin/ataqueDeteccaoDeIntrusao/Intrusion-Detection-System-Using-Machine-Learning/data/pipeline_can_intrusion_fine --report-dir /home/pedro_campelo/projects/cin/ataqueDeteccaoDeIntrusao/Intrusion-Detection-System-Using-Machine-Learning/data/pipeline_can_intrusion_fine/anomaly/loao/attack_2/reports --work-dir /home/pedro_campelo/projects/cin/ataqueDeteccaoDeIntrusao/Intrusion-Detection-System-Using-Machine-Learning/data/pipeline_can_intrusion_fine/anomaly/loao/attack_2 --attack-label 2

=== LOAO [fase 7 (split binário)] ===
  treino: rows=28290 labels={'1': 18395, '0': 9895}
  teste:  rows=4906 labels={'1': 4906}
  zero-day=4906 benign_test=0 regra=fase7_zero_day_only
  rótulos originais no treino (pré-binário): {'0': 9895, '4': 6549, '3': 5971, '1': 5875}
  zero-day label=2 excluído_do_treino=True
Salvo: /home/pedro_campelo/projects/cin/ataqueDeteccaoDeIntrusao/Intrusion-Detection-System-Using-Machine-Learning/data/pipeline_can_intrusion_fine/anomaly/loao/attack_2/a01_without_portscan.parquet (28290, 11), /home/pedro_campelo/projects/cin/ataqueDeteccaoDeIntrusao/Intrusion-Detection-System-Using-Machine-Learning/data/pipeline_can_intrusion_fine/anomaly/loao/attack_2/a02_portscan_only.parquet (4906, 11)
Relatorio salvo em: /home/pedro_campelo/projects/cin/ataqueDeteccaoDeIntrusao/Intrusion-Detection-System-Using-Machine-Learning/data/pipeline_can_intrusion_fine/anomaly/loao/attack_2/reports/phase07_anomaly_datasets.json
  OK fase 7 concluida em 1.4s
  -> [fase 8 - 2/5] Features (Z-score, IG, FCBF, KPCA) ...
>> /home/pedro_campelo/projects/cin/ataqueDeteccaoDeIntrusao/Intrusion-Detection-System-Using-Machine-Learning/.venv/bin/python -m mth_ids_pipeline.phases.phase08_anomaly_features --intermediate-dir /home/pedro_campelo/projects/cin/ataqueDeteccaoDeIntrusao/Intrusion-Detection-System-Using-Machine-Learning/data/pipeline_can_intrusion_fine --report-dir /home/pedro_campelo/projects/cin/ataqueDeteccaoDeIntrusao/Intrusion-Detection-System-Using-Machine-Learning/data/pipeline_can_intrusion_fine/anomaly/loao/attack_2/reports --work-dir /home/pedro_campelo/projects/cin/ataqueDeteccaoDeIntrusao/Intrusion-Detection-System-Using-Machine-Learning/data/pipeline_can_intrusion_fine/anomaly/loao/attack_2 --random-state 0 --feature-fit-scope combined --zscore-scope combined --fcbf-k 20 --kpca-components 10 --kpca-kernel rbf --ig-cumulative 0.9 --cv-folds 10 --ig-hpo-calls 15 --kpca-hpo-calls 15 --optimize-kpca
[1/5] [####----------------] Dados carregados (fase 7) (+0.0s)

=== LOAO [fase 8 (pré-normalização)] ===
  treino: rows=28290 labels={'1': 18395, '0': 9895}
  teste:  rows=9812 labels={'1': 4906, '0': 4906}
  zero-day=4906 benign_test=4906 regra=paper_table_ix_1_to_1
  rótulos originais no treino (pré-binário): {'0': 9895, '4': 6549, '3': 5971, '1': 5875}
  zero-day label=2 excluído_do_treino=True
Partição LOAO: treino=(28290, 11), teste=(9812, 11)
features=10
[2/5] [########------------] Partição treino/teste (+0.0s)
BO-GP KPCA: n=14, kernel=sigmoid, CV acc=1.0000
KernelPCA: matriz kernel estimada ~5.4 GiB (38102 amostras). Feche outros programas se ocorrer MemoryError.
  [KPCA fit treino] shape=(38102, 8), n_components=14
KernelPCA: matriz kernel estimada ~5.4 GiB (38102 amostras). Feche outros programas se ocorrer MemoryError.
  [KPCA transform combinado] shape=(38102, 14)
[3/5] [############--------] Z-score (combined) + IG + FCBF + KPCA (combinado) (+1751.0s)
[4/5] [################----] Artefatos e parquets salvos (+1751.0s)
Salvo: /home/pedro_campelo/projects/cin/ataqueDeteccaoDeIntrusao/Intrusion-Detection-System-Using-Machine-Learning/data/pipeline_can_intrusion_fine/anomaly/loao/attack_2/a03_combined_normalized.parquet shape=(38102, 11)
Salvo: /home/pedro_campelo/projects/cin/ataqueDeteccaoDeIntrusao/Intrusion-Detection-System-Using-Machine-Learning/data/pipeline_can_intrusion_fine/anomaly/loao/attack_2/a04_after_kpca.parquet shape=(38102, 15)
Meta/partição: /home/pedro_campelo/projects/cin/ataqueDeteccaoDeIntrusao/Intrusion-Detection-System-Using-Machine-Learning/data/pipeline_can_intrusion_fine/anomaly/loao/attack_2/a06_test_slice.json
Relatorio salvo em: /home/pedro_campelo/projects/cin/ataqueDeteccaoDeIntrusao/Intrusion-Detection-System-Using-Machine-Learning/data/pipeline_can_intrusion_fine/anomaly/loao/attack_2/reports/phase08_anomaly_features.json
[5/5] [####################] Relatorio JSON (+1751.0s)
  OK fase 8 concluida em 29m12s
  -> [fase 9 - 3/5] SMOTE + CL-k-means inicial ...
>> /home/pedro_campelo/projects/cin/ataqueDeteccaoDeIntrusao/Intrusion-Detection-System-Using-Machine-Learning/.venv/bin/python -m mth_ids_pipeline.phases.phase09_anomaly_cluster --intermediate-dir /home/pedro_campelo/projects/cin/ataqueDeteccaoDeIntrusao/Intrusion-Detection-System-Using-Machine-Learning/data/pipeline_can_intrusion_fine --report-dir /home/pedro_campelo/projects/cin/ataqueDeteccaoDeIntrusao/Intrusion-Detection-System-Using-Machine-Learning/data/pipeline_can_intrusion_fine/anomaly/loao/attack_2/reports --work-dir /home/pedro_campelo/projects/cin/ataqueDeteccaoDeIntrusao/Intrusion-Detection-System-Using-Machine-Learning/data/pipeline_can_intrusion_fine/anomaly/loao/attack_2 --random-state 0 --no-smote
Partição KPCA: treino=(28290, 14) labels={'1': 18395, '0': 9895} | teste=(9812, 14) labels={'1': 4906, '0': 4906}
Salvo treino pós-SMOTE: /home/pedro_campelo/projects/cin/ataqueDeteccaoDeIntrusao/Intrusion-Detection-System-Using-Machine-Learning/data/pipeline_can_intrusion_fine/anomaly/loao/attack_2/a05_train_after_smote.parquet
              precision    recall  f1-score   support

           0       0.55      0.83      0.67      4906
           1       0.66      0.33      0.44      4906

    accuracy                           0.58      9812
   macro avg       0.61      0.58      0.55      9812
weighted avg       0.61      0.58      0.55      9812

Accuracy: 0.5820423970648186
CM:
 [[4076  830]
 [3271 1635]]
Relatorio salvo em: /home/pedro_campelo/projects/cin/ataqueDeteccaoDeIntrusao/Intrusion-Detection-System-Using-Machine-Learning/data/pipeline_can_intrusion_fine/anomaly/loao/attack_2/reports/phase09_anomaly_cluster.json
  OK fase 9 concluida em 1.4s
  -> [fase 10 - 4/5] BO-GP n_clusters ...
>> /home/pedro_campelo/projects/cin/ataqueDeteccaoDeIntrusao/Intrusion-Detection-System-Using-Machine-Learning/.venv/bin/python -m mth_ids_pipeline.phases.phase10_anomaly_cluster_hpo --intermediate-dir /home/pedro_campelo/projects/cin/ataqueDeteccaoDeIntrusao/Intrusion-Detection-System-Using-Machine-Learning/data/pipeline_can_intrusion_fine --report-dir /home/pedro_campelo/projects/cin/ataqueDeteccaoDeIntrusao/Intrusion-Detection-System-Using-Machine-Learning/data/pipeline_can_intrusion_fine/anomaly/loao/attack_2/reports --work-dir /home/pedro_campelo/projects/cin/ataqueDeteccaoDeIntrusao/Intrusion-Detection-System-Using-Machine-Learning/data/pipeline_can_intrusion_fine/anomaly/loao/attack_2 --random-state 0 --n-calls 15 --hpo-metric f1 --no-smote --metrics euclidean,manhattan,cosine,mahalanobis
Partição KPCA: treino=(28290, 14) labels={'1': 18395, '0': 9895} | teste=(9812, 14) labels={'1': 4906, '0': 4906}
Baseline CL-k-means (n=8, metric=euclidean): f1=0.4436
  trial n=30, metric=mahalanobis: f1=0.1099
  trial n=43, metric=mahalanobis: f1=0.0577
  trial n=32, metric=manhattan: f1=0.1385
  trial n=16, metric=euclidean: f1=0.2397
  trial n=15, metric=manhattan: f1=0.2778
  trial n=41, metric=manhattan: f1=0.1105
  trial n=21, metric=mahalanobis: f1=0.1053
  trial n=18, metric=cosine: f1=0.0732
  trial n=20, metric=mahalanobis: f1=0.0954
  trial n=9, metric=mahalanobis: f1=0.1403
  trial n=5, metric=manhattan: f1=0.4307
  trial n=2, metric=manhattan: f1=0.6667
  trial n=18, metric=manhattan: f1=0.2518
  trial n=38, metric=mahalanobis: f1=0.0488
  trial n=11, metric=cosine: f1=0.1386
Melhor n_clusters=2, metric=manhattan, f1=0.6667
Avaliação final n=2, metric=manhattan: f1=0.6667
Partição LOAO (fase 10): treino=(28290, 14) labels={'1': 18395, '0': 9895} | teste=(9812, 14) labels={'1': 4906, '0': 4906}
Relatório salvo em: /home/pedro_campelo/projects/cin/ataqueDeteccaoDeIntrusao/Intrusion-Detection-System-Using-Machine-Learning/data/pipeline_can_intrusion_fine/anomaly/loao/attack_2/reports/phase10_anomaly_cluster_hpo.json
  OK fase 10 concluida em 12.1s
  -> [fase 11 - 5/5] Biased B1/B2 ...
>> /home/pedro_campelo/projects/cin/ataqueDeteccaoDeIntrusao/Intrusion-Detection-System-Using-Machine-Learning/.venv/bin/python -m mth_ids_pipeline.phases.phase11_anomaly_biased --intermediate-dir /home/pedro_campelo/projects/cin/ataqueDeteccaoDeIntrusao/Intrusion-Detection-System-Using-Machine-Learning/data/pipeline_can_intrusion_fine --report-dir /home/pedro_campelo/projects/cin/ataqueDeteccaoDeIntrusao/Intrusion-Detection-System-Using-Machine-Learning/data/pipeline_can_intrusion_fine/anomaly/loao/attack_2/reports --work-dir /home/pedro_campelo/projects/cin/ataqueDeteccaoDeIntrusao/Intrusion-Detection-System-Using-Machine-Learning/data/pipeline_can_intrusion_fine/anomaly/loao/attack_2 --random-state 0 --biased-mode both --no-smote --force-biased --optimize-p-star --p-star-n-calls 15
k automático da fase 10: 2
metric automática da fase 10: manhattan
Biased learners: família de 'RandomForest (HPO)'
Partição KPCA: treino=(28290, 14) labels={'1': 18395, '0': 9895} | teste=(9812, 14) labels={'1': 4906, '0': 4906}
Partição LOAO (fase 11): treino=(28290, 14) labels={'1': 18395, '0': 9895} | teste=(9812, 14) labels={'1': 4906, '0': 4906}
CL-k-means (n=2, metric=manhattan): accuracy=0.5000
              precision    recall  f1-score   support

           0       0.00      0.00      0.00      4906
           1       0.50      1.00      0.67      4906

    accuracy                           0.50      9812
   macro avg       0.25      0.50      0.33      9812
weighted avg       0.25      0.50      0.33      9812

DR=1.0000 FAR=1.0000 F1=0.6667

Modo biased selecionado: both
BO-GP p*: melhor=0.5278, F1=0.6667

MTH-IDS anomaly (biased mode=both, p*=0.5277893588855471):
              precision    recall  f1-score   support

           0       0.00      0.00      0.00      4906
           1       0.50      1.00      0.67      4906

    accuracy                           0.50      9812
   macro avg       0.25      0.50      0.33      9812
weighted avg       0.25      0.50      0.33      9812

Acc=0.5000 DR=1.0000 FAR=1.0000 F1=0.6667
CM:
 [[   0 4906]
 [   0 4906]]
Relatório salvo em: /home/pedro_campelo/projects/cin/ataqueDeteccaoDeIntrusao/Intrusion-Detection-System-Using-Machine-Learning/data/pipeline_can_intrusion_fine/anomaly/loao/attack_2/reports/phase11_anomaly_biased.json
Modelos anomaly salvos em: /home/pedro_campelo/projects/cin/ataqueDeteccaoDeIntrusao/Intrusion-Detection-System-Using-Machine-Learning/data/pipeline_can_intrusion_fine/anomaly/loao/attack_2/models/anomaly
  OK fase 11 concluida em 6.4s
Resultado - DR=1.0000, FAR=1.0000, F1=0.6667 | rodada 29m33s | restam 2 nesta execucao
[LOAO 2/4] BruteForce - DR=1.0000, FAR=1.0000, F1=0.6667 | log: /home/pedro_campelo/projects/cin/ataqueDeteccaoDeIntrusao/Intrusion-Detection-System-Using-Machine-Learning/data/pipeline_can_intrusion_fine/anomaly/loao/attack_2/loao_run.log
=== sessão concluída ===
  log centralizado: /home/pedro_campelo/projects/cin/ataqueDeteccaoDeIntrusao/Intrusion-Detection-System-Using-Machine-Learning/results/logs/loao/attack_2.log
=== sessão iniciada — log: /home/pedro_campelo/projects/cin/ataqueDeteccaoDeIntrusao/Intrusion-Detection-System-Using-Machine-Learning/data/pipeline_can_intrusion_fine/anomaly/loao/attack_3/loao_run.log ===
intermediate-dir: /home/pedro_campelo/projects/cin/ataqueDeteccaoDeIntrusao/Intrusion-Detection-System-Using-Machine-Learning/data/pipeline_can_intrusion_fine
amostra: /home/pedro_campelo/projects/cin/ataqueDeteccaoDeIntrusao/Intrusion-Detection-System-Using-Machine-Learning/data/pipeline_can_intrusion_fine/02_sampled_kmeans.parquet
output-root: /home/pedro_campelo/projects/cin/ataqueDeteccaoDeIntrusao/Intrusion-Detection-System-Using-Machine-Learning/data/pipeline_can_intrusion_fine/anomaly/loao
[LOAO 3/4] zero-day: DoS (Label=3) | decorrido global 1h01m
  -> [fase 7 - 1/5] Partição binária LOAO ...
>> /home/pedro_campelo/projects/cin/ataqueDeteccaoDeIntrusao/Intrusion-Detection-System-Using-Machine-Learning/.venv/bin/python -m mth_ids_pipeline.phases.phase07_anomaly_datasets --intermediate-dir /home/pedro_campelo/projects/cin/ataqueDeteccaoDeIntrusao/Intrusion-Detection-System-Using-Machine-Learning/data/pipeline_can_intrusion_fine --report-dir /home/pedro_campelo/projects/cin/ataqueDeteccaoDeIntrusao/Intrusion-Detection-System-Using-Machine-Learning/data/pipeline_can_intrusion_fine/anomaly/loao/attack_3/reports --work-dir /home/pedro_campelo/projects/cin/ataqueDeteccaoDeIntrusao/Intrusion-Detection-System-Using-Machine-Learning/data/pipeline_can_intrusion_fine/anomaly/loao/attack_3 --attack-label 3

=== LOAO [fase 7 (split binário)] ===
  treino: rows=27225 labels={'1': 17330, '0': 9895}
  teste:  rows=5971 labels={'1': 5971}
  zero-day=5971 benign_test=0 regra=fase7_zero_day_only
  rótulos originais no treino (pré-binário): {'0': 9895, '4': 6549, '1': 5875, '2': 4906}
  zero-day label=3 excluído_do_treino=True
Salvo: /home/pedro_campelo/projects/cin/ataqueDeteccaoDeIntrusao/Intrusion-Detection-System-Using-Machine-Learning/data/pipeline_can_intrusion_fine/anomaly/loao/attack_3/a01_without_portscan.parquet (27225, 11), /home/pedro_campelo/projects/cin/ataqueDeteccaoDeIntrusao/Intrusion-Detection-System-Using-Machine-Learning/data/pipeline_can_intrusion_fine/anomaly/loao/attack_3/a02_portscan_only.parquet (5971, 11)
Relatorio salvo em: /home/pedro_campelo/projects/cin/ataqueDeteccaoDeIntrusao/Intrusion-Detection-System-Using-Machine-Learning/data/pipeline_can_intrusion_fine/anomaly/loao/attack_3/reports/phase07_anomaly_datasets.json
  OK fase 7 concluida em 1.4s
  -> [fase 8 - 2/5] Features (Z-score, IG, FCBF, KPCA) ...
>> /home/pedro_campelo/projects/cin/ataqueDeteccaoDeIntrusao/Intrusion-Detection-System-Using-Machine-Learning/.venv/bin/python -m mth_ids_pipeline.phases.phase08_anomaly_features --intermediate-dir /home/pedro_campelo/projects/cin/ataqueDeteccaoDeIntrusao/Intrusion-Detection-System-Using-Machine-Learning/data/pipeline_can_intrusion_fine --report-dir /home/pedro_campelo/projects/cin/ataqueDeteccaoDeIntrusao/Intrusion-Detection-System-Using-Machine-Learning/data/pipeline_can_intrusion_fine/anomaly/loao/attack_3/reports --work-dir /home/pedro_campelo/projects/cin/ataqueDeteccaoDeIntrusao/Intrusion-Detection-System-Using-Machine-Learning/data/pipeline_can_intrusion_fine/anomaly/loao/attack_3 --random-state 0 --feature-fit-scope combined --zscore-scope combined --fcbf-k 20 --kpca-components 10 --kpca-kernel rbf --ig-cumulative 0.9 --cv-folds 10 --ig-hpo-calls 15 --kpca-hpo-calls 15 --optimize-kpca
[1/5] [####----------------] Dados carregados (fase 7) (+0.0s)

=== LOAO [fase 8 (pré-normalização)] ===
  treino: rows=27225 labels={'1': 17330, '0': 9895}
  teste:  rows=11942 labels={'1': 5971, '0': 5971}
  zero-day=5971 benign_test=5971 regra=paper_table_ix_1_to_1
  rótulos originais no treino (pré-binário): {'0': 9895, '4': 6549, '1': 5875, '2': 4906}
  zero-day label=3 excluído_do_treino=True
Partição LOAO: treino=(27225, 11), teste=(11942, 11)
features=10
[2/5] [########------------] Partição treino/teste (+0.0s)
BO-GP KPCA: n=20, kernel=sigmoid, CV acc=0.9943
KernelPCA: matriz kernel estimada ~5.7 GiB (39167 amostras). Feche outros programas se ocorrer MemoryError.
  [KPCA fit treino] shape=(39167, 8), n_components=20
KernelPCA: matriz kernel estimada ~5.7 GiB (39167 amostras). Feche outros programas se ocorrer MemoryError.
  [KPCA transform combinado] shape=(39167, 20)
[3/5] [############--------] Z-score (combined) + IG + FCBF + KPCA (combinado) (+1860.8s)
[4/5] [################----] Artefatos e parquets salvos (+1860.9s)
Salvo: /home/pedro_campelo/projects/cin/ataqueDeteccaoDeIntrusao/Intrusion-Detection-System-Using-Machine-Learning/data/pipeline_can_intrusion_fine/anomaly/loao/attack_3/a03_combined_normalized.parquet shape=(39167, 11)
Salvo: /home/pedro_campelo/projects/cin/ataqueDeteccaoDeIntrusao/Intrusion-Detection-System-Using-Machine-Learning/data/pipeline_can_intrusion_fine/anomaly/loao/attack_3/a04_after_kpca.parquet shape=(39167, 21)
Meta/partição: /home/pedro_campelo/projects/cin/ataqueDeteccaoDeIntrusao/Intrusion-Detection-System-Using-Machine-Learning/data/pipeline_can_intrusion_fine/anomaly/loao/attack_3/a06_test_slice.json
Relatorio salvo em: /home/pedro_campelo/projects/cin/ataqueDeteccaoDeIntrusao/Intrusion-Detection-System-Using-Machine-Learning/data/pipeline_can_intrusion_fine/anomaly/loao/attack_3/reports/phase08_anomaly_features.json
[5/5] [####################] Relatorio JSON (+1860.9s)
  OK fase 8 concluida em 31m02s
  -> [fase 9 - 3/5] SMOTE + CL-k-means inicial ...
>> /home/pedro_campelo/projects/cin/ataqueDeteccaoDeIntrusao/Intrusion-Detection-System-Using-Machine-Learning/.venv/bin/python -m mth_ids_pipeline.phases.phase09_anomaly_cluster --intermediate-dir /home/pedro_campelo/projects/cin/ataqueDeteccaoDeIntrusao/Intrusion-Detection-System-Using-Machine-Learning/data/pipeline_can_intrusion_fine --report-dir /home/pedro_campelo/projects/cin/ataqueDeteccaoDeIntrusao/Intrusion-Detection-System-Using-Machine-Learning/data/pipeline_can_intrusion_fine/anomaly/loao/attack_3/reports --work-dir /home/pedro_campelo/projects/cin/ataqueDeteccaoDeIntrusao/Intrusion-Detection-System-Using-Machine-Learning/data/pipeline_can_intrusion_fine/anomaly/loao/attack_3 --random-state 0 --no-smote
Partição KPCA: treino=(27225, 20) labels={'1': 17330, '0': 9895} | teste=(11942, 20) labels={'1': 5971, '0': 5971}
Salvo treino pós-SMOTE: /home/pedro_campelo/projects/cin/ataqueDeteccaoDeIntrusao/Intrusion-Detection-System-Using-Machine-Learning/data/pipeline_can_intrusion_fine/anomaly/loao/attack_3/a05_train_after_smote.parquet
              precision    recall  f1-score   support

           0       0.41      0.69      0.51      5971
           1       0.00      0.00      0.00      5971

    accuracy                           0.35     11942
   macro avg       0.20      0.35      0.26     11942
weighted avg       0.20      0.35      0.26     11942

Accuracy: 0.34675933679450677
CM:
 [[4141 1830]
 [5971    0]]
Relatorio salvo em: /home/pedro_campelo/projects/cin/ataqueDeteccaoDeIntrusao/Intrusion-Detection-System-Using-Machine-Learning/data/pipeline_can_intrusion_fine/anomaly/loao/attack_3/reports/phase09_anomaly_cluster.json
  OK fase 9 concluida em 1.4s
  -> [fase 10 - 4/5] BO-GP n_clusters ...
>> /home/pedro_campelo/projects/cin/ataqueDeteccaoDeIntrusao/Intrusion-Detection-System-Using-Machine-Learning/.venv/bin/python -m mth_ids_pipeline.phases.phase10_anomaly_cluster_hpo --intermediate-dir /home/pedro_campelo/projects/cin/ataqueDeteccaoDeIntrusao/Intrusion-Detection-System-Using-Machine-Learning/data/pipeline_can_intrusion_fine --report-dir /home/pedro_campelo/projects/cin/ataqueDeteccaoDeIntrusao/Intrusion-Detection-System-Using-Machine-Learning/data/pipeline_can_intrusion_fine/anomaly/loao/attack_3/reports --work-dir /home/pedro_campelo/projects/cin/ataqueDeteccaoDeIntrusao/Intrusion-Detection-System-Using-Machine-Learning/data/pipeline_can_intrusion_fine/anomaly/loao/attack_3 --random-state 0 --n-calls 15 --hpo-metric f1 --no-smote --metrics euclidean,manhattan,cosine,mahalanobis
Partição KPCA: treino=(27225, 20) labels={'1': 17330, '0': 9895} | teste=(11942, 20) labels={'1': 5971, '0': 5971}
Baseline CL-k-means (n=8, metric=euclidean): f1=0.0000
  trial n=30, metric=mahalanobis: f1=0.0000
  trial n=43, metric=mahalanobis: f1=0.0000
  trial n=32, metric=manhattan: f1=0.0000
  trial n=16, metric=euclidean: f1=0.0000
  trial n=15, metric=manhattan: f1=0.0000
  trial n=41, metric=manhattan: f1=0.0000
  trial n=21, metric=mahalanobis: f1=0.0000
  trial n=18, metric=cosine: f1=0.9623
  trial n=20, metric=mahalanobis: f1=0.9756
  trial n=9, metric=mahalanobis: f1=0.8796
  trial n=8, metric=cosine: f1=0.8601
  trial n=33, metric=cosine: f1=0.0000
  trial n=5, metric=cosine: f1=0.7791
  trial n=2, metric=mahalanobis: f1=0.6667
  trial n=10, metric=cosine: f1=0.8365
Melhor n_clusters=20, metric=mahalanobis, f1=0.9756
Avaliação final n=20, metric=mahalanobis: f1=0.9756
Partição LOAO (fase 10): treino=(27225, 20) labels={'1': 17330, '0': 9895} | teste=(11942, 20) labels={'1': 5971, '0': 5971}
Relatório salvo em: /home/pedro_campelo/projects/cin/ataqueDeteccaoDeIntrusao/Intrusion-Detection-System-Using-Machine-Learning/data/pipeline_can_intrusion_fine/anomaly/loao/attack_3/reports/phase10_anomaly_cluster_hpo.json
  OK fase 10 concluida em 11.5s
  -> [fase 11 - 5/5] Biased B1/B2 ...
>> /home/pedro_campelo/projects/cin/ataqueDeteccaoDeIntrusao/Intrusion-Detection-System-Using-Machine-Learning/.venv/bin/python -m mth_ids_pipeline.phases.phase11_anomaly_biased --intermediate-dir /home/pedro_campelo/projects/cin/ataqueDeteccaoDeIntrusao/Intrusion-Detection-System-Using-Machine-Learning/data/pipeline_can_intrusion_fine --report-dir /home/pedro_campelo/projects/cin/ataqueDeteccaoDeIntrusao/Intrusion-Detection-System-Using-Machine-Learning/data/pipeline_can_intrusion_fine/anomaly/loao/attack_3/reports --work-dir /home/pedro_campelo/projects/cin/ataqueDeteccaoDeIntrusao/Intrusion-Detection-System-Using-Machine-Learning/data/pipeline_can_intrusion_fine/anomaly/loao/attack_3 --random-state 0 --biased-mode both --no-smote --force-biased --optimize-p-star --p-star-n-calls 15
k automático da fase 10: 20
metric automática da fase 10: mahalanobis
Biased learners: família de 'RandomForest (HPO)'
Partição KPCA: treino=(27225, 20) labels={'1': 17330, '0': 9895} | teste=(11942, 20) labels={'1': 5971, '0': 5971}
Partição LOAO (fase 11): treino=(27225, 20) labels={'1': 17330, '0': 9895} | teste=(11942, 20) labels={'1': 5971, '0': 5971}
CL-k-means (n=20, metric=mahalanobis): accuracy=0.9750
              precision    recall  f1-score   support

           0       1.00      0.95      0.97      5971
           1       0.95      1.00      0.98      5971

    accuracy                           0.97     11942
   macro avg       0.98      0.97      0.97     11942
weighted avg       0.98      0.97      0.97     11942

DR=1.0000 FAR=0.0501 F1=0.9756

Modo biased selecionado: both
BO-GP p*: melhor=0.5278, F1=0.9756

MTH-IDS anomaly (biased mode=both, p*=0.5277893588855471):
              precision    recall  f1-score   support

           0       1.00      0.95      0.97      5971
           1       0.95      1.00      0.98      5971

    accuracy                           0.97     11942
   macro avg       0.98      0.97      0.97     11942
weighted avg       0.98      0.97      0.97     11942

Acc=0.9750 DR=1.0000 FAR=0.0501 F1=0.9756
CM:
 [[5672  299]
 [   0 5971]]
Relatório salvo em: /home/pedro_campelo/projects/cin/ataqueDeteccaoDeIntrusao/Intrusion-Detection-System-Using-Machine-Learning/data/pipeline_can_intrusion_fine/anomaly/loao/attack_3/reports/phase11_anomaly_biased.json
Modelos anomaly salvos em: /home/pedro_campelo/projects/cin/ataqueDeteccaoDeIntrusao/Intrusion-Detection-System-Using-Machine-Learning/data/pipeline_can_intrusion_fine/anomaly/loao/attack_3/models/anomaly
  OK fase 11 concluida em 7.8s
Resultado - DR=1.0000, FAR=0.0501, F1=0.9756 | rodada 31m24s | restam 1 nesta execucao
[LOAO 3/4] DoS - DR=1.0000, FAR=0.0501, F1=0.9756 | log: /home/pedro_campelo/projects/cin/ataqueDeteccaoDeIntrusao/Intrusion-Detection-System-Using-Machine-Learning/data/pipeline_can_intrusion_fine/anomaly/loao/attack_3/loao_run.log
=== sessão concluída ===
  log centralizado: /home/pedro_campelo/projects/cin/ataqueDeteccaoDeIntrusao/Intrusion-Detection-System-Using-Machine-Learning/results/logs/loao/attack_3.log
=== sessão iniciada — log: /home/pedro_campelo/projects/cin/ataqueDeteccaoDeIntrusao/Intrusion-Detection-System-Using-Machine-Learning/data/pipeline_can_intrusion_fine/anomaly/loao/attack_4/loao_run.log ===
intermediate-dir: /home/pedro_campelo/projects/cin/ataqueDeteccaoDeIntrusao/Intrusion-Detection-System-Using-Machine-Learning/data/pipeline_can_intrusion_fine
amostra: /home/pedro_campelo/projects/cin/ataqueDeteccaoDeIntrusao/Intrusion-Detection-System-Using-Machine-Learning/data/pipeline_can_intrusion_fine/02_sampled_kmeans.parquet
output-root: /home/pedro_campelo/projects/cin/ataqueDeteccaoDeIntrusao/Intrusion-Detection-System-Using-Machine-Learning/data/pipeline_can_intrusion_fine/anomaly/loao
[LOAO 4/4] zero-day: Infiltration (Label=4) | decorrido global 1h32m
  -> [fase 7 - 1/5] Partição binária LOAO ...
>> /home/pedro_campelo/projects/cin/ataqueDeteccaoDeIntrusao/Intrusion-Detection-System-Using-Machine-Learning/.venv/bin/python -m mth_ids_pipeline.phases.phase07_anomaly_datasets --intermediate-dir /home/pedro_campelo/projects/cin/ataqueDeteccaoDeIntrusao/Intrusion-Detection-System-Using-Machine-Learning/data/pipeline_can_intrusion_fine --report-dir /home/pedro_campelo/projects/cin/ataqueDeteccaoDeIntrusao/Intrusion-Detection-System-Using-Machine-Learning/data/pipeline_can_intrusion_fine/anomaly/loao/attack_4/reports --work-dir /home/pedro_campelo/projects/cin/ataqueDeteccaoDeIntrusao/Intrusion-Detection-System-Using-Machine-Learning/data/pipeline_can_intrusion_fine/anomaly/loao/attack_4 --attack-label 4

=== LOAO [fase 7 (split binário)] ===
  treino: rows=26647 labels={'1': 16752, '0': 9895}
  teste:  rows=6549 labels={'1': 6549}
  zero-day=6549 benign_test=0 regra=fase7_zero_day_only
  rótulos originais no treino (pré-binário): {'0': 9895, '3': 5971, '1': 5875, '2': 4906}
  zero-day label=4 excluído_do_treino=True
Salvo: /home/pedro_campelo/projects/cin/ataqueDeteccaoDeIntrusao/Intrusion-Detection-System-Using-Machine-Learning/data/pipeline_can_intrusion_fine/anomaly/loao/attack_4/a01_without_portscan.parquet (26647, 11), /home/pedro_campelo/projects/cin/ataqueDeteccaoDeIntrusao/Intrusion-Detection-System-Using-Machine-Learning/data/pipeline_can_intrusion_fine/anomaly/loao/attack_4/a02_portscan_only.parquet (6549, 11)
Relatorio salvo em: /home/pedro_campelo/projects/cin/ataqueDeteccaoDeIntrusao/Intrusion-Detection-System-Using-Machine-Learning/data/pipeline_can_intrusion_fine/anomaly/loao/attack_4/reports/phase07_anomaly_datasets.json
  OK fase 7 concluida em 1.4s
  -> [fase 8 - 2/5] Features (Z-score, IG, FCBF, KPCA) ...
>> /home/pedro_campelo/projects/cin/ataqueDeteccaoDeIntrusao/Intrusion-Detection-System-Using-Machine-Learning/.venv/bin/python -m mth_ids_pipeline.phases.phase08_anomaly_features --intermediate-dir /home/pedro_campelo/projects/cin/ataqueDeteccaoDeIntrusao/Intrusion-Detection-System-Using-Machine-Learning/data/pipeline_can_intrusion_fine --report-dir /home/pedro_campelo/projects/cin/ataqueDeteccaoDeIntrusao/Intrusion-Detection-System-Using-Machine-Learning/data/pipeline_can_intrusion_fine/anomaly/loao/attack_4/reports --work-dir /home/pedro_campelo/projects/cin/ataqueDeteccaoDeIntrusao/Intrusion-Detection-System-Using-Machine-Learning/data/pipeline_can_intrusion_fine/anomaly/loao/attack_4 --random-state 0 --feature-fit-scope combined --zscore-scope combined --fcbf-k 20 --kpca-components 10 --kpca-kernel rbf --ig-cumulative 0.9 --cv-folds 10 --ig-hpo-calls 15 --kpca-hpo-calls 15 --optimize-kpca
[1/5] [####----------------] Dados carregados (fase 7) (+0.0s)

=== LOAO [fase 8 (pré-normalização)] ===
  treino: rows=26647 labels={'1': 16752, '0': 9895}
  teste:  rows=13098 labels={'1': 6549, '0': 6549}
  zero-day=6549 benign_test=6549 regra=paper_table_ix_1_to_1
  rótulos originais no treino (pré-binário): {'0': 9895, '3': 5971, '1': 5875, '2': 4906}
  zero-day label=4 excluído_do_treino=True
Partição LOAO: treino=(26647, 11), teste=(13098, 11)
features=10
[2/5] [########------------] Partição treino/teste (+0.0s)
BO-GP KPCA: n=11, kernel=sigmoid, CV acc=0.9941
KernelPCA: matriz kernel estimada ~5.9 GiB (39745 amostras). Feche outros programas se ocorrer MemoryError.
  [KPCA fit treino] shape=(39745, 8), n_components=11
KernelPCA: matriz kernel estimada ~5.9 GiB (39745 amostras). Feche outros programas se ocorrer MemoryError.
  [KPCA transform combinado] shape=(39745, 11)
[3/5] [############--------] Z-score (combined) + IG + FCBF + KPCA (combinado) (+1937.3s)
[4/5] [################----] Artefatos e parquets salvos (+1937.3s)
Salvo: /home/pedro_campelo/projects/cin/ataqueDeteccaoDeIntrusao/Intrusion-Detection-System-Using-Machine-Learning/data/pipeline_can_intrusion_fine/anomaly/loao/attack_4/a03_combined_normalized.parquet shape=(39745, 11)
Salvo: /home/pedro_campelo/projects/cin/ataqueDeteccaoDeIntrusao/Intrusion-Detection-System-Using-Machine-Learning/data/pipeline_can_intrusion_fine/anomaly/loao/attack_4/a04_after_kpca.parquet shape=(39745, 12)
Meta/partição: /home/pedro_campelo/projects/cin/ataqueDeteccaoDeIntrusao/Intrusion-Detection-System-Using-Machine-Learning/data/pipeline_can_intrusion_fine/anomaly/loao/attack_4/a06_test_slice.json
Relatorio salvo em: /home/pedro_campelo/projects/cin/ataqueDeteccaoDeIntrusao/Intrusion-Detection-System-Using-Machine-Learning/data/pipeline_can_intrusion_fine/anomaly/loao/attack_4/reports/phase08_anomaly_features.json
[5/5] [####################] Relatorio JSON (+1937.3s)
  OK fase 8 concluida em 32m18s
  -> [fase 9 - 3/5] SMOTE + CL-k-means inicial ...
>> /home/pedro_campelo/projects/cin/ataqueDeteccaoDeIntrusao/Intrusion-Detection-System-Using-Machine-Learning/.venv/bin/python -m mth_ids_pipeline.phases.phase09_anomaly_cluster --intermediate-dir /home/pedro_campelo/projects/cin/ataqueDeteccaoDeIntrusao/Intrusion-Detection-System-Using-Machine-Learning/data/pipeline_can_intrusion_fine --report-dir /home/pedro_campelo/projects/cin/ataqueDeteccaoDeIntrusao/Intrusion-Detection-System-Using-Machine-Learning/data/pipeline_can_intrusion_fine/anomaly/loao/attack_4/reports --work-dir /home/pedro_campelo/projects/cin/ataqueDeteccaoDeIntrusao/Intrusion-Detection-System-Using-Machine-Learning/data/pipeline_can_intrusion_fine/anomaly/loao/attack_4 --random-state 0 --no-smote
Partição KPCA: treino=(26647, 11) labels={'1': 16752, '0': 9895} | teste=(13098, 11) labels={'1': 6549, '0': 6549}
Salvo treino pós-SMOTE: /home/pedro_campelo/projects/cin/ataqueDeteccaoDeIntrusao/Intrusion-Detection-System-Using-Machine-Learning/data/pipeline_can_intrusion_fine/anomaly/loao/attack_4/a05_train_after_smote.parquet
              precision    recall  f1-score   support

           0       1.00      0.80      0.89      6549
           1       0.83      1.00      0.91      6549

    accuracy                           0.90     13098
   macro avg       0.92      0.90      0.90     13098
weighted avg       0.92      0.90      0.90     13098

Accuracy: 0.8988395174835853
CM:
 [[5224 1325]
 [   0 6549]]
Relatorio salvo em: /home/pedro_campelo/projects/cin/ataqueDeteccaoDeIntrusao/Intrusion-Detection-System-Using-Machine-Learning/data/pipeline_can_intrusion_fine/anomaly/loao/attack_4/reports/phase09_anomaly_cluster.json
  OK fase 9 concluida em 1.4s
  -> [fase 10 - 4/5] BO-GP n_clusters ...
>> /home/pedro_campelo/projects/cin/ataqueDeteccaoDeIntrusao/Intrusion-Detection-System-Using-Machine-Learning/.venv/bin/python -m mth_ids_pipeline.phases.phase10_anomaly_cluster_hpo --intermediate-dir /home/pedro_campelo/projects/cin/ataqueDeteccaoDeIntrusao/Intrusion-Detection-System-Using-Machine-Learning/data/pipeline_can_intrusion_fine --report-dir /home/pedro_campelo/projects/cin/ataqueDeteccaoDeIntrusao/Intrusion-Detection-System-Using-Machine-Learning/data/pipeline_can_intrusion_fine/anomaly/loao/attack_4/reports --work-dir /home/pedro_campelo/projects/cin/ataqueDeteccaoDeIntrusao/Intrusion-Detection-System-Using-Machine-Learning/data/pipeline_can_intrusion_fine/anomaly/loao/attack_4 --random-state 0 --n-calls 15 --hpo-metric f1 --no-smote --metrics euclidean,manhattan,cosine,mahalanobis
Partição KPCA: treino=(26647, 11) labels={'1': 16752, '0': 9895} | teste=(13098, 11) labels={'1': 6549, '0': 6549}
Baseline CL-k-means (n=8, metric=euclidean): f1=0.9081
  trial n=30, metric=mahalanobis: f1=0.0000
  trial n=43, metric=mahalanobis: f1=0.0000
  trial n=32, metric=manhattan: f1=0.9654
  trial n=16, metric=euclidean: f1=0.0000
  trial n=15, metric=manhattan: f1=0.9289
  trial n=41, metric=manhattan: f1=0.9710
  trial n=21, metric=mahalanobis: f1=0.0000
  trial n=18, metric=cosine: f1=0.0000
  trial n=20, metric=mahalanobis: f1=0.0000
  trial n=9, metric=mahalanobis: f1=0.8896
  trial n=2, metric=mahalanobis: f1=0.6667
  trial n=39, metric=manhattan: f1=0.9681
  trial n=35, metric=manhattan: f1=0.9645
  trial n=21, metric=manhattan: f1=0.9664
  trial n=26, metric=manhattan: f1=0.0000
Melhor n_clusters=41, metric=manhattan, f1=0.9710
Avaliação final n=41, metric=manhattan: f1=0.9710
Partição LOAO (fase 10): treino=(26647, 11) labels={'1': 16752, '0': 9895} | teste=(13098, 11) labels={'1': 6549, '0': 6549}
Relatório salvo em: /home/pedro_campelo/projects/cin/ataqueDeteccaoDeIntrusao/Intrusion-Detection-System-Using-Machine-Learning/data/pipeline_can_intrusion_fine/anomaly/loao/attack_4/reports/phase10_anomaly_cluster_hpo.json
  OK fase 10 concluida em 13.4s
  -> [fase 11 - 5/5] Biased B1/B2 ...
>> /home/pedro_campelo/projects/cin/ataqueDeteccaoDeIntrusao/Intrusion-Detection-System-Using-Machine-Learning/.venv/bin/python -m mth_ids_pipeline.phases.phase11_anomaly_biased --intermediate-dir /home/pedro_campelo/projects/cin/ataqueDeteccaoDeIntrusao/Intrusion-Detection-System-Using-Machine-Learning/data/pipeline_can_intrusion_fine --report-dir /home/pedro_campelo/projects/cin/ataqueDeteccaoDeIntrusao/Intrusion-Detection-System-Using-Machine-Learning/data/pipeline_can_intrusion_fine/anomaly/loao/attack_4/reports --work-dir /home/pedro_campelo/projects/cin/ataqueDeteccaoDeIntrusao/Intrusion-Detection-System-Using-Machine-Learning/data/pipeline_can_intrusion_fine/anomaly/loao/attack_4 --random-state 0 --biased-mode both --no-smote --force-biased --optimize-p-star --p-star-n-calls 15
k automático da fase 10: 41
metric automática da fase 10: manhattan
Biased learners: família de 'RandomForest (HPO)'
Partição KPCA: treino=(26647, 11) labels={'1': 16752, '0': 9895} | teste=(13098, 11) labels={'1': 6549, '0': 6549}
Partição LOAO (fase 11): treino=(26647, 11) labels={'1': 16752, '0': 9895} | teste=(13098, 11) labels={'1': 6549, '0': 6549}
CL-k-means (n=41, metric=manhattan): accuracy=0.9701
              precision    recall  f1-score   support

           0       1.00      0.94      0.97      6549
           1       0.94      1.00      0.97      6549

    accuracy                           0.97     13098
   macro avg       0.97      0.97      0.97     13098
weighted avg       0.97      0.97      0.97     13098

DR=1.0000 FAR=0.0597 F1=0.9710

Modo biased selecionado: both
BO-GP p*: melhor=0.6883, F1=0.9818

MTH-IDS anomaly (biased mode=both, p*=0.688347036573423):
              precision    recall  f1-score   support

           0       1.00      0.96      0.98      6549
           1       0.96      1.00      0.98      6549

    accuracy                           0.98     13098
   macro avg       0.98      0.98      0.98     13098
weighted avg       0.98      0.98      0.98     13098

Acc=0.9814 DR=1.0000 FAR=0.0371 F1=0.9818
CM:
 [[6306  243]
 [   0 6549]]
Relatório salvo em: /home/pedro_campelo/projects/cin/ataqueDeteccaoDeIntrusao/Intrusion-Detection-System-Using-Machine-Learning/data/pipeline_can_intrusion_fine/anomaly/loao/attack_4/reports/phase11_anomaly_biased.json
Modelos anomaly salvos em: /home/pedro_campelo/projects/cin/ataqueDeteccaoDeIntrusao/Intrusion-Detection-System-Using-Machine-Learning/data/pipeline_can_intrusion_fine/anomaly/loao/attack_4/models/anomaly
  OK fase 11 concluida em 8.1s
Resultado - DR=1.0000, FAR=0.0371, F1=0.9818 | rodada 32m43s | restam 0 nesta execucao
[LOAO 4/4] Infiltration - DR=1.0000, FAR=0.0371, F1=0.9818 | log: /home/pedro_campelo/projects/cin/ataqueDeteccaoDeIntrusao/Intrusion-Detection-System-Using-Machine-Learning/data/pipeline_can_intrusion_fine/anomaly/loao/attack_4/loao_run.log
=== sessão concluída ===
  log centralizado: /home/pedro_campelo/projects/cin/ataqueDeteccaoDeIntrusao/Intrusion-Detection-System-Using-Machine-Learning/results/logs/loao/attack_4.log

LOAO: 4 ok nesta execucao, 4/4 no resumo agregado (2h05m).
Media F1=0.8484 | DR=1.0000 | FAR=0.4214
Resumo: /home/pedro_campelo/projects/cin/ataqueDeteccaoDeIntrusao/Intrusion-Detection-System-Using-Machine-Learning/data/pipeline_can_intrusion_fine/anomaly/loao/loao_summary.json
[2026-06-11 11:00:23] OK fase 12 concluida em 2h05m
[2026-06-11 11:00:23] === sessão concluída ===
