[2026-06-10 13:16:28] === sessão iniciada — log: C:\Users\labou\projects\Intrusion-Detection-System-Using-Machine-Learning\results\logs\supervised_merged_unsw_nb15_phases5-5_20260610_131628.log ===
[2026-06-10 13:16:28] intermediate-dir: C:\Users\labou\projects\Intrusion-Detection-System-Using-Machine-Learning\data\pipeline_unsw_nb15_merged
[2026-06-10 13:16:28] protocolo: unsw_nb15 | ramo: supervised | perfil: merged
[2026-06-10 13:16:28] fases: 5-5 (5)
[2026-06-10 13:16:28] -> [fase 5 - 1/1] SMOTE ...
[2026-06-10 13:16:28] >> C:\Users\labou\projects\Intrusion-Detection-System-Using-Machine-Learning\venv\Scripts\python.exe -m mth_ids_pipeline.phases.phase05_smote --report-dir C:\Users\labou\projects\Intrusion-Detection-System-Using-Machine-Learning\data\pipeline_unsw_nb15_merged\phase_reports --intermediate-dir C:\Users\labou\projects\Intrusion-Detection-System-Using-Machine-Learning\data\pipeline_unsw_nb15_merged --random-state 0 --smote-strategy {"2": 1000, "4": 1000, "6": 1200, "8": 1000, "10": 500}
Contagem de rótulos no conjunto de treino original:
3     35495
7      3451
0      2142
5      1808
1      1436
9      1209
6       980
4       636
8       536
2       427
10      139
Name: count, dtype: int64
Estratégia SMOTE (rótulo → alvo): {'2 (BruteForce)': 1000, '4 (Infiltration)': 1000, '6 (WebAttack)': 1200, '8 (?)': 1000, '10 (?)': 500}
Contagem de rótulos no conjunto de treino após SMOTE:
3     35495
7      3451
0      2142
5      1808
1      1436
9      1209
6      1200
2      1000
4      1000
8      1000
10      500
Name: count, dtype: int64
Salvo: C:\Users\labou\projects\Intrusion-Detection-System-Using-Machine-Learning\data\pipeline_unsw_nb15_merged\05_train_after_smote.parquet shape=(50241, 21)
Salvo: C:\Users\labou\projects\Intrusion-Detection-System-Using-Machine-Learning\data\pipeline_unsw_nb15_merged\05_test_unchanged.parquet shape=(12065, 21)
Relatorio salvo em: C:\Users\labou\projects\Intrusion-Detection-System-Using-Machine-Learning\data\pipeline_unsw_nb15_merged\phase_reports\phase05_smote.json
[2026-06-10 13:16:32] OK fase 5 concluida em 3.9s
[2026-06-10 13:16:32] === sessão concluída ===
