[2026-06-08 22:41:26] === sessão iniciada — log: C:\Users\labou\projects\Intrusion-Detection-System-Using-Machine-Learning\results\logs\supervised_merged_unsw_nb15_phases1-6_20260608_224126.log ===
[2026-06-08 22:41:26] intermediate-dir: C:\Users\labou\projects\Intrusion-Detection-System-Using-Machine-Learning\data\pipeline_unsw_nb15_merged
[2026-06-08 22:41:26] protocolo: unsw_nb15 | ramo: supervised | perfil: merged
[2026-06-08 22:41:26] fases: 1-6 (1, 2, 4, 5, 6)
[2026-06-08 22:41:26] -> [fase 1 - 1/5] Carregamento e pré-processamento ...
[2026-06-08 22:41:26] >> C:\Users\labou\projects\Intrusion-Detection-System-Using-Machine-Learning\venv\Scripts\python.exe -m mth_ids_pipeline.phases.phase01_load_preprocess --report-dir C:\Users\labou\projects\Intrusion-Detection-System-Using-Machine-Learning\data\pipeline_unsw_nb15_merged\phase_reports --intermediate-dir C:\Users\labou\projects\Intrusion-Detection-System-Using-Machine-Learning\data\pipeline_unsw_nb15_merged --input C:\Users\labou\projects\Intrusion-Detection-System-Using-Machine-Learning\data\UNSW-NB15_merged.csv
Carregando dataset: C:\Users\labou\projects\Intrusion-Detection-System-Using-Machine-Learning\data\UNSW-NB15_merged.csv
Label
3     2218764
7      215481
5       44525
6       24246
4       16353
8       13987
0        2677
1        1795
9        1511
2         534
10        174
Name: count, dtype: int64
Dataset carregado em 6.14s
Shape original: (2540047, 44)
Coluna 'ct_ftp_cmd' convertida para numérico (coerce) e valores não numéricos definidos como NaN
Pré-processamento concluído. Shape final: (2540047, 44)
Salvando arquivo parquet...
Arquivo salvo em: C:\Users\labou\projects\Intrusion-Detection-System-Using-Machine-Learning\data\pipeline_unsw_nb15_merged\01_preprocessed.parquet
Tempo de salvamento: 1.60s
Tempo total do pipeline: 11.15s
Relatorio salvo em: C:\Users\labou\projects\Intrusion-Detection-System-Using-Machine-Learning\data\pipeline_unsw_nb15_merged\phase_reports\phase01_load_preprocess.json
[2026-06-08 22:41:39] OK fase 1 concluida em 12.8s
[2026-06-08 22:41:39] -> [fase 2 - 2/5] Amostragem k-means ...
[2026-06-08 22:41:39] >> C:\Users\labou\projects\Intrusion-Detection-System-Using-Machine-Learning\venv\Scripts\python.exe -m mth_ids_pipeline.phases.phase02_sample_kmeans --report-dir C:\Users\labou\projects\Intrusion-Detection-System-Using-Machine-Learning\data\pipeline_unsw_nb15_merged\phase_reports --intermediate-dir C:\Users\labou\projects\Intrusion-Detection-System-Using-Machine-Learning\data\pipeline_unsw_nb15_merged --n-clusters 1000 --frac 0.15 --random-state 0 --minority-labels 0,1,3,4,5,6,7,8,9
Traceback (most recent call last):
  File "<frozen runpy>", line 203, in _run_module_as_main
  File "<frozen runpy>", line 88, in _run_code
  File "C:\Users\labou\projects\Intrusion-Detection-System-Using-Machine-Learning\mth_ids_pipeline\phases\phase02_sample_kmeans.py", line 114, in <module>
    main()
    ~~~~^^
  File "C:\Users\labou\projects\Intrusion-Detection-System-Using-Machine-Learning\mth_ids_pipeline\phases\phase02_sample_kmeans.py", line 82, in main
    sampled = _sample_kmeans(
        df,
    ...<3 lines>...
        minority_labels=minority_labels,
    )
  File "C:\Users\labou\projects\Intrusion-Detection-System-Using-Machine-Learning\mth_ids_pipeline\core\clustering.py", line 57, in sample_kmeans
    kmeans.fit(X)
    ~~~~~~~~~~^^^
  File "C:\Users\labou\projects\Intrusion-Detection-System-Using-Machine-Learning\venv\Lib\site-packages\sklearn\base.py", line 1336, in wrapper
    return fit_method(estimator, *args, **kwargs)
  File "C:\Users\labou\projects\Intrusion-Detection-System-Using-Machine-Learning\venv\Lib\site-packages\sklearn\cluster\_kmeans.py", line 2089, in fit
    self._check_params_vs_input(X)
    ~~~~~~~~~~~~~~~~~~~~~~~~~~~^^^
  File "C:\Users\labou\projects\Intrusion-Detection-System-Using-Machine-Learning\venv\Lib\site-packages\sklearn\cluster\_kmeans.py", line 1930, in _check_params_vs_input
    super()._check_params_vs_input(X, default_n_init=3)
    ~~~~~~~~~~~~~~~~~~~~~~~~~~~~~~^^^^^^^^^^^^^^^^^^^^^
  File "C:\Users\labou\projects\Intrusion-Detection-System-Using-Machine-Learning\venv\Lib\site-packages\sklearn\cluster\_kmeans.py", line 877, in _check_params_vs_input
    raise ValueError(
        f"n_samples={X.shape[0]} should be >= n_clusters={self.n_clusters}."
    )
ValueError: n_samples=708 should be >= n_clusters=1000.
[2026-06-08 22:41:42] === sessão encerrada com erro: CalledProcessError: Command '['C:\\Users\\labou\\projects\\Intrusion-Detection-System-Using-Machine-Learning\\venv\\Scripts\\python.exe', '-m', 'mth_ids_pipeline.phases.phase02_sample_kmeans', '--report-dir', 'C:\\Users\\labou\\projects\\Intrusion-Detection-System-Using-Machine-Learning\\data\\pipeline_unsw_nb15_merged\\phase_reports', '--intermediate-dir', 'C:\\Users\\labou\\projects\\Intrusion-Detection-System-Using-Machine-Learning\\data\\pipeline_unsw_nb15_merged', '--n-clusters', '1000', '--frac', '0.15', '--random-state', '0', '--minority-labels', '0,1,3,4,5,6,7,8,9']' returned non-zero exit status 1. ===
