[2026-06-10 11:58:53] === sessão iniciada — log: C:\Users\labou\projects\Intrusion-Detection-System-Using-Machine-Learning\results\logs\supervised_merged_unsw_nb15_phases2-2_20260610_115853.log ===
[2026-06-10 11:58:53] intermediate-dir: C:\Users\labou\projects\Intrusion-Detection-System-Using-Machine-Learning\data\pipeline_unsw_nb15_merged
[2026-06-10 11:58:53] protocolo: unsw_nb15 | ramo: supervised | perfil: merged
[2026-06-10 11:58:53] fases: 2-2 (2)
[2026-06-10 11:58:53] -> [fase 2 - 1/1] Amostragem k-means ...
[2026-06-10 11:58:53] >> C:\Users\labou\projects\Intrusion-Detection-System-Using-Machine-Learning\venv\Scripts\python.exe -m mth_ids_pipeline.phases.phase02_sample_kmeans --report-dir C:\Users\labou\projects\Intrusion-Detection-System-Using-Machine-Learning\data\pipeline_unsw_nb15_merged\phase_reports --intermediate-dir C:\Users\labou\projects\Intrusion-Detection-System-Using-Machine-Learning\data\pipeline_unsw_nb15_merged --n-clusters 1000 --frac 0.008 --random-state 0 --sampling-stage 3,7:0.008 --sampling-stage 5,6,4,8:0.10
Label
3     17752
5      4492
0      2677
6      2472
1      1795
7      1729
4      1586
9      1511
8      1381
2       534
10      174
Name: count, dtype: int64
Salvo: C:\Users\labou\projects\Intrusion-Detection-System-Using-Machine-Learning\data\pipeline_unsw_nb15_merged\02_sampled_kmeans.parquet shape=(36103, 44)
[2026-06-10 11:59:08] OK fase 2 concluida em 15.1s
[2026-06-10 11:59:08] === sessão concluída ===
