[2026-06-07 08:10:50] === sessão iniciada — log: C:\Users\Araújo Notebook\Documents\GitHub\Intrusion-Detection-System-Using-Machine-Learning\data\pipeline_mth_ids_merged\supervised_run.log ===
[2026-06-07 08:10:50] intermediate-dir: C:\Users\Araújo Notebook\Documents\GitHub\Intrusion-Detection-System-Using-Machine-Learning\data\pipeline_mth_ids_merged
[2026-06-07 08:10:50] protocolo: paper | ramo: supervised | perfil: merged
[2026-06-07 08:10:50] fases: 4-6 (4, 5, 6)
[2026-06-07 08:10:50] -> [fase 4 - 1/3] Engenharia de features (IG, FCBF) ...
[2026-06-07 08:10:50] >> C:\Users\Araújo Notebook\Documents\GitHub\Intrusion-Detection-System-Using-Machine-Learning\.venv\Scripts\python.exe -m mth_ids_pipeline.phases.phase04_feature_engineering --report-dir C:\Users\Araújo Notebook\Documents\GitHub\Intrusion-Detection-System-Using-Machine-Learning\data\pipeline_mth_ids_merged\phase_reports --intermediate-dir C:\Users\Araújo Notebook\Documents\GitHub\Intrusion-Detection-System-Using-Machine-Learning\data\pipeline_mth_ids_merged --fcbf-k 20 --random-state 0 --test-size 0.2 --fcbf-scope train --scale-mode split --ig-cumulative 0.9 --cv-folds 10 --ig-hpo-calls 15 --optimize-ig
[2026-06-07 08:16:36] === sessão iniciada — log: C:\Users\Araújo Notebook\Documents\GitHub\Intrusion-Detection-System-Using-Machine-Learning\data\pipeline_mth_ids_merged\supervised_run.log ===
[2026-06-07 08:16:36] intermediate-dir: C:\Users\Araújo Notebook\Documents\GitHub\Intrusion-Detection-System-Using-Machine-Learning\data\pipeline_mth_ids_merged
[2026-06-07 08:16:36] protocolo: paper | ramo: supervised | perfil: merged
[2026-06-07 08:16:36] fases: 1-2 (1, 2)
[2026-06-07 08:16:36] -> [fase 1 - 1/2] Carregamento e pré-processamento ...
[2026-06-07 08:16:36] >> C:\Users\Araújo Notebook\Documents\GitHub\Intrusion-Detection-System-Using-Machine-Learning\.venv\Scripts\python.exe -m mth_ids_pipeline.phases.phase01_load_preprocess --report-dir C:\Users\Araújo Notebook\Documents\GitHub\Intrusion-Detection-System-Using-Machine-Learning\data\pipeline_mth_ids_merged\phase_reports --intermediate-dir C:\Users\Araújo Notebook\Documents\GitHub\Intrusion-Detection-System-Using-Machine-Learning\data\pipeline_mth_ids_merged --input C:\Users\Araújo Notebook\Documents\GitHub\Intrusion-Detection-System-Using-Machine-Learning\data\CICIDS2017.csv
[2026-06-07 08:18:39] === sessão iniciada — log: C:\Users\Araújo Notebook\Documents\GitHub\Intrusion-Detection-System-Using-Machine-Learning\data\pipeline_mth_ids_merged\supervised_run.log ===
[2026-06-07 08:18:39] intermediate-dir: C:\Users\Araújo Notebook\Documents\GitHub\Intrusion-Detection-System-Using-Machine-Learning\data\pipeline_mth_ids_merged
[2026-06-07 08:18:39] protocolo: paper | ramo: supervised | perfil: merged
[2026-06-07 08:18:39] fases: 2-2 (2)
[2026-06-07 08:18:39] -> [fase 2 - 1/1] Amostragem k-means ...
[2026-06-07 08:18:39] >> C:\Users\Araújo Notebook\Documents\GitHub\Intrusion-Detection-System-Using-Machine-Learning\.venv\Scripts\python.exe -m mth_ids_pipeline.phases.phase02_sample_kmeans --report-dir C:\Users\Araújo Notebook\Documents\GitHub\Intrusion-Detection-System-Using-Machine-Learning\data\pipeline_mth_ids_merged\phase_reports --intermediate-dir C:\Users\Araújo Notebook\Documents\GitHub\Intrusion-Detection-System-Using-Machine-Learning\data\pipeline_mth_ids_merged --n-clusters 1000 --frac 0.008 --random-state 0 --minority-labels 6,1,4
Label
0    18179
3     3032
6     2180
1     1966
5     1299
2       99
4       36
Name: count, dtype: int64
Salvo: C:\Users\Araújo Notebook\Documents\GitHub\Intrusion-Detection-System-Using-Machine-Learning\data\pipeline_mth_ids_merged\02_sampled_kmeans.parquet shape=(26791, 79)
[2026-06-07 08:19:00] OK fase 2 concluida em 20.8s
[2026-06-07 08:19:00] === sessão concluída ===
[2026-06-07 08:19:50] === sessão iniciada — log: C:\Users\Araújo Notebook\Documents\GitHub\Intrusion-Detection-System-Using-Machine-Learning\data\pipeline_mth_ids_merged\supervised_run.log ===
[2026-06-07 08:19:50] intermediate-dir: C:\Users\Araújo Notebook\Documents\GitHub\Intrusion-Detection-System-Using-Machine-Learning\data\pipeline_mth_ids_merged
[2026-06-07 08:19:50] protocolo: paper | ramo: supervised | perfil: merged
[2026-06-07 08:19:50] fases: 1-2 (1, 2)
[2026-06-07 08:19:50] -> [fase 1 - 1/2] Carregamento e pré-processamento ...
[2026-06-07 08:19:50] >> C:\Users\Araújo Notebook\Documents\GitHub\Intrusion-Detection-System-Using-Machine-Learning\.venv\Scripts\python.exe -m mth_ids_pipeline.phases.phase01_load_preprocess --report-dir C:\Users\Araújo Notebook\Documents\GitHub\Intrusion-Detection-System-Using-Machine-Learning\data\pipeline_mth_ids_merged\phase_reports --intermediate-dir C:\Users\Araújo Notebook\Documents\GitHub\Intrusion-Detection-System-Using-Machine-Learning\data\pipeline_mth_ids_merged --input C:\Users\Araújo Notebook\Documents\GitHub\Intrusion-Detection-System-Using-Machine-Learning\data\CICIDS2017.csv
Carregando dataset: C:\Users\Araújo Notebook\Documents\GitHub\Intrusion-Detection-System-Using-Machine-Learning\data\CICIDS2017.csv
Label
BENIGN          2273097
DoS              380699
PortScan         158930
BruteForce        13835
WebAttack          2180
Bot                1966
Infiltration         36
Name: count, dtype: int64
Dataset carregado em 12.55s
Shape original: (2830743, 79)
Pré-processamento concluído. Shape final: (2830743, 79)
Salvando arquivo parquet...
Arquivo salvo em: C:\Users\Araújo Notebook\Documents\GitHub\Intrusion-Detection-System-Using-Machine-Learning\data\pipeline_mth_ids_merged\01_preprocessed.parquet
Tempo de salvamento: 5.77s
Tempo total do pipeline: 22.88s
Relatorio salvo em: C:\Users\Araújo Notebook\Documents\GitHub\Intrusion-Detection-System-Using-Machine-Learning\data\pipeline_mth_ids_merged\phase_reports\phase01_load_preprocess.json
[2026-06-07 08:20:14] OK fase 1 concluida em 24.2s
[2026-06-07 08:20:14] -> [fase 2 - 2/2] Amostragem k-means ...
[2026-06-07 08:20:14] >> C:\Users\Araújo Notebook\Documents\GitHub\Intrusion-Detection-System-Using-Machine-Learning\.venv\Scripts\python.exe -m mth_ids_pipeline.phases.phase02_sample_kmeans --report-dir C:\Users\Araújo Notebook\Documents\GitHub\Intrusion-Detection-System-Using-Machine-Learning\data\pipeline_mth_ids_merged\phase_reports --intermediate-dir C:\Users\Araújo Notebook\Documents\GitHub\Intrusion-Detection-System-Using-Machine-Learning\data\pipeline_mth_ids_merged --n-clusters 1000 --frac 0.008 --random-state 0 --minority-labels 6,1,4
Label
0    18117
3     3078
6     2180
1     1966
5     1291
2      123
4       36
Name: count, dtype: int64
Salvo: C:\Users\Araújo Notebook\Documents\GitHub\Intrusion-Detection-System-Using-Machine-Learning\data\pipeline_mth_ids_merged\02_sampled_kmeans.parquet shape=(26791, 79)
[2026-06-07 08:20:25] OK fase 2 concluida em 11.0s
[2026-06-07 08:20:25] === sessão concluída ===
[2026-06-07 08:29:06] === sessão iniciada — log: C:\Users\Araújo Notebook\Documents\GitHub\Intrusion-Detection-System-Using-Machine-Learning\data\pipeline_mth_ids_merged\supervised_run.log ===
[2026-06-07 08:29:06] intermediate-dir: C:\Users\Araújo Notebook\Documents\GitHub\Intrusion-Detection-System-Using-Machine-Learning\data\pipeline_mth_ids_merged
[2026-06-07 08:29:06] protocolo: paper | ramo: supervised | perfil: merged
[2026-06-07 08:29:06] fases: 4-6 (4, 5, 6)
[2026-06-07 08:29:06] -> [fase 4 - 1/3] Engenharia de features (IG, FCBF) ...
[2026-06-07 08:29:06] >> C:\Users\Araújo Notebook\Documents\GitHub\Intrusion-Detection-System-Using-Machine-Learning\.venv\Scripts\python.exe -m mth_ids_pipeline.phases.phase04_feature_engineering --report-dir C:\Users\Araújo Notebook\Documents\GitHub\Intrusion-Detection-System-Using-Machine-Learning\data\pipeline_mth_ids_merged\phase_reports --intermediate-dir C:\Users\Araújo Notebook\Documents\GitHub\Intrusion-Detection-System-Using-Machine-Learning\data\pipeline_mth_ids_merged --fcbf-k 20 --random-state 0 --test-size 0.2 --fcbf-scope train --scale-mode split --ig-cumulative 0.9 --cv-folds 10 --ig-hpo-calls 15 --optimize-ig
BO-GP IG: alpha=0.7863, CV acc=0.9947
Salvo: C:\Users\Araújo Notebook\Documents\GitHub\Intrusion-Detection-System-Using-Machine-Learning\data\pipeline_mth_ids_merged\04_train_after_fcbf.parquet (21432, 21)
Salvo: C:\Users\Araújo Notebook\Documents\GitHub\Intrusion-Detection-System-Using-Machine-Learning\data\pipeline_mth_ids_merged\04_test_after_fcbf.parquet (5359, 21)
Preprocessores supervisionados salvos: C:\Users\Araújo Notebook\Documents\GitHub\Intrusion-Detection-System-Using-Machine-Learning\data\pipeline_mth_ids_merged\models\supervised\manifest.json
[2026-06-07 08:34:59] OK fase 4 concluida em 5m53s
[2026-06-07 08:34:59] -> [fase 5 - 2/3] SMOTE ...
[2026-06-07 08:34:59] >> C:\Users\Araújo Notebook\Documents\GitHub\Intrusion-Detection-System-Using-Machine-Learning\.venv\Scripts\python.exe -m mth_ids_pipeline.phases.phase05_smote --report-dir C:\Users\Araújo Notebook\Documents\GitHub\Intrusion-Detection-System-Using-Machine-Learning\data\pipeline_mth_ids_merged\phase_reports --intermediate-dir C:\Users\Araújo Notebook\Documents\GitHub\Intrusion-Detection-System-Using-Machine-Learning\data\pipeline_mth_ids_merged --smote-strategy {"2": 1000, "4": 1000}
Contagem de rótulos no conjunto de treino original:
0    14493
3     2462
6     1744
1     1573
5     1033
2       98
4       29
Name: count, dtype: int64
Estratégia SMOTE (rótulo → alvo): {'2 (BruteForce)': 1000, '4 (Infiltration)': 1000}
Contagem de rótulos no conjunto de treino após SMOTE:
0    14493
3     2462
6     1744
1     1573
5     1033
2     1000
4     1000
Name: count, dtype: int64
Salvo: C:\Users\Araújo Notebook\Documents\GitHub\Intrusion-Detection-System-Using-Machine-Learning\data\pipeline_mth_ids_merged\05_train_after_smote.parquet shape=(23305, 21)
Salvo: C:\Users\Araújo Notebook\Documents\GitHub\Intrusion-Detection-System-Using-Machine-Learning\data\pipeline_mth_ids_merged\05_test_unchanged.parquet shape=(5359, 21)
Relatorio salvo em: C:\Users\Araújo Notebook\Documents\GitHub\Intrusion-Detection-System-Using-Machine-Learning\data\pipeline_mth_ids_merged\phase_reports\phase05_smote.json
[2026-06-07 08:35:03] OK fase 5 concluida em 3.6s
[2026-06-07 08:35:03] -> [fase 6 - 3/3] Modelos supervisionados + stacking ...
[2026-06-07 08:35:03] >> C:\Users\Araújo Notebook\Documents\GitHub\Intrusion-Detection-System-Using-Machine-Learning\.venv\Scripts\python.exe -m mth_ids_pipeline.phases.phase06_supervised_models --report-dir C:\Users\Araújo Notebook\Documents\GitHub\Intrusion-Detection-System-Using-Machine-Learning\data\pipeline_mth_ids_merged\phase_reports --intermediate-dir C:\Users\Araújo Notebook\Documents\GitHub\Intrusion-Detection-System-Using-Machine-Learning\data\pipeline_mth_ids_merged --no-plots --cv-folds 10 --meta-learner best-base --hpo-on-validation
C:\Users\Araújo Notebook\AppData\Local\Programs\Python\Python313\Lib\multiprocessing\queues.py:120: UserWarning: pkg_resources is deprecated as an API. See https://setuptools.pypa.io/en/latest/pkg_resources.html. The pkg_resources package is slated for removal as early as 2025-11-30. Refrain from using this package or pin to Setuptools<81.
  return _ForkingPickler.loads(res)
C:\Users\Araújo Notebook\AppData\Local\Programs\Python\Python313\Lib\multiprocessing\queues.py:120: UserWarning: pkg_resources is deprecated as an API. See https://setuptools.pypa.io/en/latest/pkg_resources.html. The pkg_resources package is slated for removal as early as 2025-11-30. Refrain from using this package or pin to Setuptools<81.
  return _ForkingPickler.loads(res)
C:\Users\Araújo Notebook\AppData\Local\Programs\Python\Python313\Lib\multiprocessing\queues.py:120: UserWarning: pkg_resources is deprecated as an API. See https://setuptools.pypa.io/en/latest/pkg_resources.html. The pkg_resources package is slated for removal as early as 2025-11-30. Refrain from using this package or pin to Setuptools<81.
  return _ForkingPickler.loads(res)
C:\Users\Araújo Notebook\AppData\Local\Programs\Python\Python313\Lib\multiprocessing\queues.py:120: UserWarning: pkg_resources is deprecated as an API. See https://setuptools.pypa.io/en/latest/pkg_resources.html. The pkg_resources package is slated for removal as early as 2025-11-30. Refrain from using this package or pin to Setuptools<81.
  return _ForkingPickler.loads(res)
C:\Users\Araújo Notebook\AppData\Local\Programs\Python\Python313\Lib\multiprocessing\queues.py:120: UserWarning: pkg_resources is deprecated as an API. See https://setuptools.pypa.io/en/latest/pkg_resources.html. The pkg_resources package is slated for removal as early as 2025-11-30. Refrain from using this package or pin to Setuptools<81.
  return _ForkingPickler.loads(res)
C:\Users\Araújo Notebook\AppData\Local\Programs\Python\Python313\Lib\multiprocessing\queues.py:120: UserWarning: pkg_resources is deprecated as an API. See https://setuptools.pypa.io/en/latest/pkg_resources.html. The pkg_resources package is slated for removal as early as 2025-11-30. Refrain from using this package or pin to Setuptools<81.
  return _ForkingPickler.loads(res)
C:\Users\Araújo Notebook\AppData\Local\Programs\Python\Python313\Lib\multiprocessing\queues.py:120: UserWarning: pkg_resources is deprecated as an API. See https://setuptools.pypa.io/en/latest/pkg_resources.html. The pkg_resources package is slated for removal as early as 2025-11-30. Refrain from using this package or pin to Setuptools<81.
  return _ForkingPickler.loads(res)
C:\Users\Araújo Notebook\AppData\Local\Programs\Python\Python313\Lib\multiprocessing\queues.py:120: UserWarning: pkg_resources is deprecated as an API. See https://setuptools.pypa.io/en/latest/pkg_resources.html. The pkg_resources package is slated for removal as early as 2025-11-30. Refrain from using this package or pin to Setuptools<81.
  return _ForkingPickler.loads(res)
C:\Users\Araújo Notebook\AppData\Local\Programs\Python\Python313\Lib\multiprocessing\queues.py:120: UserWarning: pkg_resources is deprecated as an API. See https://setuptools.pypa.io/en/latest/pkg_resources.html. The pkg_resources package is slated for removal as early as 2025-11-30. Refrain from using this package or pin to Setuptools<81.
  return _ForkingPickler.loads(res)
C:\Users\Araújo Notebook\AppData\Local\Programs\Python\Python313\Lib\multiprocessing\queues.py:120: UserWarning: pkg_resources is deprecated as an API. See https://setuptools.pypa.io/en/latest/pkg_resources.html. The pkg_resources package is slated for removal as early as 2025-11-30. Refrain from using this package or pin to Setuptools<81.
  return _ForkingPickler.loads(res)
C:\Users\Araújo Notebook\AppData\Local\Programs\Python\Python313\Lib\multiprocessing\queues.py:120: UserWarning: pkg_resources is deprecated as an API. See https://setuptools.pypa.io/en/latest/pkg_resources.html. The pkg_resources package is slated for removal as early as 2025-11-30. Refrain from using this package or pin to Setuptools<81.
  return _ForkingPickler.loads(res)
C:\Users\Araújo Notebook\AppData\Local\Programs\Python\Python313\Lib\multiprocessing\queues.py:120: UserWarning: pkg_resources is deprecated as an API. See https://setuptools.pypa.io/en/latest/pkg_resources.html. The pkg_resources package is slated for removal as early as 2025-11-30. Refrain from using this package or pin to Setuptools<81.
  return _ForkingPickler.loads(res)
HPO objetivo: acurácia média em 10-fold CV (treino)
XGBoost HPO best: {'learning_rate': np.float64(0.5138276380604987), 'max_depth': np.float64(98.0), 'n_estimators': np.float64(15.0)}

=== XGBoost (base) ===
Accuracy: 0.9960813584623996
Precision: 0.9961274121856064
Recall: 0.9960813584623996
F1: 0.9960915563811918
              precision    recall  f1-score   support

           0       1.00      1.00      1.00      3624
           1       0.99      1.00      0.99       393
           2       1.00      1.00      1.00        25
           3       1.00      0.99      1.00       616
           4       0.88      1.00      0.93         7
           5       1.00      0.99      0.99       258
           6       0.98      1.00      0.99       436

    accuracy                           1.00      5359
   macro avg       0.98      1.00      0.99      5359
weighted avg       1.00      1.00      1.00      5359

RandomForest HPO best: {'criterion': np.int64(0), 'max_depth': np.float64(23.0), 'max_features': np.float64(9.0), 'min_samples_leaf': np.float64(1.0), 'min_samples_split': np.float64(8.0), 'n_estimators': np.float64(104.0)}

=== RandomForest (HPO) ===
Accuracy: 0.9951483485724949
Precision: 0.9951590405351478
Recall: 0.9951483485724949
F1: 0.9951423699590297
              precision    recall  f1-score   support

           0       1.00      1.00      1.00      3624
           1       0.99      1.00      0.99       393
           2       1.00      1.00      1.00        25
           3       1.00      0.99      1.00       616
           4       1.00      0.86      0.92         7
           5       0.99      1.00      0.99       258
           6       0.99      0.98      0.99       436

    accuracy                           1.00      5359
   macro avg       0.99      0.98      0.98      5359
weighted avg       1.00      1.00      1.00      5359

DecisionTree HPO best: {'criterion': np.int64(1), 'max_depth': np.float64(45.0), 'max_features': np.float64(20.0), 'min_samples_leaf': np.float64(3.0), 'min_samples_split': np.float64(4.0)}

=== DecisionTree (HPO) ===
Accuracy: 0.9940287367046091
Precision: 0.9940642756088843
Recall: 0.9940287367046091
F1: 0.9940331403335044
              precision    recall  f1-score   support

           0       1.00      0.99      1.00      3624
           1       0.98      1.00      0.99       393
           2       1.00      1.00      1.00        25
           3       0.99      0.99      0.99       616
           4       1.00      1.00      1.00         7
           5       1.00      0.98      0.99       258
           6       0.98      1.00      0.99       436

    accuracy                           0.99      5359
   macro avg       0.99      0.99      0.99      5359
weighted avg       0.99      0.99      0.99      5359

ExtraTrees HPO best: {'criterion': np.int64(1), 'max_depth': np.float64(25.0), 'max_features': np.float64(18.0), 'min_samples_leaf': np.float64(5.0), 'min_samples_split': np.float64(4.0), 'n_estimators': np.float64(177.0)}

=== ExtraTrees (HPO) ===
Accuracy: 0.9927225228587423
Precision: 0.9928072392858398
Recall: 0.9927225228587423
F1: 0.9927359275803085
              precision    recall  f1-score   support

           0       1.00      0.99      1.00      3624
           1       0.98      1.00      0.99       393
           2       1.00      1.00      1.00        25
           3       1.00      0.99      0.99       616
           4       1.00      0.86      0.92         7
           5       0.99      1.00      0.99       258
           6       0.97      0.99      0.98       436

    accuracy                           0.99      5359
   macro avg       0.99      0.97      0.98      5359
weighted avg       0.99      0.99      0.99      5359


Stacking meta-learner (best-base): reutilizando 'XGBoost (base)'

=== Stacking meta (XGBoost (base)) ===
Accuracy: 0.9955215525284568
Precision: 0.9955406752634876
Recall: 0.9955215525284568
F1: 0.9955184734893714
              precision    recall  f1-score   support

           0       1.00      1.00      1.00      3624
           1       0.99      1.00      0.99       393
           2       1.00      1.00      1.00        25
           3       1.00      0.99      1.00       616
           4       1.00      0.86      0.92         7
           5       0.99      1.00      0.99       258
           6       0.98      0.99      0.99       436

    accuracy                           1.00      5359
   macro avg       0.99      0.98      0.98      5359
weighted avg       1.00      1.00      1.00      5359


10-fold CV (XGBoost (base)): mean=0.9968 ± 0.0009

10-fold CV (RandomForest (HPO)): mean=0.9949 ± 0.0009

10-fold CV (DecisionTree (HPO)): mean=0.9936 ± 0.0010

10-fold CV (ExtraTrees (HPO)): mean=0.9928 ± 0.0008

10-fold CV (Stacking meta (XGBoost (base))): mean=0.9994 ± 0.0004

Métricas salvas em: C:\Users\Araújo Notebook\Documents\GitHub\Intrusion-Detection-System-Using-Machine-Learning\data\pipeline_mth_ids_merged\06_supervised_metrics.json
Modelos supervisionados salvos em: C:\Users\Araújo Notebook\Documents\GitHub\Intrusion-Detection-System-Using-Machine-Learning\data\pipeline_mth_ids_merged\models\supervised
Relatorio salvo em: C:\Users\Araújo Notebook\Documents\GitHub\Intrusion-Detection-System-Using-Machine-Learning\data\pipeline_mth_ids_merged\phase_reports\phase06_supervised_models.json
[2026-06-07 08:42:19] OK fase 6 concluida em 7m15s
[2026-06-07 08:42:19] === sessão concluída ===
