[2026-06-10 21:19:36] === sessão iniciada — log: C:\Users\labou\projects\Intrusion-Detection-System-Using-Machine-Learning\results\logs\supervised_fine_unsw_nb15_phases1-2_20260610_211936.log ===
[2026-06-10 21:19:36] intermediate-dir: C:\Users\labou\projects\Intrusion-Detection-System-Using-Machine-Learning\data\pipeline_unsw_nb15_fine
[2026-06-10 21:19:36] protocolo: unsw_nb15 | ramo: supervised | perfil: fine
[2026-06-10 21:19:36] fases: 1-2 (1, 2)
[2026-06-10 21:19:36] -> [fase 1 - 1/2] Carregamento e pré-processamento ...
[2026-06-10 21:19:36] >> C:\Users\labou\projects\Intrusion-Detection-System-Using-Machine-Learning\venv\Scripts\python.exe -m mth_ids_pipeline.phases.phase01_load_preprocess --report-dir C:\Users\labou\projects\Intrusion-Detection-System-Using-Machine-Learning\data\pipeline_unsw_nb15_fine\phase_reports --intermediate-dir C:\Users\labou\projects\Intrusion-Detection-System-Using-Machine-Learning\data\pipeline_unsw_nb15_fine --input C:\Users\labou\projects\Intrusion-Detection-System-Using-Machine-Learning\data\UNSW-NB15_merged.csv
Carregando dataset: C:\Users\labou\projects\Intrusion-Detection-System-Using-Machine-Learning\data\UNSW-NB15_merged.csv
Label
3     2218764
7      215481
5       44525
6       24246
4       16353
8       13987
0        2677
1        1795
9        1511
2         534
10        174
Name: count, dtype: int64
Dataset carregado em 19.86s
Shape original: (2540047, 44)
Coluna 'ct_ftp_cmd' convertida para numérico (coerce) e valores não numéricos definidos como NaN
Pré-processamento concluído. Shape final: (2540047, 44)
Salvando arquivo parquet...
Arquivo salvo em: C:\Users\labou\projects\Intrusion-Detection-System-Using-Machine-Learning\data\pipeline_unsw_nb15_fine\01_preprocessed.parquet
Tempo de salvamento: 3.71s
Tempo total do pipeline: 33.16s
Relatorio salvo em: C:\Users\labou\projects\Intrusion-Detection-System-Using-Machine-Learning\data\pipeline_unsw_nb15_fine\phase_reports\phase01_load_preprocess.json
[2026-06-10 21:20:13] OK fase 1 concluida em 36.9s
[2026-06-10 21:20:13] -> [fase 2 - 2/2] Amostragem k-means ...
[2026-06-10 21:20:13] >> C:\Users\labou\projects\Intrusion-Detection-System-Using-Machine-Learning\venv\Scripts\python.exe -m mth_ids_pipeline.phases.phase02_sample_kmeans --report-dir C:\Users\labou\projects\Intrusion-Detection-System-Using-Machine-Learning\data\pipeline_unsw_nb15_fine\phase_reports --intermediate-dir C:\Users\labou\projects\Intrusion-Detection-System-Using-Machine-Learning\data\pipeline_unsw_nb15_fine --n-clusters 1000 --frac 0.008 --random-state 0 --minority-labels 0,1,2,9,10
Label
3     17745
0      2677
1      1795
7      1718
9      1511
2       534
5       368
6       180
10      174
4       128
8       112
Name: count, dtype: int64
Salvo: C:\Users\labou\projects\Intrusion-Detection-System-Using-Machine-Learning\data\pipeline_unsw_nb15_fine\02_sampled_kmeans.parquet shape=(26942, 44)
[2026-06-10 21:20:34] OK fase 2 concluida em 20.9s
[2026-06-10 21:20:34] === sessão concluída ===
