[2026-06-08 00:50:03] === sessão iniciada — log: C:\Users\Araújo Notebook\Documents\GitHub\Intrusion-Detection-System-Using-Machine-Learning\results\logs\anomaly_fine_can_paper_phases7-12_20260608_005003.log ===
[2026-06-08 00:50:03] intermediate-dir: C:\Users\Araújo Notebook\Documents\GitHub\Intrusion-Detection-System-Using-Machine-Learning\data\pipeline_can_fine
[2026-06-08 00:50:03] protocolo: can_paper | ramo: anomaly | perfil: fine
[2026-06-08 00:50:03] fases: 7-12 (7, 8, 9, 10, 11, 12)
[2026-06-08 00:50:03] -> [fase 7 - 1/6] Datasets anomaly (LOAO/global) ...
[2026-06-08 00:50:03] >> C:\Users\Araújo Notebook\Documents\GitHub\Intrusion-Detection-System-Using-Machine-Learning\.venv\Scripts\python.exe -m mth_ids_pipeline.phases.phase07_anomaly_datasets --report-dir C:\Users\Araújo Notebook\Documents\GitHub\Intrusion-Detection-System-Using-Machine-Learning\data\pipeline_can_fine\phase_reports --intermediate-dir C:\Users\Araújo Notebook\Documents\GitHub\Intrusion-Detection-System-Using-Machine-Learning\data\pipeline_can_fine

=== LOAO [fase 7 (split binário)] ===
  treino: rows=35919 labels={'0': 18211, '1': 17708}
  teste:  rows=0 labels={}
  zero-day=0 benign_test=0 regra=fase7_zero_day_only
  rótulos originais no treino (pré-binário): {'0': 18211, '3': 7924, '1': 5115, '2': 4669}
  zero-day label=5 excluído_do_treino=True
Salvo: C:\Users\Araújo Notebook\Documents\GitHub\Intrusion-Detection-System-Using-Machine-Learning\data\pipeline_can_fine\anomaly\a01_without_portscan.parquet (35919, 10), C:\Users\Araújo Notebook\Documents\GitHub\Intrusion-Detection-System-Using-Machine-Learning\data\pipeline_can_fine\anomaly\a02_portscan_only.parquet (0, 10)
Relatorio salvo em: C:\Users\Araújo Notebook\Documents\GitHub\Intrusion-Detection-System-Using-Machine-Learning\data\pipeline_can_fine\phase_reports\phase07_anomaly_datasets.json
[2026-06-08 00:50:05] OK fase 7 concluida em 1.8s
[2026-06-08 00:50:05] -> [fase 8 - 2/6] Features anomaly (IG, FCBF, KPCA) ...
[2026-06-08 00:50:05] >> C:\Users\Araújo Notebook\Documents\GitHub\Intrusion-Detection-System-Using-Machine-Learning\.venv\Scripts\python.exe -m mth_ids_pipeline.phases.phase08_anomaly_features --report-dir C:\Users\Araújo Notebook\Documents\GitHub\Intrusion-Detection-System-Using-Machine-Learning\data\pipeline_can_fine\phase_reports --intermediate-dir C:\Users\Araújo Notebook\Documents\GitHub\Intrusion-Detection-System-Using-Machine-Learning\data\pipeline_can_fine --random-state 0 --fcbf-k 20 --kpca-components 10 --kpca-kernel rbf --ig-cumulative 0.9 --feature-fit-scope combined --zscore-scope combined --cv-folds 10 --ig-hpo-calls 15 --kpca-hpo-calls 15 --optimize-ig --optimize-kpca
[1/5] [####----------------] Dados carregados (fase 7) (+0.0s)

=== LOAO [fase 8 (pré-normalização)] ===
  treino: rows=35919 labels={'0': 18211, '1': 17708}
  teste:  rows=0 labels={}
  zero-day=0 benign_test=0 regra=paper_table_ix_1_to_1
  rótulos originais no treino (pré-binário): {'0': 18211, '3': 7924, '1': 5115, '2': 4669}
  zero-day label=5 excluído_do_treino=True
Partição LOAO: treino=(35919, 10), teste=(0, 10)
features=9
[2/5] [########------------] Partição treino/teste (+0.1s)
BO-GP IG (treino LOAO): alpha=0.9448, CV acc=0.8735
BO-GP KPCA: n=20, kernel=sigmoid, CV acc=0.8678
KernelPCA: matriz kernel estimada ~4.8 GiB (35919 amostras). Feche outros programas se ocorrer MemoryError.
  [KPCA fit treino] shape=(35919, 8), n_components=20
KernelPCA: matriz kernel estimada ~4.8 GiB (35919 amostras). Feche outros programas se ocorrer MemoryError.
  [KPCA transform combinado] shape=(35919, 20)
[3/5] [############--------] Z-score (combined) + IG + FCBF + KPCA (combinado) (+1180.8s)
[4/5] [################----] Artefatos e parquets salvos (+1181.0s)
Salvo: C:\Users\Araújo Notebook\Documents\GitHub\Intrusion-Detection-System-Using-Machine-Learning\data\pipeline_can_fine\anomaly\a03_combined_normalized.parquet shape=(35919, 10)
Salvo: C:\Users\Araújo Notebook\Documents\GitHub\Intrusion-Detection-System-Using-Machine-Learning\data\pipeline_can_fine\anomaly\a04_after_kpca.parquet shape=(35919, 21)
Meta/partição: C:\Users\Araújo Notebook\Documents\GitHub\Intrusion-Detection-System-Using-Machine-Learning\data\pipeline_can_fine\anomaly\a06_test_slice.json
Relatorio salvo em: C:\Users\Araújo Notebook\Documents\GitHub\Intrusion-Detection-System-Using-Machine-Learning\data\pipeline_can_fine\phase_reports\phase08_anomaly_features.json
[5/5] [####################] Relatorio JSON (+1181.0s)
[2026-06-08 01:09:48] OK fase 8 concluida em 19m42s
[2026-06-08 01:09:48] -> [fase 9 - 3/6] CL-k-means ...
[2026-06-08 01:09:48] >> C:\Users\Araújo Notebook\Documents\GitHub\Intrusion-Detection-System-Using-Machine-Learning\.venv\Scripts\python.exe -m mth_ids_pipeline.phases.phase09_anomaly_cluster --report-dir C:\Users\Araújo Notebook\Documents\GitHub\Intrusion-Detection-System-Using-Machine-Learning\data\pipeline_can_fine\phase_reports --intermediate-dir C:\Users\Araújo Notebook\Documents\GitHub\Intrusion-Detection-System-Using-Machine-Learning\data\pipeline_can_fine --n-clusters 8 --random-state 0 --no-smote
Traceback (most recent call last):
  File "<frozen runpy>", line 198, in _run_module_as_main
  File "<frozen runpy>", line 88, in _run_code
  File "C:\Users\Araújo Notebook\Documents\GitHub\Intrusion-Detection-System-Using-Machine-Learning\mth_ids_pipeline\phases\phase09_anomaly_cluster.py", line 111, in <module>
    main()
    ~~~~^^
  File "C:\Users\Araújo Notebook\Documents\GitHub\Intrusion-Detection-System-Using-Machine-Learning\mth_ids_pipeline\phases\phase09_anomaly_cluster.py", line 79, in main
    pred, acc = cl_kmeans(
                ~~~~~~~~~^
        X_train, X_test, y_train, y_test,
        ^^^^^^^^^^^^^^^^^^^^^^^^^^^^^^^^^
        n_clusters=args.n_clusters,
        ^^^^^^^^^^^^^^^^^^^^^^^^^^^
        random_state=args.random_state,
        ^^^^^^^^^^^^^^^^^^^^^^^^^^^^^^^
    )
    ^
  File "C:\Users\Araújo Notebook\Documents\GitHub\Intrusion-Detection-System-Using-Machine-Learning\mth_ids_pipeline\core\clustering.py", line 320, in cl_kmeans
    res = cl_kmeans_fit_predict(
        X_train,
    ...<6 lines>...
        metric=metric,
    )
  File "C:\Users\Araújo Notebook\Documents\GitHub\Intrusion-Detection-System-Using-Machine-Learning\mth_ids_pipeline\core\clustering.py", line 260, in cl_kmeans_fit_predict
    train_labels, test_labels, model = _fit_predict_clusters(
                                       ~~~~~~~~~~~~~~~~~~~~~^
        X_train,
        ^^^^^^^^
    ...<4 lines>...
        metric=metric,
        ^^^^^^^^^^^^^^
    )
    ^
  File "C:\Users\Araújo Notebook\Documents\GitHub\Intrusion-Detection-System-Using-Machine-Learning\mth_ids_pipeline\core\clustering.py", line 185, in _fit_predict_clusters
    test_labels = km.predict(X_test)
  File "C:\Users\Araújo Notebook\Documents\GitHub\Intrusion-Detection-System-Using-Machine-Learning\.venv\Lib\site-packages\sklearn\cluster\_kmeans.py", line 1091, in predict
    X = self._check_test_data(X)
  File "C:\Users\Araújo Notebook\Documents\GitHub\Intrusion-Detection-System-Using-Machine-Learning\.venv\Lib\site-packages\sklearn\cluster\_kmeans.py", line 950, in _check_test_data
    X = validate_data(
        self,
    ...<5 lines>...
        accept_large_sparse=False,
    )
  File "C:\Users\Araújo Notebook\Documents\GitHub\Intrusion-Detection-System-Using-Machine-Learning\.venv\Lib\site-packages\sklearn\utils\validation.py", line 2902, in validate_data
    out = check_array(X, input_name="X", **check_params)
  File "C:\Users\Araújo Notebook\Documents\GitHub\Intrusion-Detection-System-Using-Machine-Learning\.venv\Lib\site-packages\sklearn\utils\validation.py", line 1097, in check_array
    raise ValueError(
    ...<3 lines>...
    )
ValueError: Found array with 0 sample(s) (shape=(0, 20)) while a minimum of 1 is required by MiniBatchKMeans.
Partição KPCA: treino=(35919, 20) labels={'0': 18211, '1': 17708} | teste=(0, 20) labels={}
Salvo treino pós-SMOTE: C:\Users\Araújo Notebook\Documents\GitHub\Intrusion-Detection-System-Using-Machine-Learning\data\pipeline_can_fine\anomaly\a05_train_after_smote.parquet
[2026-06-08 01:09:53] === sessão encerrada com erro: CalledProcessError: Command '['C:\\Users\\Araújo Notebook\\Documents\\GitHub\\Intrusion-Detection-System-Using-Machine-Learning\\.venv\\Scripts\\python.exe', '-m', 'mth_ids_pipeline.phases.phase09_anomaly_cluster', '--report-dir', 'C:\\Users\\Araújo Notebook\\Documents\\GitHub\\Intrusion-Detection-System-Using-Machine-Learning\\data\\pipeline_can_fine\\phase_reports', '--intermediate-dir', 'C:\\Users\\Araújo Notebook\\Documents\\GitHub\\Intrusion-Detection-System-Using-Machine-Learning\\data\\pipeline_can_fine', '--n-clusters', '8', '--random-state', '0', '--no-smote']' returned non-zero exit status 1. ===
