[2026-06-08 00:37:40] === sessão iniciada — log: C:\Users\Araújo Notebook\Documents\GitHub\Intrusion-Detection-System-Using-Machine-Learning\results\logs\global_anomaly_can_20260608_003740.log ===
[2026-06-08 00:37:40] intermediate-dir: C:\Users\Araújo Notebook\Documents\GitHub\Intrusion-Detection-System-Using-Machine-Learning\data\pipeline_can_merged
[2026-06-08 00:37:40] work-dir: C:\Users\Araújo Notebook\Documents\GitHub\Intrusion-Detection-System-Using-Machine-Learning\data\pipeline_can_merged\anomaly\global
[2026-06-08 00:37:40] protocol: can | fases: 7-11
[2026-06-08 00:37:40] -> fase 7 (mth_ids_pipeline.phases.phase07_anomaly_datasets) ...
[2026-06-08 00:37:40] >> C:\Users\Araújo Notebook\Documents\GitHub\Intrusion-Detection-System-Using-Machine-Learning\.venv\Scripts\python.exe -m mth_ids_pipeline.phases.phase07_anomaly_datasets --intermediate-dir C:\Users\Araújo Notebook\Documents\GitHub\Intrusion-Detection-System-Using-Machine-Learning\data\pipeline_can_merged --report-dir C:\Users\Araújo Notebook\Documents\GitHub\Intrusion-Detection-System-Using-Machine-Learning\data\pipeline_can_merged\phase_reports --work-dir C:\Users\Araújo Notebook\Documents\GitHub\Intrusion-Detection-System-Using-Machine-Learning\data\pipeline_can_merged\anomaly\global --random-state 0 --mode global --test-size 0.2
Modo global (Tabela X): treino=(28735, 10), hold-out reservado=7184 linhas (fase 13)

=== LOAO [fase 7 (global binário)] ===
  treino: rows=28735 labels={'0': 14569, '1': 14166}
  teste:  rows=0 labels={}
  zero-day=0 benign_test=0 regra=none_holdout_reserved
  rótulos originais no treino (pré-binário): {'0': 14569, '3': 6339, '1': 4092, '2': 3735}
Salvo: C:\Users\Araújo Notebook\Documents\GitHub\Intrusion-Detection-System-Using-Machine-Learning\data\pipeline_can_merged\anomaly\global\a01_without_portscan.parquet (28735, 10), C:\Users\Araújo Notebook\Documents\GitHub\Intrusion-Detection-System-Using-Machine-Learning\data\pipeline_can_merged\anomaly\global\a02_portscan_only.parquet (0, 10)
Relatorio salvo em: C:\Users\Araújo Notebook\Documents\GitHub\Intrusion-Detection-System-Using-Machine-Learning\data\pipeline_can_merged\phase_reports\phase07_anomaly_datasets.json
[2026-06-08 00:37:42] -> fase 8 (mth_ids_pipeline.phases.phase08_anomaly_features) ...
[2026-06-08 00:37:42] >> C:\Users\Araújo Notebook\Documents\GitHub\Intrusion-Detection-System-Using-Machine-Learning\.venv\Scripts\python.exe -m mth_ids_pipeline.phases.phase08_anomaly_features --intermediate-dir C:\Users\Araújo Notebook\Documents\GitHub\Intrusion-Detection-System-Using-Machine-Learning\data\pipeline_can_merged --report-dir C:\Users\Araújo Notebook\Documents\GitHub\Intrusion-Detection-System-Using-Machine-Learning\data\pipeline_can_merged\phase_reports --work-dir C:\Users\Araújo Notebook\Documents\GitHub\Intrusion-Detection-System-Using-Machine-Learning\data\pipeline_can_merged\anomaly\global --random-state 0 --feature-fit-scope train --fcbf-k 20 --kpca-components 10 --kpca-kernel rbf --ig-cumulative 0.9 --zscore-scope combined --optimize-ig --optimize-kpca
[1/6] [###-----------------] Dados carregados (fase 7) (+0.0s)

=== LOAO [fase 8 (global — pré-normalização)] ===
  treino: rows=28735 labels={'0': 14569, '1': 14166}
  teste:  rows=0 labels={}
  zero-day=0 benign_test=0 regra=none_holdout_reserved
  rótulos originais no treino (pré-binário): {'0': 14569, '3': 6339, '1': 4092, '2': 3735}
Partição global (Tabela X): treino=(28735, 10), teste interno vazio (hold-out na fase 13)
features=9
[2/6] [######--------------] Partição treino/teste (+0.1s)
  [Z-score (fit treino)] shape=(28735, 9)
  [IG 90% (8 feats)] shape=(28735, 8)
  [FCBF k=20] shape=(28735, 8)
  [Tabela X] teste interno vazio — transform teste omitido (hold-out na fase 13)
[3/6] [##########----------] Z-score + IG + FCBF (fit treino, transform teste) (+1.5s)
KernelPCA: matriz kernel estimada ~3.1 GiB (28735 amostras). Feche outros programas se ocorrer MemoryError.
  [KPCA fit treino] shape=(28735, 8), n_components=20
KernelPCA: matriz kernel estimada ~3.1 GiB (28735 amostras). Feche outros programas se ocorrer MemoryError.
  [KPCA transform treino] shape=(28735, 20)
[4/6] [#############-------] KPCA (fit treino, transform teste) (+610.3s)
[5/6] [################----] Artefatos e parquets salvos (+610.4s)
Salvo: C:\Users\Araújo Notebook\Documents\GitHub\Intrusion-Detection-System-Using-Machine-Learning\data\pipeline_can_merged\anomaly\global\a03_combined_normalized.parquet shape=(28735, 10)
Salvo: C:\Users\Araújo Notebook\Documents\GitHub\Intrusion-Detection-System-Using-Machine-Learning\data\pipeline_can_merged\anomaly\global\a04_after_kpca.parquet shape=(28735, 21)
Meta/partição: C:\Users\Araújo Notebook\Documents\GitHub\Intrusion-Detection-System-Using-Machine-Learning\data\pipeline_can_merged\anomaly\global\a06_test_slice.json
Relatorio salvo em: C:\Users\Araújo Notebook\Documents\GitHub\Intrusion-Detection-System-Using-Machine-Learning\data\pipeline_can_merged\phase_reports\phase08_anomaly_features.json
[6/6] [####################] Relatorio JSON (+610.4s)
[2026-06-08 00:47:55] -> fase 9 (mth_ids_pipeline.phases.phase09_anomaly_cluster) ...
[2026-06-08 00:47:55] >> C:\Users\Araújo Notebook\Documents\GitHub\Intrusion-Detection-System-Using-Machine-Learning\.venv\Scripts\python.exe -m mth_ids_pipeline.phases.phase09_anomaly_cluster --intermediate-dir C:\Users\Araújo Notebook\Documents\GitHub\Intrusion-Detection-System-Using-Machine-Learning\data\pipeline_can_merged --report-dir C:\Users\Araújo Notebook\Documents\GitHub\Intrusion-Detection-System-Using-Machine-Learning\data\pipeline_can_merged\phase_reports --work-dir C:\Users\Araújo Notebook\Documents\GitHub\Intrusion-Detection-System-Using-Machine-Learning\data\pipeline_can_merged\anomaly\global --random-state 0 --n-clusters 8 --no-smote
Modo global (Tabela X): validação interna 20% do treino para fases 9–11 (hold-out 20% reservado à fase 13).
Partição KPCA: treino=(22988, 20) labels={'0': 11655, '1': 11333} | validação interna=(5747, 20) labels={'0': 2914, '1': 2833}
Salvo treino pós-SMOTE: C:\Users\Araújo Notebook\Documents\GitHub\Intrusion-Detection-System-Using-Machine-Learning\data\pipeline_can_merged\anomaly\global\a05_train_after_smote.parquet
              precision    recall  f1-score   support

           0       0.57      0.63      0.60      2914
           1       0.57      0.50      0.53      2833

    accuracy                           0.57      5747
   macro avg       0.57      0.57      0.57      5747
weighted avg       0.57      0.57      0.57      5747

Accuracy: 0.5682965025230555
CM:
 [[1841 1073]
 [1408 1425]]
Relatorio salvo em: C:\Users\Araújo Notebook\Documents\GitHub\Intrusion-Detection-System-Using-Machine-Learning\data\pipeline_can_merged\phase_reports\phase09_anomaly_cluster.json
[2026-06-08 00:48:00] -> fase 10 (mth_ids_pipeline.phases.phase10_anomaly_cluster_hpo) ...
[2026-06-08 00:48:00] >> C:\Users\Araújo Notebook\Documents\GitHub\Intrusion-Detection-System-Using-Machine-Learning\.venv\Scripts\python.exe -m mth_ids_pipeline.phases.phase10_anomaly_cluster_hpo --intermediate-dir C:\Users\Araújo Notebook\Documents\GitHub\Intrusion-Detection-System-Using-Machine-Learning\data\pipeline_can_merged --report-dir C:\Users\Araújo Notebook\Documents\GitHub\Intrusion-Detection-System-Using-Machine-Learning\data\pipeline_can_merged\phase_reports --work-dir C:\Users\Araújo Notebook\Documents\GitHub\Intrusion-Detection-System-Using-Machine-Learning\data\pipeline_can_merged\anomaly\global --random-state 0 --n-calls 15 --hpo-metric f1 --metrics euclidean,manhattan,cosine,mahalanobis --no-smote
Modo global (Tabela X): validação interna 20% do treino para fases 9–11 (hold-out 20% reservado à fase 13).
Partição KPCA: treino=(22988, 20) labels={'0': 11655, '1': 11333} | validação interna=(5747, 20) labels={'0': 2914, '1': 2833}
Baseline CL-k-means (n=8, metric=euclidean): f1=0.5346
  trial n=30, metric=mahalanobis: f1=0.4597
  trial n=43, metric=mahalanobis: f1=0.4509
  trial n=32, metric=manhattan: f1=0.4474
  trial n=16, metric=euclidean: f1=0.5032
  trial n=15, metric=manhattan: f1=0.4985
  trial n=41, metric=manhattan: f1=0.5071
  trial n=21, metric=mahalanobis: f1=0.5102
  trial n=18, metric=cosine: f1=0.4788
  trial n=20, metric=mahalanobis: f1=0.3696
  trial n=9, metric=mahalanobis: f1=0.4963
  trial n=19, metric=euclidean: f1=0.5242
  trial n=50, metric=euclidean: f1=0.4933
  trial n=2, metric=euclidean: f1=0.0000
  trial n=2, metric=mahalanobis: f1=0.0000
  trial n=18, metric=euclidean: f1=0.5427
Melhor n_clusters=18, metric=euclidean, f1=0.5427
Avaliação final n=18, metric=euclidean: f1=0.5427
Partição LOAO (fase 10): treino=(22988, 20) labels={'0': 11655, '1': 11333} | teste=(5747, 20) labels={'0': 2914, '1': 2833}
Relatório salvo em: C:\Users\Araújo Notebook\Documents\GitHub\Intrusion-Detection-System-Using-Machine-Learning\data\pipeline_can_merged\phase_reports\phase10_anomaly_cluster_hpo.json
[2026-06-08 00:48:15] -> fase 11 (mth_ids_pipeline.phases.phase11_anomaly_biased) ...
[2026-06-08 00:48:15] >> C:\Users\Araújo Notebook\Documents\GitHub\Intrusion-Detection-System-Using-Machine-Learning\.venv\Scripts\python.exe -m mth_ids_pipeline.phases.phase11_anomaly_biased --intermediate-dir C:\Users\Araújo Notebook\Documents\GitHub\Intrusion-Detection-System-Using-Machine-Learning\data\pipeline_can_merged --report-dir C:\Users\Araújo Notebook\Documents\GitHub\Intrusion-Detection-System-Using-Machine-Learning\data\pipeline_can_merged\phase_reports --work-dir C:\Users\Araújo Notebook\Documents\GitHub\Intrusion-Detection-System-Using-Machine-Learning\data\pipeline_can_merged\anomaly\global --random-state 0 --p-star 0.933 --biased-mode both --no-smote --force-biased --optimize-p-star --p-star-n-calls 15
k automático da fase 10: 18
metric automática da fase 10: euclidean
Biased learners: família de 'RandomForest (HPO)'
Modo global (Tabela X): validação interna 20% do treino para fases 9–11 (hold-out 20% reservado à fase 13).
Partição KPCA: treino=(22988, 20) labels={'0': 11655, '1': 11333} | validação interna=(5747, 20) labels={'0': 2914, '1': 2833}
Partição LOAO (fase 11): treino=(22988, 20) labels={'0': 11655, '1': 11333} | teste=(5747, 20) labels={'0': 2914, '1': 2833}
CL-k-means (n=18, metric=euclidean): accuracy=0.5965
              precision    recall  f1-score   support

           0       0.58      0.70      0.64      2914
           1       0.61      0.49      0.54      2833

    accuracy                           0.60      5747
   macro avg       0.60      0.59      0.59      5747
weighted avg       0.60      0.60      0.59      5747

DR=0.4857 FAR=0.2958 F1=0.5427

Modo biased selecionado: both
BO-GP p*: melhor=0.7905, F1=0.8368

MTH-IDS anomaly (biased mode=both, p*=0.790493862930259):
              precision    recall  f1-score   support

           0       0.87      0.78      0.82      2914
           1       0.79      0.88      0.84      2833

    accuracy                           0.83      5747
   macro avg       0.83      0.83      0.83      5747
weighted avg       0.83      0.83      0.83      5747

Acc=0.8300 DR=0.8842 FAR=0.2227 F1=0.8368
CM:
 [[2265  649]
 [ 328 2505]]
Relatório salvo em: C:\Users\Araújo Notebook\Documents\GitHub\Intrusion-Detection-System-Using-Machine-Learning\data\pipeline_can_merged\phase_reports\phase11_anomaly_biased.json
Persistência global: CL-k-means no treino completo (22988, 20)
Persistência global: B1/B2 re-treinados no treino completo
Modelos anomaly salvos em: C:\Users\Araújo Notebook\Documents\GitHub\Intrusion-Detection-System-Using-Machine-Learning\data\pipeline_can_merged\anomaly\global\models\anomaly
[2026-06-08 00:48:31] === sessão concluída ===
