[2026-06-10 22:50:06] === sessão iniciada — log: C:\Users\labou\projects\Intrusion-Detection-System-Using-Machine-Learning\data\pipeline_unsw_nb15_fine\anomaly\loao\attack_6\loao_run.log ===
[2026-06-10 22:50:06] intermediate-dir: C:\Users\labou\projects\Intrusion-Detection-System-Using-Machine-Learning\data\pipeline_unsw_nb15_fine
[2026-06-10 22:50:06] amostra: C:\Users\labou\projects\Intrusion-Detection-System-Using-Machine-Learning\data\pipeline_unsw_nb15_fine\02_sampled_kmeans.parquet
[2026-06-10 22:50:06] output-root: C:\Users\labou\projects\Intrusion-Detection-System-Using-Machine-Learning\data\pipeline_unsw_nb15_fine\anomaly\loao
[2026-06-10 22:50:06] [LOAO 6/10] zero-day: Fuzzers (Label=6) | decorrido global 37m16s
[2026-06-10 22:50:06]   -> [fase 7 - 1/5] Partição binária LOAO ...
[2026-06-10 22:50:06] >> C:\Users\labou\projects\Intrusion-Detection-System-Using-Machine-Learning\venv\Scripts\python.exe -m mth_ids_pipeline.phases.phase07_anomaly_datasets --intermediate-dir C:\Users\labou\projects\Intrusion-Detection-System-Using-Machine-Learning\data\pipeline_unsw_nb15_fine --report-dir C:\Users\labou\projects\Intrusion-Detection-System-Using-Machine-Learning\data\pipeline_unsw_nb15_fine\anomaly\loao\attack_6\reports --work-dir C:\Users\labou\projects\Intrusion-Detection-System-Using-Machine-Learning\data\pipeline_unsw_nb15_fine\anomaly\loao\attack_6 --attack-label 6

=== LOAO [fase 7 (split binário)] ===
  treino: rows=26762 labels={'0': 17745, '1': 9017}
  teste:  rows=180 labels={'1': 180}
  zero-day=180 benign_test=0 regra=fase7_zero_day_only
  benign_label=3
  rótulos originais no treino (pré-binário): {'3': 17745, '0': 2677, '1': 1795, '7': 1718, '9': 1511, '2': 534, '5': 368, '10': 174, '4': 128, '8': 112}
  zero-day label=6 excluído_do_treino=True
Salvo: C:\Users\labou\projects\Intrusion-Detection-System-Using-Machine-Learning\data\pipeline_unsw_nb15_fine\anomaly\loao\attack_6\a01_without_portscan.parquet (26762, 44), C:\Users\labou\projects\Intrusion-Detection-System-Using-Machine-Learning\data\pipeline_unsw_nb15_fine\anomaly\loao\attack_6\a02_portscan_only.parquet (180, 44)
Relatorio salvo em: C:\Users\labou\projects\Intrusion-Detection-System-Using-Machine-Learning\data\pipeline_unsw_nb15_fine\anomaly\loao\attack_6\reports\phase07_anomaly_datasets.json
[2026-06-10 22:50:08]   OK fase 7 concluida em 2.0s
[2026-06-10 22:50:08]   -> [fase 8 - 2/5] Features (Z-score, IG, FCBF, KPCA) ...
[2026-06-10 22:50:08] >> C:\Users\labou\projects\Intrusion-Detection-System-Using-Machine-Learning\venv\Scripts\python.exe -m mth_ids_pipeline.phases.phase08_anomaly_features --intermediate-dir C:\Users\labou\projects\Intrusion-Detection-System-Using-Machine-Learning\data\pipeline_unsw_nb15_fine --report-dir C:\Users\labou\projects\Intrusion-Detection-System-Using-Machine-Learning\data\pipeline_unsw_nb15_fine\anomaly\loao\attack_6\reports --work-dir C:\Users\labou\projects\Intrusion-Detection-System-Using-Machine-Learning\data\pipeline_unsw_nb15_fine\anomaly\loao\attack_6 --random-state 0 --feature-fit-scope combined --zscore-scope combined --fcbf-k 20 --kpca-components 10 --kpca-kernel rbf --ig-cumulative 0.9 --cv-folds 10 --ig-hpo-calls 15 --kpca-hpo-calls 15 --optimize-ig --optimize-kpca
[1/5] [####----------------] Dados carregados (fase 7) (+0.1s)

=== LOAO [fase 8 (pré-normalização)] ===
  treino: rows=26762 labels={'0': 17745, '1': 9017}
  teste:  rows=360 labels={'1': 180, '0': 180}
  zero-day=180 benign_test=180 regra=paper_table_ix_1_to_1
  benign_label=0
  rótulos originais no treino (pré-binário): {'3': 17745, '0': 2677, '1': 1795, '7': 1718, '9': 1511, '2': 534, '5': 368, '10': 174, '4': 128, '8': 112}
  zero-day label=6 excluído_do_treino=True
Partição LOAO: treino=(26762, 44), teste=(360, 44)
features=43
[2/5] [########------------] Partição treino/teste (+0.1s)
BO-GP IG (treino LOAO): alpha=0.9900, CV acc=0.9978
  [PCA] --optimize-kpca ignorado: KPCA foi substituido por PCA linear.
  [PCA fit treino] shape=(27122, 20), n_components=10
  [PCA transform combinado] shape=(27122, 10)
[3/5] [############--------] Z-score (combined) + IG + FCBF + PCA (combinado) (+350.6s)
[4/5] [################----] Artefatos e parquets salvos (+350.6s)
Salvo: C:\Users\labou\projects\Intrusion-Detection-System-Using-Machine-Learning\data\pipeline_unsw_nb15_fine\anomaly\loao\attack_6\a03_combined_normalized.parquet shape=(27122, 44)
Salvo: C:\Users\labou\projects\Intrusion-Detection-System-Using-Machine-Learning\data\pipeline_unsw_nb15_fine\anomaly\loao\attack_6\a04_after_kpca.parquet shape=(27122, 11)
Meta/partição: C:\Users\labou\projects\Intrusion-Detection-System-Using-Machine-Learning\data\pipeline_unsw_nb15_fine\anomaly\loao\attack_6\a06_test_slice.json
Relatorio salvo em: C:\Users\labou\projects\Intrusion-Detection-System-Using-Machine-Learning\data\pipeline_unsw_nb15_fine\anomaly\loao\attack_6\reports\phase08_anomaly_features.json
[5/5] [####################] Relatorio JSON (+350.6s)
[2026-06-10 22:56:01]   OK fase 8 concluida em 5m52s
[2026-06-10 22:56:01]   -> [fase 9 - 3/5] SMOTE + CL-k-means inicial ...
[2026-06-10 22:56:01] >> C:\Users\labou\projects\Intrusion-Detection-System-Using-Machine-Learning\venv\Scripts\python.exe -m mth_ids_pipeline.phases.phase09_anomaly_cluster --intermediate-dir C:\Users\labou\projects\Intrusion-Detection-System-Using-Machine-Learning\data\pipeline_unsw_nb15_fine --report-dir C:\Users\labou\projects\Intrusion-Detection-System-Using-Machine-Learning\data\pipeline_unsw_nb15_fine\anomaly\loao\attack_6\reports --work-dir C:\Users\labou\projects\Intrusion-Detection-System-Using-Machine-Learning\data\pipeline_unsw_nb15_fine\anomaly\loao\attack_6 --random-state 0
Partição KPCA: treino=(26762, 10) labels={'0': 17745, '1': 9017} | teste=(360, 10) labels={'1': 180, '0': 180}
SMOTE notebook: classe 1 -> 17745 (alvo = n benignos no treino)
Salvo treino pós-SMOTE: C:\Users\labou\projects\Intrusion-Detection-System-Using-Machine-Learning\data\pipeline_unsw_nb15_fine\anomaly\loao\attack_6\a05_train_after_smote.parquet
              precision    recall  f1-score   support

           0       0.90      0.94      0.92       180
           1       0.94      0.89      0.92       180

    accuracy                           0.92       360
   macro avg       0.92      0.92      0.92       360
weighted avg       0.92      0.92      0.92       360

Accuracy: 0.9194444444444444
CM:
 [[170  10]
 [ 19 161]]
Relatorio salvo em: C:\Users\labou\projects\Intrusion-Detection-System-Using-Machine-Learning\data\pipeline_unsw_nb15_fine\anomaly\loao\attack_6\reports\phase09_anomaly_cluster.json
[2026-06-10 22:56:05]   OK fase 9 concluida em 4.0s
[2026-06-10 22:56:05]   -> [fase 10 - 4/5] BO-GP n_clusters ...
[2026-06-10 22:56:05] >> C:\Users\labou\projects\Intrusion-Detection-System-Using-Machine-Learning\venv\Scripts\python.exe -m mth_ids_pipeline.phases.phase10_anomaly_cluster_hpo --intermediate-dir C:\Users\labou\projects\Intrusion-Detection-System-Using-Machine-Learning\data\pipeline_unsw_nb15_fine --report-dir C:\Users\labou\projects\Intrusion-Detection-System-Using-Machine-Learning\data\pipeline_unsw_nb15_fine\anomaly\loao\attack_6\reports --work-dir C:\Users\labou\projects\Intrusion-Detection-System-Using-Machine-Learning\data\pipeline_unsw_nb15_fine\anomaly\loao\attack_6 --random-state 0 --n-calls 15 --hpo-metric f1 --metrics euclidean,manhattan,cosine,mahalanobis
Partição KPCA: treino=(26762, 10) labels={'0': 17745, '1': 9017} | teste=(360, 10) labels={'1': 180, '0': 180}
Baseline CL-k-means (n=8, metric=euclidean): f1=0.9174
  trial n=30, metric=mahalanobis: f1=0.8850
  trial n=43, metric=mahalanobis: f1=0.9217
  trial n=32, metric=manhattan: f1=0.9375
  trial n=16, metric=euclidean: f1=0.9345
  trial n=15, metric=manhattan: f1=0.9284
  trial n=41, metric=manhattan: f1=0.9314
  trial n=21, metric=mahalanobis: f1=0.9371
  trial n=18, metric=cosine: f1=0.8615
  trial n=20, metric=mahalanobis: f1=0.8683
  trial n=9, metric=mahalanobis: f1=0.8960
  trial n=50, metric=euclidean: f1=0.9609
  trial n=2, metric=euclidean: f1=0.5217
  trial n=25, metric=euclidean: f1=0.9371
  trial n=36, metric=euclidean: f1=0.9462
  trial n=47, metric=cosine: f1=0.9836
Melhor n_clusters=47, metric=cosine, f1=0.9836
Avaliação final n=47, metric=cosine: f1=0.9836
Partição LOAO (fase 10): treino=(35490, 10) labels={'0': 17745, '1': 17745} | teste=(360, 10) labels={'1': 180, '0': 180}
Relatório salvo em: C:\Users\labou\projects\Intrusion-Detection-System-Using-Machine-Learning\data\pipeline_unsw_nb15_fine\anomaly\loao\attack_6\reports\phase10_anomaly_cluster_hpo.json
[2026-06-10 22:56:25]   OK fase 10 concluida em 19.7s
[2026-06-10 22:56:25]   -> [fase 11 - 5/5] Biased B1/B2 ...
[2026-06-10 22:56:25] >> C:\Users\labou\projects\Intrusion-Detection-System-Using-Machine-Learning\venv\Scripts\python.exe -m mth_ids_pipeline.phases.phase11_anomaly_biased --intermediate-dir C:\Users\labou\projects\Intrusion-Detection-System-Using-Machine-Learning\data\pipeline_unsw_nb15_fine --report-dir C:\Users\labou\projects\Intrusion-Detection-System-Using-Machine-Learning\data\pipeline_unsw_nb15_fine\anomaly\loao\attack_6\reports --work-dir C:\Users\labou\projects\Intrusion-Detection-System-Using-Machine-Learning\data\pipeline_unsw_nb15_fine\anomaly\loao\attack_6 --random-state 0 --biased-mode both --force-biased --optimize-p-star --p-star-n-calls 15
k automático da fase 10: 47
metric automática da fase 10: cosine
Biased learners: família de 'RandomForest (HPO)'
Partição KPCA: treino=(26762, 10) labels={'0': 17745, '1': 9017} | teste=(360, 10) labels={'1': 180, '0': 180}
Partição LOAO (fase 11): treino=(35490, 10) labels={'0': 17745, '1': 17745} | teste=(360, 10) labels={'1': 180, '0': 180}
CL-k-means (n=47, metric=cosine): accuracy=0.9833
              precision    recall  f1-score   support

           0       1.00      0.97      0.98       180
           1       0.97      1.00      0.98       180

    accuracy                           0.98       360
   macro avg       0.98      0.98      0.98       360
weighted avg       0.98      0.98      0.98       360

DR=1.0000 FAR=0.0333 F1=0.9836

Modo biased selecionado: both
BO-GP p*: melhor=0.5278, F1=0.9836

MTH-IDS anomaly (biased mode=both, p*=0.5277893588855471):
              precision    recall  f1-score   support

           0       1.00      0.97      0.98       180
           1       0.97      1.00      0.98       180

    accuracy                           0.98       360
   macro avg       0.98      0.98      0.98       360
weighted avg       0.98      0.98      0.98       360

Acc=0.9833 DR=1.0000 FAR=0.0333 F1=0.9836
CM:
 [[174   6]
 [  0 180]]
Relatório salvo em: C:\Users\labou\projects\Intrusion-Detection-System-Using-Machine-Learning\data\pipeline_unsw_nb15_fine\anomaly\loao\attack_6\reports\phase11_anomaly_biased.json
Modelos anomaly salvos em: C:\Users\labou\projects\Intrusion-Detection-System-Using-Machine-Learning\data\pipeline_unsw_nb15_fine\anomaly\loao\attack_6\models\anomaly
[2026-06-10 22:56:33]   OK fase 11 concluida em 7.9s
[2026-06-10 22:56:33] Resultado - DR=1.0000, FAR=0.0333, F1=0.9836 | rodada 6m26s | restam 4 nesta execucao
[2026-06-10 22:56:33] === sessão concluída ===
